Microchip MPLAB XC8 Compiler V2.32

Linker command line:

-W-3 --edf=C:\Program Files\Microchip\xc8\v2.32\pic\dat\en_msgs.txt -cn \
  -h+dist/default/production\VL53L0XMK2v11.1.0.X.production.sym \
  --cmf=dist/default/production\VL53L0XMK2v11.1.0.X.production.cmf -z \
  -Q18F46K20 -oC:\Users\Torben\AppData\Local\Temp\xcAsb2g.4 \
  --defsym=__MPLAB_BUILD=1 \
  -Mdist/default/production/VL53L0XMK2v11.1.0.X.production.map -E1 \
  -ver=XC8 Compiler --acfsm=1493 -ASTACK=017Ch-0F5Fh -pstack=STACK \
  -ACODE=00h-0FFFFh -ACONST=00h-0FFFFh -ASMALLCONST=01000h-010FFhx240 \
  -AMEDIUMCONST=01000h-0FFFFh -ACOMRAM=01h-05Fh -AABS1=00h-0F5Fh \
  -ABIGRAM=01h-0F5Fh -ARAM=060h-0FFh,0100h-01FFhx14,0F00h-0F5Fh \
  -ABANK0=060h-0FFh -ABANK1=0100h-01FFh -ABANK2=0200h-02FFh \
  -ABANK3=0300h-03FFh -ABANK4=0400h-04FFh -ABANK5=0500h-05FFh \
  -ABANK6=0600h-06FFh -ABANK7=0700h-07FFh -ABANK8=0800h-08FFh \
  -ABANK9=0900h-09FFh -ABANK10=0A00h-0AFFh -ABANK11=0B00h-0BFFh \
  -ABANK12=0C00h-0CFFh -ABANK13=0D00h-0DFFh -ABANK14=0E00h-0EFFh \
  -ABANK15=0F00h-0F5Fh -ASFR=0F60h-0FFFh -ACONFIG=0300000h-030000Dh \
  -AIDLOC=0200000h-0200007h -AEEDATA=0F00000h-0F003FFh -peeprom_data=EEDATA \
  -preset_vec=00h,intcode=08h,intcodelo,powerup,init -pramtop=01000h \
  -psmallconst=SMALLCONST -pmediumconst=MEDIUMCONST -pconst=CONST \
  -AFARRAM=00h-00h \
  -prdata=COMRAM,nvrram=COMRAM,nvbit=COMRAM,rbss=COMRAM,rbit=COMRAM \
  -pfarbss=FARRAM,fardata=FARRAM,nvFARRAM=FARRAM \
  -pintsave_regs=BIGRAM,bigbss=BIGRAM,bigdata=BIGRAM -pbss=RAM \
  -pidata=CODE,irdata=CODE,ibigdata=CODE,ifardata=CODE -prparam=COMRAM \
  C:\Users\Torben\AppData\Local\Temp\xcAsb2g.o \
  dist/default/production\VL53L0XMK2v11.1.0.X.production.o 

Object code version is 3.11

Machine type is 18F46K20



                Name                               Link     Load   Length Selector   Space Scale
C:\Users\Torben\AppData\Local\Temp\xcAsb2g.o
                idloc                            200000   200000        8        0       5
                config                           300000   300000        E        0       4
                init                                 B0       B0        4        4       0
                reset_vec                             0        0        4        0       0
dist/default/production\VL53L0XMK2v11.1.0.X.production.o
                intcode                               8        8       A8        4       0
                idloc                            200000   200000        8        0       5
                config                           300000   300000        E        0       4
                temp                                 5B       5B        1        1       1
                smallconst                         1000     1000       52      800       0
                text105                            667C     667C       2A      829       0
                text104                            689A     689A        6      829       0
                text103                            68D0     68D0        2      829       0
                text102                            6894     6894        6      829       0
                text101                            58F0     58F0       C0      829       0
                text100                            63B8     63B8       42      829       0
                text98                             682E     682E        A      829       0
                text97                             6824     6824        A      829       0
                text96                             681A     681A        A      829       0
                text95                             6810     6810        A      829       0
                text94                             6806     6806        A      829       0
                text93                             5E50     5E50       76      829       0
                text92                             678A     678A       14      829       0
                text91                             68CC     68CC        4      829       0
                text90                             67FC     67FC        A      829       0
                text89                             6518     6518       32      829       0
                text88                             6760     6760       16      829       0
                text87                             68C8     68C8        4      829       0
                text86                             68C4     68C4        4      829       0
                text85                             68C0     68C0        4      829       0
                text84                             6626     6626       2C      829       0
                text83                             68BC     68BC        4      829       0
                text82                             68B8     68B8        4      829       0
                text81                             68B4     68B4        4      829       0
                text80                             66CC     66CC       24      829       0
                text79                             5DD6     5DD6       7A      829       0
                text78                             6748     6748       18      829       0
                text77                             65FA     65FA       2C      829       0
                text76                             65CE     65CE       2C      829       0
                text75                             65A2     65A2       2C      829       0
                text74                             6576     6576       2C      829       0
                text73                             63FA     63FA       40      829       0
                text72                             68B0     68B0        4      829       0
                text71                             68AC     68AC        4      829       0
                text70                             68A8     68A8        4      829       0
                text69                             688E     688E        6      829       0
                text68                             68A4     68A4        4      829       0
                text67                             6888     6888        6      829       0
                text66                             6880     6880        8      829       0
                text65                             6776     6776       14      829       0
                text64                             68A0     68A0        4      829       0
                text63                             5D5A     5D5A       7C      829       0
                text62                             67E6     67E6        C      829       0
                text61                             67BE     67BE       10      829       0
                text60                             67AE     67AE       10      829       0
                text59                             582C     582C       C4      829       0
                text58                             5B0A     5B0A       A6      829       0
                text57                             67DA     67DA        C      829       0
                text56                             6878     6878        8      829       0
                text55                             6870     6870        8      829       0
                text54                             6868     6868        8      829       0
                text53                             6860     6860        8      829       0
                text52                             6858     6858        8      829       0
                text51                             6850     6850        8      829       0
                text50                             6848     6848        8      829       0
                text49                             67CE     67CE        C      829       0
                text48                             6018     6018       66      829       0
                text47                             5F3A     5F3A       70      829       0
                text46                             679E     679E       10      829       0
                text45                             6712     6712       1E      829       0
                text44                             6374     6374       44      829       0
                text43                             6840     6840        8      829       0
                text42                             66F0     66F0       22      829       0
                text41                             5C46     5C46       8E      829       0
                text40                             6730     6730       18      829       0
                text39                             5EC6     5EC6       74      829       0
                text38                             5CD4     5CD4       86      829       0
                text37                             6838     6838        8      829       0
                text36                             62EA     62EA       46      829       0
                text35                             5FAA     5FAA       6E      829       0
                text34                             61A0     61A0       5A      829       0
                text33                             1052     1052     1BEC      829       0
                text32                             4EAC     4EAC      1B4      829       0
                text31                             4A08     4A08      292      829       0
                text30                             66A6     66A6       26      829       0
                text29                             64AA     64AA       38      829       0
                text28                             6252     6252       52      829       0
                text27                             5060     5060      19A      829       0
                text26                             5768     5768       C4      829       0
                text25                             59B0     59B0       B0      829       0
                text24                             466E     466E      39A      829       0
                text23                             5A60     5A60       AA      829       0
                text22                             5300     5300      104      829       0
                text21                             4244     4244      42A      829       0
                text20                             6472     6472       38      829       0
                text19                             38E4     38E4      4C0      829       0
                text18                             62A4     62A4       46      829       0
                text17                             51FA     51FA      106      829       0
                text16                             5404     5404       FE      829       0
                text15                             4C9A     4C9A      212      829       0
                text14                             61FA     61FA       58      829       0
                text13                             67F2     67F2        A      829       0
                text12                             5BB0     5BB0       96      829       0
                text11                             6330     6330       44      829       0
                text10                             64E2     64E2       36      829       0
                text9                              55DE     55DE       C6      829       0
                text8                              6142     6142       5E      829       0
                text7                              643A     643A       38      829       0
                text6                              60E2     60E2       60      829       0
                text5                              2C3E     2C3E      CA6      829       0
                text4                              5502     5502       DC      829       0
                text3                              3DA4     3DA4      4A0      829       0
                text2                              607E     607E       64      829       0
                text1                              6652     6652       2A      829       0
                text0                              56A4     56A4       C4      829       0
                cstackCOMRAM                          1        1       55        1       1
                cstackBANK0                          B5       B5       48       60       1
                cstackBANK1                         178      178        4      100       1
                bssBANK1                            100      100       70      100       1
                bssBANK0                             60       60       55       60       1
                bssCOMRAM                            56       56        5        1       1
                cinit                              654A     654A       2C      829       0
                nvBANK1                             170      170        8      100       1
                nvBANK0                              FD       FD        3       60       1

TOTAL           Name                               Link     Load   Length     Space
        CLASS   STACK          

        CLASS   CODE           
                intcode                               8        8       A8         0
                init                                 B0       B0        4         0
                reset_vec                             0        0        4         0
                text105                            667C     667C       2A         0
                text104                            689A     689A        6         0
                text103                            68D0     68D0        2         0
                text102                            6894     6894        6         0
                text101                            58F0     58F0       C0         0
                text100                            63B8     63B8       42         0
                text98                             682E     682E        A         0
                text97                             6824     6824        A         0
                text96                             681A     681A        A         0
                text95                             6810     6810        A         0
                text94                             6806     6806        A         0
                text93                             5E50     5E50       76         0
                text92                             678A     678A       14         0
                text91                             68CC     68CC        4         0
                text90                             67FC     67FC        A         0
                text89                             6518     6518       32         0
                text88                             6760     6760       16         0
                text87                             68C8     68C8        4         0
                text86                             68C4     68C4        4         0
                text85                             68C0     68C0        4         0
                text84                             6626     6626       2C         0
                text83                             68BC     68BC        4         0
                text82                             68B8     68B8        4         0
                text81                             68B4     68B4        4         0
                text80                             66CC     66CC       24         0
                text79                             5DD6     5DD6       7A         0
                text78                             6748     6748       18         0
                text77                             65FA     65FA       2C         0
                text76                             65CE     65CE       2C         0
                text75                             65A2     65A2       2C         0
                text74                             6576     6576       2C         0
                text73                             63FA     63FA       40         0
                text72                             68B0     68B0        4         0
                text71                             68AC     68AC        4         0
                text70                             68A8     68A8        4         0
                text69                             688E     688E        6         0
                text68                             68A4     68A4        4         0
                text67                             6888     6888        6         0
                text66                             6880     6880        8         0
                text65                             6776     6776       14         0
                text64                             68A0     68A0        4         0
                text63                             5D5A     5D5A       7C         0
                text62                             67E6     67E6        C         0
                text61                             67BE     67BE       10         0
                text60                             67AE     67AE       10         0
                text59                             582C     582C       C4         0
                text58                             5B0A     5B0A       A6         0
                text57                             67DA     67DA        C         0
                text56                             6878     6878        8         0
                text55                             6870     6870        8         0
                text54                             6868     6868        8         0
                text53                             6860     6860        8         0
                text52                             6858     6858        8         0
                text51                             6850     6850        8         0
                text50                             6848     6848        8         0
                text49                             67CE     67CE        C         0
                text48                             6018     6018       66         0
                text47                             5F3A     5F3A       70         0
                text46                             679E     679E       10         0
                text45                             6712     6712       1E         0
                text44                             6374     6374       44         0
                text43                             6840     6840        8         0
                text42                             66F0     66F0       22         0
                text41                             5C46     5C46       8E         0
                text40                             6730     6730       18         0
                text39                             5EC6     5EC6       74         0
                text38                             5CD4     5CD4       86         0
                text37                             6838     6838        8         0
                text36                             62EA     62EA       46         0
                text35                             5FAA     5FAA       6E         0
                text34                             61A0     61A0       5A         0
                text33                             1052     1052     1BEC         0
                text32                             4EAC     4EAC      1B4         0
                text31                             4A08     4A08      292         0
                text30                             66A6     66A6       26         0
                text29                             64AA     64AA       38         0
                text28                             6252     6252       52         0
                text27                             5060     5060      19A         0
                text26                             5768     5768       C4         0
                text25                             59B0     59B0       B0         0
                text24                             466E     466E      39A         0
                text23                             5A60     5A60       AA         0
                text22                             5300     5300      104         0
                text21                             4244     4244      42A         0
                text20                             6472     6472       38         0
                text19                             38E4     38E4      4C0         0
                text18                             62A4     62A4       46         0
                text17                             51FA     51FA      106         0
                text16                             5404     5404       FE         0
                text15                             4C9A     4C9A      212         0
                text14                             61FA     61FA       58         0
                text13                             67F2     67F2        A         0
                text12                             5BB0     5BB0       96         0
                text11                             6330     6330       44         0
                text10                             64E2     64E2       36         0
                text9                              55DE     55DE       C6         0
                text8                              6142     6142       5E         0
                text7                              643A     643A       38         0
                text6                              60E2     60E2       60         0
                text5                              2C3E     2C3E      CA6         0
                text4                              5502     5502       DC         0
                text3                              3DA4     3DA4      4A0         0
                text2                              607E     607E       64         0
                text1                              6652     6652       2A         0
                text0                              56A4     56A4       C4         0
                cinit                              654A     654A       2C         0

        CLASS   CONST          

        CLASS   SMALLCONST     
                smallconst                         1000     1000       52         0

        CLASS   MEDIUMCONST    

        CLASS   COMRAM         
                temp                                 5B       5B        1         1
                cstackCOMRAM                          1        1       55         1
                bssCOMRAM                            56       56        5         1

        CLASS   ABS1           

        CLASS   BIGRAM         

        CLASS   RAM            

        CLASS   BANK0          
                cstackBANK0                          B5       B5       48         1
                bssBANK0                             60       60       55         1
                nvBANK0                              FD       FD        3         1

        CLASS   BANK1          
                cstackBANK1                         178      178        4         1
                bssBANK1                            100      100       70         1
                nvBANK1                             170      170        8         1

        CLASS   BANK2          

        CLASS   BANK3          

        CLASS   BANK4          

        CLASS   BANK5          

        CLASS   BANK6          

        CLASS   BANK7          

        CLASS   BANK8          

        CLASS   BANK9          

        CLASS   BANK10         

        CLASS   BANK11         

        CLASS   BANK12         

        CLASS   BANK13         

        CLASS   BANK14         

        CLASS   BANK15         

        CLASS   SFR            

        CLASS   CONFIG         
                config                           300000   300000        E         4

        CLASS   IDLOC          
                idloc                            200000   200000        8         5

        CLASS   EEDATA         

        CLASS   FARRAM         



SEGMENTS        Name                           Load    Length   Top    Selector   Space  Class

                reset_vec                      000000  000004  000004         0       0  CODE    
                cstackCOMRAM                   000001  00005B  00005C         1       1  COMRAM  
                intcode                        000008  0000AC  0000B4         4       0  CODE    
                bssBANK0                       000060  0000A0  000100        60       1  BANK0   
                bssBANK1                       000100  00007C  00017C       100       1  BANK1   
                smallconst                     001000  000052  001052       800       0  SMALLCON
                text33                         001052  005880  0068D2       829       0  CODE    


UNUSED ADDRESS RANGES

        Name                Unused          Largest block    Delta
        BANK1            00017C-0001FF               84
        BANK10           000A00-000AFF              100
        BANK11           000B00-000BFF              100
        BANK12           000C00-000CFF              100
        BANK13           000D00-000DFF              100
        BANK14           000E00-000EFF              100
        BANK15           000F00-000F5F               60
        BANK2            000200-0002FF              100
        BANK3            000300-0003FF              100
        BANK4            000400-0004FF              100
        BANK5            000500-0005FF              100
        BANK6            000600-0006FF              100
        BANK7            000700-0007FF              100
        BANK8            000800-0008FF              100
        BANK9            000900-0009FF              100
        BIGRAM           00005C-00005F                4
                         00017C-000F5F              DE4
        CODE             000004-000007                4
                         0000B4-000FFF              F4C
                         0068D2-00FFFF             972E
        COMRAM           00005C-00005F                4
        CONST            000004-000007                4
                         0000B4-000FFF              F4C
                         0068D2-00FFFF             972E
        EEDATA           F00000-F003FF              400
        MEDIUMCONST      0068D2-00FFFF             972E
        RAM              00017C-000F5F              100
        SFR              000F60-000FFF               A0
        SMALLCONST       0068D2-00FFFF              100
        STACK            00017C-000F5F              DE4

                                  Symbol Table

?_I2C_Read2ByteRegister                        cstackCOMRAM 000016
?_VL53L0X_Millimeter_GetValue                  cstackCOMRAM 00001E
?___awdiv                                      cstackCOMRAM 000005
?___awmod                                      cstackCOMRAM 000005
?___fladd                                      cstackCOMRAM 000005
?___fldiv                                      cstackCOMRAM 000005
?___flmul                                      cstackCOMRAM 000005
?___flneg                                      cstackCOMRAM 000005
?___flsub                                      cstackCOMRAM 00001E
?___fltol                                      cstackCOMRAM 000005
?___fpclassifyf                                cstackCOMRAM 000005
?___wmul                                       cstackCOMRAM 000005
?___xxtofl                                     cstackCOMRAM 000005
?_atoi                                         cstackCOMRAM 00000C
?_efgtoa                                       cstackCOMRAM 000032
?_floorf                                       cstackCOMRAM 00001E
?_isdigit                                      cstackCOMRAM 000005
?_isspace                                      cstackCOMRAM 000005
?_isupper                                      cstackCOMRAM 000005
?_pad                                          cstackCOMRAM 000017
?_printf                                       cstackBANK0  0000F3
?_strlen                                       cstackCOMRAM 000005
?_strncmp                                      cstackCOMRAM 000005
?_tolower                                      cstackCOMRAM 00000B
?_vfpfcnvrt                                    cstackCOMRAM 00003E
?_vfprintf                                     cstackBANK0  0000ED
EUSART_SetErrorHandler@interruptHandler        cstackCOMRAM 000005
EUSART_SetFramingErrorHandler@interruptHandler cstackCOMRAM 000005
EUSART_SetOverrunErrorHandler@interruptHandler cstackCOMRAM 000005
EUSART_SetRxInterruptHandler@interruptHandler  cstackCOMRAM 000005
EUSART_SetTxInterruptHandler@interruptHandler  cstackCOMRAM 000005
EUSART_Write@txData                            cstackCOMRAM 000005
I2C_CallbackReturnReset@funPtr                 cstackCOMRAM 00000E
I2C_Close@returnValue                          cstackCOMRAM 000005
I2C_MasterOperation@read                       cstackCOMRAM 000014
I2C_MasterOperation@returnValue                cstackCOMRAM 000015
I2C_MasterSendTxData@data                      cstackCOMRAM 000005
I2C_Open@address                               cstackCOMRAM 000005
I2C_Open@returnValue                           cstackCOMRAM 000006
I2C_Read1ByteRegister@address                  cstackCOMRAM 000017
I2C_Read1ByteRegister@reg                      cstackCOMRAM 000016
I2C_Read1ByteRegister@returnValue              cstackCOMRAM 000018
I2C_Read2ByteRegister@address                  cstackCOMRAM 00001B
I2C_Read2ByteRegister@reg                      cstackCOMRAM 000016
I2C_Read2ByteRegister@returnValue              cstackCOMRAM 00001C
I2C_ReadNBytes@address                         cstackCOMRAM 00001A
I2C_ReadNBytes@data                            cstackCOMRAM 000016
I2C_ReadNBytes@len                             cstackCOMRAM 000018
I2C_SetAddressNackCallback@cb                  cstackCOMRAM 00000A
I2C_SetAddressNackCallback@ptr                 cstackCOMRAM 00000C
I2C_SetBuffer@buffer                           cstackCOMRAM 000005
I2C_SetBuffer@bufferSize                       cstackCOMRAM 000007
I2C_SetCallback@cb                             cstackCOMRAM 000005
I2C_SetCallback@idx                            cstackCOMRAM 000009
I2C_SetCallback@ptr                            cstackCOMRAM 000007
I2C_SetDataCompleteCallback@cb                 cstackCOMRAM 00000A
I2C_SetDataCompleteCallback@ptr                cstackCOMRAM 00000C
I2C_Write1ByteRegister@address                 cstackCOMRAM 000018
I2C_Write1ByteRegister@data                    cstackCOMRAM 000017
I2C_Write1ByteRegister@reg                     cstackCOMRAM 000016
I2C_WriteNBytes@address                        cstackCOMRAM 00001A
I2C_WriteNBytes@data                           cstackCOMRAM 000016
I2C_WriteNBytes@len                            cstackCOMRAM 000018
VL53L0X_Init@data16                            cstackCOMRAM 00001F
VL53L0X_Init@data8                             cstackCOMRAM 000021
VL53L0X_Millimeter_GetValue@DistDistanzAnz     cstackCOMRAM 000024
VL53L0X_Millimeter_GetValue@data16             cstackCOMRAM 000028
VL53L0X_Millimeter_GetValue@data8              cstackCOMRAM 00002A
_ANSEL                                         (abs)        000F7E
_ANSELH                                        (abs)        000F7F
_BAUDCON                                       (abs)        000FB8
_EUSART_DefaultErrorHandler                    text104      00689A
_EUSART_DefaultFramingErrorHandler             text103      0068D0
_EUSART_DefaultOverrunErrorHandler             text102      006894
_EUSART_ErrorHandler                           nvBANK1      000170
_EUSART_FramingErrorHandler                    nvBANK1      000174
_EUSART_Initialize                             text93       005E50
_EUSART_OverrunErrorHandler                    nvBANK1      000172
_EUSART_Receive_ISR                            text101      0058F0
_EUSART_RxDataHandler                          text105      00667C
_EUSART_RxDefaultInterruptHandler              nvBANK1      000176
_EUSART_SetErrorHandler                        text98       00682E
_EUSART_SetFramingErrorHandler                 text97       006824
_EUSART_SetOverrunErrorHandler                 text96       00681A
_EUSART_SetRxInterruptHandler                  text95       006810
_EUSART_SetTxInterruptHandler                  text94       006806
_EUSART_Transmit_ISR                           text100      0063B8
_EUSART_TxDefaultInterruptHandler              nvBANK0      0000FD
_EUSART_Write                                  text14       0061FA
_I2C_CallbackReturnReset                       text71       0068AC
_I2C_CallbackReturnStop                        text72       0068B0
_I2C_Close                                     text84       006626
_I2C_DO_ADDRESS_NACK                           text48       006018
_I2C_DO_IDLE                                   text62       0067E6
_I2C_DO_RCEN                                   text57       0067DA
_I2C_DO_RESET                                  text49       0067CE
_I2C_DO_RX                                     text58       005B0A
_I2C_DO_RX_ACK                                 text52       006858
_I2C_DO_RX_NACK_RESTART                        text50       006848
_I2C_DO_RX_NACK_STOP                           text51       006850
_I2C_DO_SEND_ADR_READ                          text61       0067BE
_I2C_DO_SEND_ADR_WRITE                         text60       0067AE
_I2C_DO_SEND_RESTART                           text54       006868
_I2C_DO_SEND_RESTART_READ                      text56       006878
_I2C_DO_SEND_RESTART_WRITE                     text55       006870
_I2C_DO_SEND_STOP                              text53       006860
_I2C_DO_TX                                     text59       00582C
_I2C_DO_TX_EMPTY                               text63       005D5A
_I2C_Initialize                                text92       00678A
_I2C_MasterClearIrq                            text87       0068C8
_I2C_MasterClose                               text86       0068C4
_I2C_MasterDisableIrq                          text85       0068C0
_I2C_MasterEnableRestart                       text82       0068B8
_I2C_MasterFsm                                 text47       005F3A
_I2C_MasterGetRxData                           text68       0068A4
_I2C_MasterIsNack                              text65       006776
_I2C_MasterOpen                                text42       0066F0
_I2C_MasterOperation                           text44       006374
_I2C_MasterRead                                text37       006838
_I2C_MasterSendAck                             text67       006888
_I2C_MasterSendNack                            text69       00688E
_I2C_MasterSendTxData                          text66       006880
_I2C_MasterSetIrq                              text64       0068A0
_I2C_MasterStart                               text83       0068BC
_I2C_MasterStartRx                             text70       0068A8
_I2C_MasterStop                                text81       0068B4
_I2C_MasterWaitForEvent                        text46       00679E
_I2C_MasterWrite                               text43       006840
_I2C_Open                                      text41       005C46
_I2C_Poller                                    text45       006712
_I2C_Read1ByteRegister                         text39       005EC6
_I2C_Read2ByteRegister                         text38       005CD4
_I2C_ReadNBytes                                text36       0062EA
_I2C_SetAddressNackCallback                    text40       006730
_I2C_SetBuffer                                 text80       0066CC
_I2C_SetCallback                               text79       005DD6
_I2C_SetDataCompleteCallback                   text78       006748
_I2C_Status                                    bssBANK0     000060
_I2C_Write1ByteRegister                        text35       005FAA
_I2C_WriteNBytes                               text34       0061A0
_INTCON2bits                                   (abs)        000FF1
_INTCONbits                                    (abs)        000FF2
_INTERRUPT_Initialize                          text91       0068CC
_INTERRUPT_InterruptManager                    intcode      000008
_LATA                                          (abs)        000F89
_LATB                                          (abs)        000F8A
_LATC                                          (abs)        000F8B
_LATD                                          (abs)        000F8C
_LATDbits                                      (abs)        000F8C
_LATE                                          (abs)        000F8D
_OSCCON                                        (abs)        000FD3
_OSCILLATOR_Initialize                         text90       0067FC
_OSCTUNE                                       (abs)        000F9B
_PIE1bits                                      (abs)        000F9D
_PIN_MANAGER_Initialize                        text89       006518
_PIR1bits                                      (abs)        000F9E
_PIR2bits                                      (abs)        000FA1
_RCONbits                                      (abs)        000FD0
_RCREG                                         (abs)        000FAE
_RCSTA                                         (abs)        000FAB
_RCSTAbits                                     (abs)        000FAB
_SPBRG                                         (abs)        000FAF
_SPBRGH                                        (abs)        000FB0
_SSPADD                                        (abs)        000FC8
_SSPBUF                                        (abs)        000FC9
_SSPCON1                                       (abs)        000FC6
_SSPCON1bits                                   (abs)        000FC6
_SSPCON2                                       (abs)        000FC5
_SSPCON2bits                                   (abs)        000FC5
_SSPSTAT                                       (abs)        000FC7
_SSPSTATbits                                   (abs)        000FC7
_SYSTEM_Initialize                             text88       006760
_TRISA                                         (abs)        000F92
_TRISB                                         (abs)        000F93
_TRISC                                         (abs)        000F94
_TRISD                                         (abs)        000F95
_TRISE                                         (abs)        000F96
_TXREG                                         (abs)        000FAD
_TXSTA                                         (abs)        000FAC
_TXSTAbits                                     (abs)        000FAC
_VL53L0X_Init                                  text33       001052
_VL53L0X_Millimeter_GetValue                   text31       004A08
_WPUB                                          (abs)        000F7C
__HRAM                                         (abs)        000000
__Habs1                                        abs1         000000
__Hbank0                                       bank0        000000
__Hbank1                                       bank1        000000
__Hbank10                                      bank10       000000
__Hbank11                                      bank11       000000
__Hbank12                                      bank12       000000
__Hbank13                                      bank13       000000
__Hbank14                                      bank14       000000
__Hbank15                                      bank15       000000
__Hbank2                                       bank2        000000
__Hbank3                                       bank3        000000
__Hbank4                                       bank4        000000
__Hbank5                                       bank5        000000
__Hbank6                                       bank6        000000
__Hbank7                                       bank7        000000
__Hbank8                                       bank8        000000
__Hbank9                                       bank9        000000
__Hbigbss                                      bigbss       000000
__Hbigdata                                     bigdata      000000
__Hbigram                                      bigram       000000
__Hbss                                         bss          000000
__HbssBANK0                                    bssBANK0     000000
__HbssBANK1                                    bssBANK1     000000
__HbssCOMRAM                                   bssCOMRAM    000000
__Hcinit                                       cinit        000000
__Hclrtext                                     clrtext      000000
__Hcomram                                      comram       000000
__Hconfig                                      config       30000E
__Hconst                                       const        000000
__HcstackBANK0                                 cstackBANK0  000000
__HcstackBANK1                                 cstackBANK1  000000
__HcstackCOMRAM                                cstackCOMRAM 000000
__Hdata                                        data         000000
__Heeprom_data                                 eeprom_data  000000
__Hfarbss                                      farbss       000000
__Hfardata                                     fardata      000000
__Hibigdata                                    ibigdata     000000
__Hidata                                       idata        000000
__Hidloc                                       idloc        200008
__Hifardata                                    ifardata     000000
__Hinit                                        init         0000B4
__Hintcode                                     intcode      0000B0
__Hintcode_body                                intcode_body 000000
__Hintcodelo                                   intcodelo    0000B0
__Hintentry                                    intentry     000000
__Hintret                                      intret       000000
__Hintsave_regs                                intsave_regs 000000
__Hirdata                                      irdata       000000
__Hmediumconst                                 mediumconst  000000
__HnvBANK0                                     nvBANK0      000000
__HnvBANK1                                     nvBANK1      000000
__HnvFARRAM                                    nvFARRAM     000000
__Hnvbit                                       nvbit        000000
__Hnvrram                                      nvrram       000000
__Hparam                                       rparam       000000
__Hpowerup                                     powerup      0000B0
__Hram                                         ram          000000
__Hramtop                                      ramtop       001000
__Hrbit                                        rbit         000000
__Hrbss                                        rbss         000000
__Hrdata                                       rdata        000000
__Hreset_vec                                   reset_vec    000004
__Hrparam                                      rparam       000000
__Hsfr                                         sfr          000000
__Hsmallconst                                  smallconst   001052
__Hspace_0                                     (abs)        0068D2
__Hspace_1                                     (abs)        00017C
__Hspace_2                                     (abs)        000000
__Hspace_4                                     (abs)        60000E
__Hstack                                       stack        000000
__Hstruct                                      struct       000000
__Htemp                                        temp         00005C
__Htext                                        text         000000
__Htext0                                       text0        000000
__Htext1                                       text1        000000
__Htext10                                      text10       000000
__Htext100                                     text100      000000
__Htext101                                     text101      000000
__Htext102                                     text102      000000
__Htext103                                     text103      000000
__Htext104                                     text104      000000
__Htext105                                     text105      000000
__Htext106                                     text106      000000
__Htext11                                      text11       000000
__Htext12                                      text12       000000
__Htext13                                      text13       000000
__Htext14                                      text14       000000
__Htext15                                      text15       000000
__Htext16                                      text16       000000
__Htext17                                      text17       000000
__Htext18                                      text18       000000
__Htext19                                      text19       000000
__Htext2                                       text2        000000
__Htext20                                      text20       000000
__Htext21                                      text21       000000
__Htext22                                      text22       000000
__Htext23                                      text23       000000
__Htext24                                      text24       000000
__Htext25                                      text25       000000
__Htext26                                      text26       000000
__Htext27                                      text27       000000
__Htext28                                      text28       000000
__Htext29                                      text29       000000
__Htext3                                       text3        000000
__Htext30                                      text30       000000
__Htext31                                      text31       000000
__Htext32                                      text32       000000
__Htext33                                      text33       000000
__Htext34                                      text34       000000
__Htext35                                      text35       000000
__Htext36                                      text36       000000
__Htext37                                      text37       000000
__Htext38                                      text38       000000
__Htext39                                      text39       000000
__Htext4                                       text4        000000
__Htext40                                      text40       000000
__Htext41                                      text41       000000
__Htext42                                      text42       000000
__Htext43                                      text43       000000
__Htext44                                      text44       000000
__Htext45                                      text45       000000
__Htext46                                      text46       000000
__Htext47                                      text47       000000
__Htext48                                      text48       000000
__Htext49                                      text49       000000
__Htext5                                       text5        000000
__Htext50                                      text50       000000
__Htext51                                      text51       000000
__Htext52                                      text52       000000
__Htext53                                      text53       000000
__Htext54                                      text54       000000
__Htext55                                      text55       000000
__Htext56                                      text56       000000
__Htext57                                      text57       000000
__Htext58                                      text58       000000
__Htext59                                      text59       000000
__Htext6                                       text6        000000
__Htext60                                      text60       000000
__Htext61                                      text61       000000
__Htext62                                      text62       000000
__Htext63                                      text63       000000
__Htext64                                      text64       000000
__Htext65                                      text65       000000
__Htext66                                      text66       000000
__Htext67                                      text67       000000
__Htext68                                      text68       000000
__Htext69                                      text69       000000
__Htext7                                       text7        000000
__Htext70                                      text70       000000
__Htext71                                      text71       000000
__Htext72                                      text72       000000
__Htext73                                      text73       000000
__Htext74                                      text74       000000
__Htext75                                      text75       000000
__Htext76                                      text76       000000
__Htext77                                      text77       000000
__Htext78                                      text78       000000
__Htext79                                      text79       000000
__Htext8                                       text8        000000
__Htext80                                      text80       000000
__Htext81                                      text81       000000
__Htext82                                      text82       000000
__Htext83                                      text83       000000
__Htext84                                      text84       000000
__Htext85                                      text85       000000
__Htext86                                      text86       000000
__Htext87                                      text87       000000
__Htext88                                      text88       000000
__Htext89                                      text89       000000
__Htext9                                       text9        000000
__Htext90                                      text90       000000
__Htext91                                      text91       000000
__Htext92                                      text92       000000
__Htext93                                      text93       000000
__Htext94                                      text94       000000
__Htext95                                      text95       000000
__Htext96                                      text96       000000
__Htext97                                      text97       000000
__Htext98                                      text98       000000
__LRAM                                         (abs)        000001
__Labs1                                        abs1         000000
__Lbank0                                       bank0        000000
__Lbank1                                       bank1        000000
__Lbank10                                      bank10       000000
__Lbank11                                      bank11       000000
__Lbank12                                      bank12       000000
__Lbank13                                      bank13       000000
__Lbank14                                      bank14       000000
__Lbank15                                      bank15       000000
__Lbank2                                       bank2        000000
__Lbank3                                       bank3        000000
__Lbank4                                       bank4        000000
__Lbank5                                       bank5        000000
__Lbank6                                       bank6        000000
__Lbank7                                       bank7        000000
__Lbank8                                       bank8        000000
__Lbank9                                       bank9        000000
__Lbigbss                                      bigbss       000000
__Lbigdata                                     bigdata      000000
__Lbigram                                      bigram       000000
__Lbss                                         bss          000000
__LbssBANK0                                    bssBANK0     000000
__LbssBANK1                                    bssBANK1     000000
__LbssCOMRAM                                   bssCOMRAM    000000
__Lcinit                                       cinit        000000
__Lclrtext                                     clrtext      000000
__Lcomram                                      comram       000000
__Lconfig                                      config       000000
__Lconst                                       const        000000
__LcstackBANK0                                 cstackBANK0  000000
__LcstackBANK1                                 cstackBANK1  000000
__LcstackCOMRAM                                cstackCOMRAM 000000
__Ldata                                        data         000000
__Leeprom_data                                 eeprom_data  000000
__Lfarbss                                      farbss       000000
__Lfardata                                     fardata      000000
__Libigdata                                    ibigdata     000000
__Lidata                                       idata        000000
__Lidloc                                       idloc        000000
__Lifardata                                    ifardata     000000
__Linit                                        init         0000B0
__Lintcode                                     intcode      000008
__Lintcode_body                                intcode_body 000000
__Lintcodelo                                   intcodelo    0000B0
__Lintentry                                    intentry     000000
__Lintret                                      intret       000000
__Lintsave_regs                                intsave_regs 000000
__Lirdata                                      irdata       000000
__Lmediumconst                                 mediumconst  000000
__LnvBANK0                                     nvBANK0      000000
__LnvBANK1                                     nvBANK1      000000
__LnvFARRAM                                    nvFARRAM     000000
__Lnvbit                                       nvbit        000000
__Lnvrram                                      nvrram       000000
__Lparam                                       rparam       000000
__Lpowerup                                     powerup      0000B0
__Lram                                         ram          000000
__Lramtop                                      ramtop       001000
__Lrbit                                        rbit         000000
__Lrbss                                        rbss         000000
__Lrdata                                       rdata        000000
__Lreset_vec                                   reset_vec    000000
__Lrparam                                      rparam       000000
__Lsfr                                         sfr          000000
__Lsmallconst                                  smallconst   001000
__Lspace_0                                     (abs)        000000
__Lspace_1                                     (abs)        000000
__Lspace_2                                     (abs)        000000
__Lspace_4                                     (abs)        000000
__Lstack                                       stack        000000
__Lstruct                                      struct       000000
__Ltemp                                        temp         00005B
__Ltext                                        text         000000
__Ltext0                                       text0        000000
__Ltext1                                       text1        000000
__Ltext10                                      text10       000000
__Ltext100                                     text100      000000
__Ltext101                                     text101      000000
__Ltext102                                     text102      000000
__Ltext103                                     text103      000000
__Ltext104                                     text104      000000
__Ltext105                                     text105      000000
__Ltext106                                     text106      000000
__Ltext11                                      text11       000000
__Ltext12                                      text12       000000
__Ltext13                                      text13       000000
__Ltext14                                      text14       000000
__Ltext15                                      text15       000000
__Ltext16                                      text16       000000
__Ltext17                                      text17       000000
__Ltext18                                      text18       000000
__Ltext19                                      text19       000000
__Ltext2                                       text2        000000
__Ltext20                                      text20       000000
__Ltext21                                      text21       000000
__Ltext22                                      text22       000000
__Ltext23                                      text23       000000
__Ltext24                                      text24       000000
__Ltext25                                      text25       000000
__Ltext26                                      text26       000000
__Ltext27                                      text27       000000
__Ltext28                                      text28       000000
__Ltext29                                      text29       000000
__Ltext3                                       text3        000000
__Ltext30                                      text30       000000
__Ltext31                                      text31       000000
__Ltext32                                      text32       000000
__Ltext33                                      text33       000000
__Ltext34                                      text34       000000
__Ltext35                                      text35       000000
__Ltext36                                      text36       000000
__Ltext37                                      text37       000000
__Ltext38                                      text38       000000
__Ltext39                                      text39       000000
__Ltext4                                       text4        000000
__Ltext40                                      text40       000000
__Ltext41                                      text41       000000
__Ltext42                                      text42       000000
__Ltext43                                      text43       000000
__Ltext44                                      text44       000000
__Ltext45                                      text45       000000
__Ltext46                                      text46       000000
__Ltext47                                      text47       000000
__Ltext48                                      text48       000000
__Ltext49                                      text49       000000
__Ltext5                                       text5        000000
__Ltext50                                      text50       000000
__Ltext51                                      text51       000000
__Ltext52                                      text52       000000
__Ltext53                                      text53       000000
__Ltext54                                      text54       000000
__Ltext55                                      text55       000000
__Ltext56                                      text56       000000
__Ltext57                                      text57       000000
__Ltext58                                      text58       000000
__Ltext59                                      text59       000000
__Ltext6                                       text6        000000
__Ltext60                                      text60       000000
__Ltext61                                      text61       000000
__Ltext62                                      text62       000000
__Ltext63                                      text63       000000
__Ltext64                                      text64       000000
__Ltext65                                      text65       000000
__Ltext66                                      text66       000000
__Ltext67                                      text67       000000
__Ltext68                                      text68       000000
__Ltext69                                      text69       000000
__Ltext7                                       text7        000000
__Ltext70                                      text70       000000
__Ltext71                                      text71       000000
__Ltext72                                      text72       000000
__Ltext73                                      text73       000000
__Ltext74                                      text74       000000
__Ltext75                                      text75       000000
__Ltext76                                      text76       000000
__Ltext77                                      text77       000000
__Ltext78                                      text78       000000
__Ltext79                                      text79       000000
__Ltext8                                       text8        000000
__Ltext80                                      text80       000000
__Ltext81                                      text81       000000
__Ltext82                                      text82       000000
__Ltext83                                      text83       000000
__Ltext84                                      text84       000000
__Ltext85                                      text85       000000
__Ltext86                                      text86       000000
__Ltext87                                      text87       000000
__Ltext88                                      text88       000000
__Ltext89                                      text89       000000
__Ltext9                                       text9        000000
__Ltext90                                      text90       000000
__Ltext91                                      text91       000000
__Ltext92                                      text92       000000
__Ltext93                                      text93       000000
__Ltext94                                      text94       000000
__Ltext95                                      text95       000000
__Ltext96                                      text96       000000
__Ltext97                                      text97       000000
__Ltext98                                      text98       000000
__S0                                           (abs)        0068D2
__S1                                           (abs)        00017C
__S2                                           (abs)        000000
__S4                                           (abs)        000000
__S5                                           (abs)        000000
___awdiv                                       text26       005768
___awdiv@counter                               cstackCOMRAM 000009
___awdiv@dividend                              cstackCOMRAM 000005
___awdiv@divisor                               cstackCOMRAM 000007
___awdiv@quotient                              cstackCOMRAM 00000B
___awdiv@sign                                  cstackCOMRAM 00000A
___awmod                                       text25       0059B0
___awmod@counter                               cstackCOMRAM 000009
___awmod@dividend                              cstackCOMRAM 000005
___awmod@divisor                               cstackCOMRAM 000007
___awmod@sign                                  cstackCOMRAM 00000A
___fladd                                       text19       0038E4
___fladd@a                                     cstackCOMRAM 000009
___fladd@aexp                                  cstackCOMRAM 000012
___fladd@b                                     cstackCOMRAM 000005
___fladd@bexp                                  cstackCOMRAM 000013
___fladd@grs                                   cstackCOMRAM 000014
___fladd@signs                                 cstackCOMRAM 000011
___fldiv                                       text24       00466E
___fldiv@a                                     cstackCOMRAM 000009
___fldiv@aexp                                  cstackCOMRAM 00001D
___fldiv@b                                     cstackCOMRAM 000005
___fldiv@bexp                                  cstackCOMRAM 00001C
___fldiv@grs                                   cstackCOMRAM 000018
___fldiv@new_exp                               cstackCOMRAM 000016
___fldiv@rem                                   cstackCOMRAM 000011
___fldiv@sign                                  cstackCOMRAM 000015
___fleq                                        text23       005A60
___fleq@ff1                                    cstackCOMRAM 000005
___fleq@ff2                                    cstackCOMRAM 000009
___flge                                        text22       005300
___flge@ff1                                    cstackCOMRAM 00001E
___flge@ff2                                    cstackCOMRAM 000022
___flmul                                       text21       004244
___flmul@a                                     cstackCOMRAM 000009
___flmul@aexp                                  cstackCOMRAM 000012
___flmul@b                                     cstackCOMRAM 000005
___flmul@bexp                                  cstackCOMRAM 000017
___flmul@grs                                   cstackCOMRAM 000013
___flmul@prod                                  cstackCOMRAM 000018
___flmul@sign                                  cstackCOMRAM 000011
___flmul@temp                                  cstackCOMRAM 00001C
___flneg                                       text20       006472
___flneg@f1                                    cstackCOMRAM 000005
___flsub                                       text18       0062A4
___flsub@a                                     cstackCOMRAM 000022
___flsub@b                                     cstackCOMRAM 00001E
___fltol                                       text17       0051FA
___fltol@exp1                                  cstackCOMRAM 00000E
___fltol@f1                                    cstackCOMRAM 000005
___fltol@sign1                                 cstackCOMRAM 00000D
___fpclassifyf                                 text16       005404
___fpclassifyf@F465                            bssBANK0     000090
___fpclassifyf@e                               cstackCOMRAM 00000D
___fpclassifyf@u                               cstackCOMRAM 00000F
___fpclassifyf@x                               cstackCOMRAM 000005
___inthi_sp                                    stack        000000
___intlo_sp                                    stack        000000
___param_bank                                  (abs)        000000
___rparam_used                                 (abs)        000001
___sp                                          stack        000000
___wmul                                        text30       0066A6
___wmul@multiplicand                           cstackCOMRAM 000007
___wmul@multiplier                             cstackCOMRAM 000005
___wmul@product                                cstackCOMRAM 000009
___xxtofl                                      text32       004EAC
___xxtofl@arg                                  cstackCOMRAM 00000F
___xxtofl@exp                                  cstackCOMRAM 00000E
___xxtofl@sign                                 cstackCOMRAM 00000D
___xxtofl@val                                  cstackCOMRAM 000005
__accesstop                                    (abs)        000060
__activetblptr                                 (abs)        000003
__end_of_EUSART_DefaultErrorHandler            text104      0068A0
__end_of_EUSART_DefaultFramingErrorHandler     text103      0068D2
__end_of_EUSART_DefaultOverrunErrorHandler     text102      00689A
__end_of_EUSART_Initialize                     text93       005EC6
__end_of_EUSART_Receive_ISR                    text101      0059B0
__end_of_EUSART_RxDataHandler                  text105      0066A6
__end_of_EUSART_SetErrorHandler                text98       006838
__end_of_EUSART_SetFramingErrorHandler         text97       00682E
__end_of_EUSART_SetOverrunErrorHandler         text96       006824
__end_of_EUSART_SetRxInterruptHandler          text95       00681A
__end_of_EUSART_SetTxInterruptHandler          text94       006810
__end_of_EUSART_Transmit_ISR                   text100      0063FA
__end_of_EUSART_Write                          text14       006252
__end_of_I2C_CallbackReturnReset               text71       0068B0
__end_of_I2C_CallbackReturnStop                text72       0068B4
__end_of_I2C_Close                             text84       006652
__end_of_I2C_DO_ADDRESS_NACK                   text48       00607E
__end_of_I2C_DO_IDLE                           text62       0067F2
__end_of_I2C_DO_RCEN                           text57       0067E6
__end_of_I2C_DO_RESET                          text49       0067DA
__end_of_I2C_DO_RX                             text58       005BB0
__end_of_I2C_DO_RX_ACK                         text52       006860
__end_of_I2C_DO_RX_NACK_RESTART                text50       006850
__end_of_I2C_DO_RX_NACK_STOP                   text51       006858
__end_of_I2C_DO_SEND_ADR_READ                  text61       0067CE
__end_of_I2C_DO_SEND_ADR_WRITE                 text60       0067BE
__end_of_I2C_DO_SEND_RESTART                   text54       006870
__end_of_I2C_DO_SEND_RESTART_READ              text56       006880
__end_of_I2C_DO_SEND_RESTART_WRITE             text55       006878
__end_of_I2C_DO_SEND_STOP                      text53       006868
__end_of_I2C_DO_TX                             text59       0058F0
__end_of_I2C_DO_TX_EMPTY                       text63       005DD6
__end_of_I2C_Initialize                        text92       00679E
__end_of_I2C_MasterClearIrq                    text87       0068CC
__end_of_I2C_MasterClose                       text86       0068C8
__end_of_I2C_MasterDisableIrq                  text85       0068C4
__end_of_I2C_MasterEnableRestart               text82       0068BC
__end_of_I2C_MasterFsm                         text47       005FAA
__end_of_I2C_MasterGetRxData                   text68       0068A8
__end_of_I2C_MasterIsNack                      text65       00678A
__end_of_I2C_MasterOpen                        text42       006712
__end_of_I2C_MasterOperation                   text44       0063B8
__end_of_I2C_MasterRead                        text37       006840
__end_of_I2C_MasterSendAck                     text67       00688E
__end_of_I2C_MasterSendNack                    text69       006894
__end_of_I2C_MasterSendTxData                  text66       006888
__end_of_I2C_MasterSetIrq                      text64       0068A4
__end_of_I2C_MasterStart                       text83       0068C0
__end_of_I2C_MasterStartRx                     text70       0068AC
__end_of_I2C_MasterStop                        text81       0068B8
__end_of_I2C_MasterWaitForEvent                text46       0067AE
__end_of_I2C_MasterWrite                       text43       006848
__end_of_I2C_Open                              text41       005CD4
__end_of_I2C_Poller                            text45       006730
__end_of_I2C_Read1ByteRegister                 text39       005F3A
__end_of_I2C_Read2ByteRegister                 text38       005D5A
__end_of_I2C_ReadNBytes                        text36       006330
__end_of_I2C_SetAddressNackCallback            text40       006748
__end_of_I2C_SetBuffer                         text80       0066F0
__end_of_I2C_SetCallback                       text79       005E50
__end_of_I2C_SetDataCompleteCallback           text78       006760
__end_of_I2C_Write1ByteRegister                text35       006018
__end_of_I2C_WriteNBytes                       text34       0061FA
__end_of_INTERRUPT_Initialize                  text91       0068D0
__end_of_INTERRUPT_InterruptManager            intcode      0000B0
__end_of_OSCILLATOR_Initialize                 text90       006806
__end_of_PIN_MANAGER_Initialize                text89       00654A
__end_of_SYSTEM_Initialize                     text88       006776
__end_of_VL53L0X_Init                          text33       002C3E
__end_of_VL53L0X_Millimeter_GetValue           text31       004C9A
__end_of___awdiv                               text26       00582C
__end_of___awmod                               text25       005A60
__end_of___fladd                               text19       003DA4
__end_of___fldiv                               text24       004A08
__end_of___fleq                                text23       005B0A
__end_of___flge                                text22       005404
__end_of___flmul                               text21       00466E
__end_of___flneg                               text20       0064AA
__end_of___flsub                               text18       0062EA
__end_of___fltol                               text17       005300
__end_of___fpclassifyf                         text16       005502
__end_of___wmul                                text30       0066CC
__end_of___xxtofl                              text32       005060
__end_of__initialization                       cinit        00656C
__end_of_atoi                                  text27       0051FA
__end_of_efgtoa                                text5        0038E4
__end_of_floorf                                text15       004EAC
__end_of_fputc                                 text12       005C46
__end_of_fputs                                 text11       006374
__end_of_fsmStateTable                         smallconst   001021
__end_of_isdigit                               text29       0064E2
__end_of_isspace                               text28       0062A4
__end_of_isupper                               text7        006472
__end_of_main                                  text0        005768
__end_of_pad                                   text9        0056A4
__end_of_printf                                text1        00667C
__end_of_putch                                 text13       0067FC
__end_of_rd1RegCompleteHandler                 text76       0065FA
__end_of_rd2RegCompleteHandler                 text75       0065CE
__end_of_rdBlkRegCompleteHandler               text73       00643A
__end_of_strcpy                                text8        0061A0
__end_of_strlen                                text10       006518
__end_of_strncmp                               text4        0055DE
__end_of_tolower                               text6        006142
__end_of_vfpfcnvrt                             text3        004244
__end_of_vfprintf                              text2        0060E2
__end_of_wr1RegCompleteHandler                 text74       0065A2
__end_of_wr2RegCompleteHandler                 text77       006626
__initialization                               cinit        00654A
__mediumconst                                  mediumconst  000000
__pbssBANK0                                    bssBANK0     000060
__pbssBANK1                                    bssBANK1     000100
__pbssCOMRAM                                   bssCOMRAM    000056
__pcinit                                       cinit        00654A
__pcstackBANK0                                 cstackBANK0  0000B5
__pcstackBANK1                                 cstackBANK1  000178
__pcstackCOMRAM                                cstackCOMRAM 000001
__pintcode                                     intcode      000008
__pnvBANK0                                     nvBANK0      0000FD
__pnvBANK1                                     nvBANK1      000170
__psmallconst                                  smallconst   001000
__ptext0                                       text0        0056A4
__ptext1                                       text1        006652
__ptext10                                      text10       0064E2
__ptext100                                     text100      0063B8
__ptext101                                     text101      0058F0
__ptext102                                     text102      006894
__ptext103                                     text103      0068D0
__ptext104                                     text104      00689A
__ptext105                                     text105      00667C
__ptext106                                     text106      000000
__ptext11                                      text11       006330
__ptext12                                      text12       005BB0
__ptext13                                      text13       0067F2
__ptext14                                      text14       0061FA
__ptext15                                      text15       004C9A
__ptext16                                      text16       005404
__ptext17                                      text17       0051FA
__ptext18                                      text18       0062A4
__ptext19                                      text19       0038E4
__ptext2                                       text2        00607E
__ptext20                                      text20       006472
__ptext21                                      text21       004244
__ptext22                                      text22       005300
__ptext23                                      text23       005A60
__ptext24                                      text24       00466E
__ptext25                                      text25       0059B0
__ptext26                                      text26       005768
__ptext27                                      text27       005060
__ptext28                                      text28       006252
__ptext29                                      text29       0064AA
__ptext3                                       text3        003DA4
__ptext30                                      text30       0066A6
[...]
_efgtoa$2154                                   cstackBANK0  0000B9
_efgtoa$2158                                   cstackBANK0  0000BB
_efgtoa$2159                                   cstackBANK0  0000BD
_efgtoa$2160                                   cstackBANK0  0000BF
_eusartRxBuffer                                bssBANK1     000100
_eusartRxCount                                 bssCOMRAM    000056
_eusartRxHead                                  bssCOMRAM    000058
_eusartRxLastError                             bssBANK0     0000A4
_eusartRxStatusBuffer                          bssBANK0     000084
_eusartRxTail                                  bssCOMRAM    000057
_eusartTxBuffer                                bssBANK1     000108
_eusartTxBufferRemaining                       nvBANK0      0000FF
_eusartTxHead                                  bssCOMRAM    00005A
_eusartTxTail                                  bssCOMRAM    000059
_flags                                         bssBANK0     0000A2
_floorf                                        text15       004C9A
_fputc                                         text12       005BB0
_fputs                                         text11       006330
_fsmStateTable                                 smallconst   001001
_isdigit                                       text29       0064AA
_isspace                                       text28       006252
_isspace$2243                                  cstackCOMRAM 00000B
_isupper                                       text7        00643A
_main                                          text0        0056A4
_nout                                          bssBANK0     00009C
_pad                                           text9        0055DE
_prec                                          bssBANK0     0000A0
_printf                                        text1        006652
_putch                                         text13       0067F2
_range_cm                                      bssBANK0     000094
_range_mm                                      bssBANK0     000098
_rd1RegCompleteHandler                         text76       0065CE
_rd2RegCompleteHandler                         text75       0065A2
_rdBlkRegCompleteHandler                       text73       0063FA
_readBuffer                                    bssBANK1     000160
_strcpy                                        text8        006142
_strlen                                        text10       0064E2
_strncmp                                       text4        005502
_tolower                                       text6        0060E2
_tolower$2301                                  cstackCOMRAM 000011
_vfpfcnvrt                                     text3        003DA4
_vfpfcnvrt$2174                                cstackCOMRAM 000048
_vfpfcnvrt$2178                                cstackCOMRAM 00004A
_vfprintf                                      text2        00607E
_width                                         bssBANK0     00009E
_wr1RegCompleteHandler                         text74       006576
_wr2RegCompleteHandler                         text77       0065FA
_writeBuffer                                   bssBANK0     0000A5
atoi@n                                         cstackCOMRAM 000019
atoi@neg                                       cstackCOMRAM 000012
atoi@s                                         cstackCOMRAM 00000C
btemp                                          temp         00005B
efgtoa@c                                       cstackCOMRAM 000038
efgtoa@d                                       cstackBANK0  0000CD
efgtoa@e                                       cstackBANK0  0000E5
efgtoa@f                                       cstackCOMRAM 000034
efgtoa@fp                                      cstackCOMRAM 000032
efgtoa@g                                       cstackBANK0  0000E1
efgtoa@h                                       cstackBANK0  0000D7
efgtoa@i                                       cstackBANK0  0000DF
efgtoa@l                                       cstackBANK0  0000DB
efgtoa@m                                       cstackBANK0  0000C7
efgtoa@mode                                    cstackBANK0  0000D6
efgtoa@n                                       cstackBANK0  0000E7
efgtoa@ne                                      cstackBANK0  0000C5
efgtoa@nmode                                   cstackBANK0  0000D5
efgtoa@ou                                      cstackBANK0  0000C9
efgtoa@p                                       cstackBANK0  0000D1
efgtoa@pp                                      cstackBANK0  0000C3
efgtoa@sign                                    cstackBANK0  0000CF
efgtoa@t                                       cstackBANK0  0000C1
efgtoa@u                                       cstackBANK0  0000E9
efgtoa@w                                       cstackBANK0  0000D3
end_of_initialization                          cinit        00656C
floorf@F527                                    bssBANK0     00008C
floorf@e                                       cstackCOMRAM 00002C
floorf@m                                       cstackCOMRAM 000028
floorf@u                                       cstackCOMRAM 00002E
floorf@x                                       cstackCOMRAM 00001E
fputc@c                                        cstackCOMRAM 000007
fputc@fp                                       cstackCOMRAM 000009
fputs@c                                        cstackCOMRAM 000014
fputs@fp                                       cstackCOMRAM 000012
fputs@i                                        cstackCOMRAM 000015
fputs@s                                        cstackCOMRAM 000010
int$flags                                      temp         00005B
intlevel0                                      text         000000
intlevel1                                      text         000000
intlevel2                                      text         000000
intlevel3                                      text         000000
isa$std                                        (abs)        000001
isa$xinst                                      (abs)        000000
isdigit@c                                      cstackCOMRAM 000005
isspace@c                                      cstackCOMRAM 000005
isupper@c                                      cstackCOMRAM 000005
pad@buf                                        cstackCOMRAM 000019
pad@fp                                         cstackCOMRAM 000017
pad@i                                          cstackCOMRAM 00001E
pad@p                                          cstackCOMRAM 00001B
pad@w                                          cstackCOMRAM 000020
printf@ap                                      cstackBANK1  000178
printf@fmt                                     cstackBANK0  0000F3
putch@txData                                   cstackCOMRAM 000006
rd1RegCompleteHandler@ptr                      cstackCOMRAM 00000E
rd2RegCompleteHandler@ptr                      cstackCOMRAM 00000E
rdBlkRegCompleteHandler@ptr                    cstackCOMRAM 00000E
stackhi                                        (abs)        000F5F
stacklo                                        (abs)        00017C
start                                          init         0000B0
start_initialization                           cinit        00654A
strcpy@d                                       cstackCOMRAM 00000D
strcpy@dest                                    cstackCOMRAM 000005
strcpy@s                                       cstackCOMRAM 00000B
strcpy@src                                     cstackCOMRAM 000007
strlen@a                                       cstackCOMRAM 000007
strlen@s                                       cstackCOMRAM 000005
strncmp@_l                                     cstackCOMRAM 000005
strncmp@_r                                     cstackCOMRAM 000007
strncmp@l                                      cstackCOMRAM 00000C
strncmp@n                                      cstackCOMRAM 000009
strncmp@r                                      cstackCOMRAM 00000E
tolower@c                                      cstackCOMRAM 00000B
ttemp5                                         temp         00005C
ttemp6                                         temp         00005F
ttemp7                                         temp         000063
vfpfcnvrt@ap                                   cstackCOMRAM 000042
vfpfcnvrt@c                                    cstackCOMRAM 000053
vfpfcnvrt@ct                                   cstackCOMRAM 000050
vfpfcnvrt@f                                    cstackCOMRAM 00004C
vfpfcnvrt@fmt                                  cstackCOMRAM 000040
vfpfcnvrt@fp                                   cstackCOMRAM 00003E
vfprintf@ap                                    cstackBANK0  0000F1
vfprintf@cfmt                                  cstackCOMRAM 000054
vfprintf@fmt                                   cstackBANK0  0000EF
vfprintf@fp                                    cstackBANK0  0000ED
wr1RegCompleteHandler@ptr                      cstackCOMRAM 00000E
wr2RegCompleteHandler@ptr                      cstackCOMRAM 00000E
wtemp8                                         temp         00005C


MODULE INFORMATION

Module		Function		Class		Link	Load	Size
C:\Program Files\Microchip\xc8\v2.32\pic\sources\c99\common\awdiv.c
		___awdiv       		CODE           	5768	0000	196

C:\Program Files\Microchip\xc8\v2.32\pic\sources\c99\common\awdiv.c estimated size: 196

C:\Program Files\Microchip\xc8\v2.32\pic\sources\c99\common\isdigit.c
		_isdigit       		CODE           	64AA	0000	56

C:\Program Files\Microchip\xc8\v2.32\pic\sources\c99\common\isdigit.c estimated size: 56

C:\Program Files\Microchip\xc8\v2.32\pic\sources\c99\common\sprcadd.c
		___flsub       		CODE           	62A4	0000	70
		___fladd       		CODE           	38E4	0000	1216

C:\Program Files\Microchip\xc8\v2.32\pic\sources\c99\common\sprcadd.c estimated size: 1286

C:\Program Files\Microchip\xc8\v2.32\pic\sources\c99\common\doprnt.c
		_vfpfcnvrt     		CODE           	3DA4	0000	1184
		_efgtoa        		CODE           	2C3E	0000	3238
		_pad           		CODE           	55DE	0000	198
		_vfprintf      		CODE           	607E	0000	100

C:\Program Files\Microchip\xc8\v2.32\pic\sources\c99\common\doprnt.c estimated size: 4720

C:\Program Files\Microchip\xc8\v2.32\pic\sources\c99\common\flneg.c
		___flneg       		CODE           	6472	0000	56

C:\Program Files\Microchip\xc8\v2.32\pic\sources\c99\common\flneg.c estimated size: 56

mcc_generated_files/interrupt_manager.c
		_INTERRUPT_Initialize		CODE           	68CC	0000	4
		_INTERRUPT_InterruptManager		CODE           	0008	0000	168

mcc_generated_files/interrupt_manager.c estimated size: 172

mcc_generated_files/examples/i2c_master_example.c
		_wr1RegCompleteHandler		CODE           	6576	0000	44
		_wr2RegCompleteHandler		CODE           	65FA	0000	44
		_I2C_Write1ByteRegister		CODE           	5FAA	0000	110
		_I2C_Read1ByteRegister		CODE           	5EC6	0000	116
		_I2C_Read2ByteRegister		CODE           	5CD4	0000	134
		_rdBlkRegCompleteHandler		CODE           	63FA	0000	64
		_rd1RegCompleteHandler		CODE           	65CE	0000	44
		_rd2RegCompleteHandler		CODE           	65A2	0000	44
		_I2C_ReadNBytes		CODE           	62EA	0000	70
		_I2C_WriteNBytes		CODE           	61A0	0000	90

mcc_generated_files/examples/i2c_master_example.c estimated size: 760

mcc_generated_files/pin_manager.c
		_PIN_MANAGER_Initialize		CODE           	6518	0000	50

mcc_generated_files/pin_manager.c estimated size: 50

vl53l0x.c
		_VL53L0X_Init  		CODE           	1052	0000	7148
		_VL53L0X_Millimeter_GetValue		CODE           	4A08	0000	658

vl53l0x.c estimated size: 7806

C:\Program Files\Microchip\xc8\v2.32\pic\sources\c99\common\atoi.c
		_atoi          		CODE           	5060	0000	410

C:\Program Files\Microchip\xc8\v2.32\pic\sources\c99\common\atoi.c estimated size: 410

C:\Program Files\Microchip\xc8\v2.32\pic\sources\c99\common\nf_fputs.c
		_fputs         		CODE           	6330	0000	68

C:\Program Files\Microchip\xc8\v2.32\pic\sources\c99\common\nf_fputs.c estimated size: 68

C:\Program Files\Microchip\xc8\v2.32\pic\sources\c99\common\fleq.c
		___fleq        		CODE           	5A60	0000	170

C:\Program Files\Microchip\xc8\v2.32\pic\sources\c99\common\fleq.c estimated size: 170

C:\Program Files\Microchip\xc8\v2.32\pic\sources\c99\common\__fpclassifyf.c
		___fpclassifyf 		CODE           	5404	0000	254

C:\Program Files\Microchip\xc8\v2.32\pic\sources\c99\common\__fpclassifyf.c estimated size: 254

C:\Program Files\Microchip\xc8\v2.32\pic\sources\c99\common\isupper.c
		_isupper       		CODE           	643A	0000	56

C:\Program Files\Microchip\xc8\v2.32\pic\sources\c99\common\isupper.c estimated size: 56

C:\Program Files\Microchip\xc8\v2.32\pic\sources\c99\common\Umul16.c
		___wmul        		CODE           	66A6	0000	38

C:\Program Files\Microchip\xc8\v2.32\pic\sources\c99\common\Umul16.c estimated size: 38

C:\Program Files\Microchip\xc8\v2.32\pic\sources\c99\common\isspace.c
		_isspace       		CODE           	6252	0000	82

C:\Program Files\Microchip\xc8\v2.32\pic\sources\c99\common\isspace.c estimated size: 82

C:\Program Files\Microchip\xc8\v2.32\pic\sources\c99\common\strncmp.c
		_strncmp       		CODE           	5502	0000	220

C:\Program Files\Microchip\xc8\v2.32\pic\sources\c99\common\strncmp.c estimated size: 220

C:\Program Files\Microchip\xc8\v2.32\pic\sources\c99\common\tolower.c
		_tolower       		CODE           	60E2	0000	96

C:\Program Files\Microchip\xc8\v2.32\pic\sources\c99\common\tolower.c estimated size: 96

shared
		__initialization		CODE           	654A	0000	34
		_fsmStateTable 		SMALLCONST     	1001	0000	32

shared estimated size: 66

C:\Program Files\Microchip\xc8\v2.32\pic\sources\c99\common\sprcmul.c
		___flmul       		CODE           	4244	0000	1066

C:\Program Files\Microchip\xc8\v2.32\pic\sources\c99\common\sprcmul.c estimated size: 1066

C:\Program Files\Microchip\xc8\v2.32\pic\sources\c99\common\awmod.c
		___awmod       		CODE           	59B0	0000	176

C:\Program Files\Microchip\xc8\v2.32\pic\sources\c99\common\awmod.c estimated size: 176

mcc_generated_files/mcc.c
		_OSCILLATOR_Initialize		CODE           	67FC	0000	10
		_SYSTEM_Initialize		CODE           	6760	0000	22

mcc_generated_files/mcc.c estimated size: 32

C:\Program Files\Microchip\xc8\v2.32\pic\sources\c99\common\sprcdiv.c
		___fldiv       		CODE           	466E	0000	922

C:\Program Files\Microchip\xc8\v2.32\pic\sources\c99\common\sprcdiv.c estimated size: 922

C:\Program Files\Microchip\xc8\v2.32\pic\sources\c99\common\fltol.c
		___fltol       		CODE           	51FA	0000	262

C:\Program Files\Microchip\xc8\v2.32\pic\sources\c99\common\fltol.c estimated size: 262

mcc_generated_files/i2c_master.c
		_I2C_Close     		CODE           	6626	0000	44
		_I2C_MasterStartRx		CODE           	68A8	0000	4
		_I2C_DO_SEND_ADR_WRITE		CODE           	67AE	0000	16
		_I2C_MasterWaitForEvent		CODE           	679E	0000	16
		_I2C_DO_SEND_STOP		CODE           	6860	0000	8
		_I2C_MasterSendNack		CODE           	688E	0000	6
		_I2C_MasterDisableIrq		CODE           	68C0	0000	4
		_I2C_CallbackReturnStop		CODE           	68B0	0000	4
		_I2C_MasterOperation		CODE           	6374	0000	68
		_I2C_DO_SEND_ADR_READ		CODE           	67BE	0000	16
		_I2C_DO_RX_NACK_STOP		CODE           	6850	0000	8
		_I2C_DO_SEND_RESTART		CODE           	6868	0000	8
		_I2C_DO_RX     		CODE           	5B0A	0000	166
		_I2C_DO_TX     		CODE           	582C	0000	196
		_I2C_DO_IDLE   		CODE           	67E6	0000	12
		_I2C_DO_RCEN   		CODE           	67DA	0000	12
		_I2C_Poller    		CODE           	6712	0000	30
		_I2C_DO_RESET  		CODE           	67CE	0000	12
		_I2C_MasterClose		CODE           	68C4	0000	4
		_I2C_MasterWrite		CODE           	6840	0000	8
		_I2C_DO_RX_ACK 		CODE           	6858	0000	8
		_I2C_MasterStart		CODE           	68BC	0000	4
		_I2C_MasterClearIrq		CODE           	68C8	0000	4
		_I2C_MasterGetRxData		CODE           	68A4	0000	4
		_I2C_SetCallback		CODE           	5DD6	0000	122
		_I2C_DO_ADDRESS_NACK		CODE           	6018	0000	102
		_I2C_MasterEnableRestart		CODE           	68B8	0000	4
		_I2C_CallbackReturnReset		CODE           	68AC	0000	4
		_I2C_Open      		CODE           	5C46	0000	142
		_I2C_SetAddressNackCallback		CODE           	6730	0000	24
		_I2C_DO_TX_EMPTY		CODE           	5D5A	0000	124
		_I2C_DO_SEND_RESTART_WRITE		CODE           	6870	0000	8
		_I2C_MasterIsNack		CODE           	6776	0000	20
		_I2C_SetDataCompleteCallback		CODE           	6748	0000	24
		_I2C_DO_RX_NACK_RESTART		CODE           	6848	0000	8
		_I2C_MasterSendAck		CODE           	6888	0000	6
		_I2C_MasterFsm 		CODE           	5F3A	0000	112
		_I2C_MasterSetIrq		CODE           	68A0	0000	4
		_I2C_DO_SEND_RESTART_READ		CODE           	6878	0000	8
		_I2C_Initialize		CODE           	678A	0000	20
		_I2C_SetBuffer 		CODE           	66CC	0000	36
		_I2C_MasterRead		CODE           	6838	0000	8
		_I2C_MasterOpen		CODE           	66F0	0000	34
		_I2C_MasterSendTxData		CODE           	6880	0000	8
		_I2C_MasterStop		CODE           	68B4	0000	4

mcc_generated_files/i2c_master.c estimated size: 1484

C:\Program Files\Microchip\xc8\v2.32\pic\sources\c99\common\xxtofl.c
		___xxtofl      		CODE           	4EAC	0000	436

C:\Program Files\Microchip\xc8\v2.32\pic\sources\c99\common\xxtofl.c estimated size: 436

C:\Program Files\Microchip\xc8\v2.32\pic\sources\c99\common\printf.c
		_printf        		CODE           	6652	0000	42

C:\Program Files\Microchip\xc8\v2.32\pic\sources\c99\common\printf.c estimated size: 42

C:\Program Files\Microchip\xc8\v2.32\pic\sources\c99\common\nf_fputc.c
		_fputc         		CODE           	5BB0	0000	150

C:\Program Files\Microchip\xc8\v2.32\pic\sources\c99\common\nf_fputc.c estimated size: 150

mcc_generated_files/eusart.c
		_EUSART_SetRxInterruptHandler		CODE           	6810	0000	10
		_EUSART_SetTxInterruptHandler		CODE           	6806	0000	10
		_putch         		CODE           	67F2	0000	10
		_EUSART_DefaultOverrunErrorHandler		CODE           	6894	0000	6
		_EUSART_Write  		CODE           	61FA	0000	88
		_EUSART_DefaultErrorHandler		CODE           	689A	0000	6
		_EUSART_Transmit_ISR		CODE           	63B8	0000	66
		_EUSART_Initialize		CODE           	5E50	0000	118
		_EUSART_SetFramingErrorHandler		CODE           	6824	0000	10
		_EUSART_SetErrorHandler		CODE           	682E	0000	10
		_EUSART_SetOverrunErrorHandler		CODE           	681A	0000	10
		_EUSART_Receive_ISR		CODE           	58F0	0000	192
		_EUSART_RxDataHandler		CODE           	667C	0000	42
		_EUSART_DefaultFramingErrorHandler		CODE           	68D0	0000	2

mcc_generated_files/eusart.c estimated size: 580

main.c
		_main          		CODE           	56A4	0000	196

main.c estimated size: 196

C:\Program Files\Microchip\xc8\v2.32\pic\sources\c99\common\strlen.c
		_strlen        		CODE           	64E2	0000	54

C:\Program Files\Microchip\xc8\v2.32\pic\sources\c99\common\strlen.c estimated size: 54

C:\Program Files\Microchip\xc8\v2.32\pic\sources\c99\common\flge.c
		___flge        		CODE           	5300	0000	260

C:\Program Files\Microchip\xc8\v2.32\pic\sources\c99\common\flge.c estimated size: 260

C:\Program Files\Microchip\xc8\v2.32\pic\sources\c99\common\floorf.c
		_floorf        		CODE           	4C9A	0000	530

C:\Program Files\Microchip\xc8\v2.32\pic\sources\c99\common\floorf.c estimated size: 530

C:\Program Files\Microchip\xc8\v2.32\pic\sources\c99\common\strcpy.c
		_strcpy        		CODE           	6142	0000	94

C:\Program Files\Microchip\xc8\v2.32\pic\sources\c99\common\strcpy.c estimated size: 94

