Microchip MPLAB XC8 Compiler V2.32

Linker command line:

-W-3 --edf=C:\Program Files\Microchip\xc8\v2.32\pic\dat\en_msgs.txt -cn \
  -h+dist/default/production\VL53L0XMK2v11.0.0.X.production.sym \
  --cmf=dist/default/production\VL53L0XMK2v11.0.0.X.production.cmf -z \
  -Q18F46K20 -oC:\Users\Torben\AppData\Local\Temp\xcAs9r0.5 \
  --defsym=__MPLAB_BUILD=1 \
  -Mdist/default/production/VL53L0XMK2v11.0.0.X.production.map -E1 \
  -ver=XC8 Compiler --acfsm=1493 -ASTACK=0174h-0F5Fh -pstack=STACK \
  -ACODE=00h-0FFFFh -ACONST=00h-0FFFFh -ASMALLCONST=01000h-010FFhx240 \
  -AMEDIUMCONST=01000h-0FFFFh -ACOMRAM=01h-05Fh -AABS1=00h-0F5Fh \
  -ABIGRAM=01h-0F5Fh -ARAM=060h-0FFh,0100h-01FFhx14,0F00h-0F5Fh \
  -ABANK0=060h-0FFh -ABANK1=0100h-01FFh -ABANK2=0200h-02FFh \
  -ABANK3=0300h-03FFh -ABANK4=0400h-04FFh -ABANK5=0500h-05FFh \
  -ABANK6=0600h-06FFh -ABANK7=0700h-07FFh -ABANK8=0800h-08FFh \
  -ABANK9=0900h-09FFh -ABANK10=0A00h-0AFFh -ABANK11=0B00h-0BFFh \
  -ABANK12=0C00h-0CFFh -ABANK13=0D00h-0DFFh -ABANK14=0E00h-0EFFh \
  -ABANK15=0F00h-0F5Fh -ASFR=0F60h-0FFFh -ACONFIG=0300000h-030000Dh \
  -AIDLOC=0200000h-0200007h -AEEDATA=0F00000h-0F003FFh -peeprom_data=EEDATA \
  -preset_vec=00h,intcode=08h,intcodelo,powerup,init -pramtop=01000h \
  -psmallconst=SMALLCONST -pmediumconst=MEDIUMCONST -pconst=CONST \
  -AFARRAM=00h-00h \
  -prdata=COMRAM,nvrram=COMRAM,nvbit=COMRAM,rbss=COMRAM,rbit=COMRAM \
  -pfarbss=FARRAM,fardata=FARRAM,nvFARRAM=FARRAM \
  -pintsave_regs=BIGRAM,bigbss=BIGRAM,bigdata=BIGRAM -pbss=RAM \
  -pidata=CODE,irdata=CODE,ibigdata=CODE,ifardata=CODE -prparam=COMRAM \
  C:\Users\Torben\AppData\Local\Temp\xcAs9r0.o \
  dist/default/production\VL53L0XMK2v11.0.0.X.production.o 

Object code version is 3.11

Machine type is 18F46K20



                Name                               Link     Load   Length Selector   Space Scale
C:\Users\Torben\AppData\Local\Temp\xcAs9r0.o
                idloc                            200000   200000        8        0       5
                config                           300000   300000        E        0       4
                init                                 B0       B0        4        4       0
                reset_vec                             0        0        4        0       0
dist/default/production\VL53L0XMK2v11.0.0.X.production.o
                intcode                               8        8       A8        4       0
                idloc                            200000   200000        8        0       5
                config                           300000   300000        E        0       4
                temp                                 5B       5B        1        1       1
                smallconst                         1000     1000       4A      800       0
                text105                            660C     660C       2A      825       0
                text104                            682A     682A        6      825       0
                text103                            6860     6860        2      825       0
                text102                            6824     6824        6      825       0
                text101                            581C     581C       C0      825       0
                text100                            6348     6348       42      825       0
                text98                             67BE     67BE        A      825       0
                text97                             67B4     67B4        A      825       0
                text96                             67AA     67AA        A      825       0
                text95                             67A0     67A0        A      825       0
                text94                             6796     6796        A      825       0
                text93                             5D7C     5D7C       76      825       0
                text92                             671A     671A       14      825       0
                text91                             685C     685C        4      825       0
                text90                             678C     678C        A      825       0
                text89                             64A8     64A8       32      825       0
                text88                             66F0     66F0       16      825       0
                text87                             6858     6858        4      825       0
                text86                             6854     6854        4      825       0
                text85                             6850     6850        4      825       0
                text84                             65B6     65B6       2C      825       0
                text83                             684C     684C        4      825       0
                text82                             6848     6848        4      825       0
                text81                             6844     6844        4      825       0
                text80                             665C     665C       24      825       0
                text79                             5D02     5D02       7A      825       0
                text78                             66D8     66D8       18      825       0
                text77                             658A     658A       2C      825       0
                text76                             655E     655E       2C      825       0
                text75                             6532     6532       2C      825       0
                text74                             6506     6506       2C      825       0
                text73                             638A     638A       40      825       0
                text72                             6840     6840        4      825       0
                text71                             683C     683C        4      825       0
                text70                             6838     6838        4      825       0
                text69                             681E     681E        6      825       0
                text68                             6834     6834        4      825       0
                text67                             6818     6818        6      825       0
                text66                             6810     6810        8      825       0
                text65                             6706     6706       14      825       0
                text64                             6830     6830        4      825       0
                text63                             5C86     5C86       7C      825       0
                text62                             6776     6776        C      825       0
                text61                             674E     674E       10      825       0
                text60                             673E     673E       10      825       0
                text59                             5758     5758       C4      825       0
                text58                             5A36     5A36       A6      825       0
                text57                             676A     676A        C      825       0
                text56                             6808     6808        8      825       0
                text55                             6800     6800        8      825       0
                text54                             67F8     67F8        8      825       0
                text53                             67F0     67F0        8      825       0
                text52                             67E8     67E8        8      825       0
                text51                             67E0     67E0        8      825       0
                text50                             67D8     67D8        8      825       0
                text49                             675E     675E        C      825       0
                text48                             5F44     5F44       66      825       0
                text47                             5E66     5E66       70      825       0
                text46                             672E     672E       10      825       0
                text45                             66A2     66A2       1E      825       0
                text44                             6304     6304       44      825       0
                text43                             67D0     67D0        8      825       0
                text42                             6680     6680       22      825       0
                text41                             5B72     5B72       8E      825       0
                text40                             66C0     66C0       18      825       0
                text39                             5DF2     5DF2       74      825       0
                text38                             5C00     5C00       86      825       0
                text37                             67C8     67C8        8      825       0
                text36                             627A     627A       46      825       0
                text35                             5ED6     5ED6       6E      825       0
                text34                             6130     6130       5A      825       0
                text33                             104A     104A     1BF0      825       0
                text32                             4E9C     4E9C      1B4      825       0
                text31                             4A04     4A04      286      825       0
                text30                             6636     6636       26      825       0
                text29                             643A     643A       38      825       0
                text28                             61E2     61E2       52      825       0
                text27                             5050     5050      19A      825       0
                text26                             5694     5694       C4      825       0
                text25                             58DC     58DC       B0      825       0
                text24                             466A     466A      39A      825       0
                text23                             598C     598C       AA      825       0
                text22                             52F0     52F0      104      825       0
                text21                             4240     4240      42A      825       0
                text20                             6402     6402       38      825       0
                text19                             38E0     38E0      4C0      825       0
                text18                             6234     6234       46      825       0
                text17                             51EA     51EA      106      825       0
                text16                             53F4     53F4       FE      825       0
                text15                             4C8A     4C8A      212      825       0
                text14                             618A     618A       58      825       0
                text13                             6782     6782        A      825       0
                text12                             5ADC     5ADC       96      825       0
                text11                             62C0     62C0       44      825       0
                text10                             6472     6472       36      825       0
                text9                              55CE     55CE       C6      825       0
                text8                              60D2     60D2       5E      825       0
                text7                              63CA     63CA       38      825       0
                text6                              6072     6072       60      825       0
                text5                              2C3A     2C3A      CA6      825       0
                text4                              54F2     54F2       DC      825       0
                text3                              3DA0     3DA0      4A0      825       0
                text2                              600E     600E       64      825       0
                text1                              65E2     65E2       2A      825       0
                text0                              5FAA     5FAA       64      825       0
                cstackCOMRAM                          1        1       55        1       1
                cstackBANK0                          B9       B9       44       60       1
                cstackBANK1                         170      170        4      100       1
                bssBANK1                            100      100       68      100       1
                bssBANK0                             60       60       59       60       1
                bssCOMRAM                            56       56        5        1       1
                cinit                              64DA     64DA       2C      825       0
                nvBANK1                             168      168        8      100       1
                nvBANK0                              FD       FD        3       60       1

TOTAL           Name                               Link     Load   Length     Space
        CLASS   STACK          

        CLASS   CODE           
                intcode                               8        8       A8         0
                init                                 B0       B0        4         0
                reset_vec                             0        0        4         0
                text105                            660C     660C       2A         0
                text104                            682A     682A        6         0
                text103                            6860     6860        2         0
                text102                            6824     6824        6         0
                text101                            581C     581C       C0         0
                text100                            6348     6348       42         0
                text98                             67BE     67BE        A         0
                text97                             67B4     67B4        A         0
                text96                             67AA     67AA        A         0
                text95                             67A0     67A0        A         0
                text94                             6796     6796        A         0
                text93                             5D7C     5D7C       76         0
                text92                             671A     671A       14         0
                text91                             685C     685C        4         0
                text90                             678C     678C        A         0
                text89                             64A8     64A8       32         0
                text88                             66F0     66F0       16         0
                text87                             6858     6858        4         0
                text86                             6854     6854        4         0
                text85                             6850     6850        4         0
                text84                             65B6     65B6       2C         0
                text83                             684C     684C        4         0
                text82                             6848     6848        4         0
                text81                             6844     6844        4         0
                text80                             665C     665C       24         0
                text79                             5D02     5D02       7A         0
                text78                             66D8     66D8       18         0
                text77                             658A     658A       2C         0
                text76                             655E     655E       2C         0
                text75                             6532     6532       2C         0
                text74                             6506     6506       2C         0
                text73                             638A     638A       40         0
                text72                             6840     6840        4         0
                text71                             683C     683C        4         0
                text70                             6838     6838        4         0
                text69                             681E     681E        6         0
                text68                             6834     6834        4         0
                text67                             6818     6818        6         0
                text66                             6810     6810        8         0
                text65                             6706     6706       14         0
                text64                             6830     6830        4         0
                text63                             5C86     5C86       7C         0
                text62                             6776     6776        C         0
                text61                             674E     674E       10         0
                text60                             673E     673E       10         0
                text59                             5758     5758       C4         0
                text58                             5A36     5A36       A6         0
                text57                             676A     676A        C         0
                text56                             6808     6808        8         0
                text55                             6800     6800        8         0
                text54                             67F8     67F8        8         0
                text53                             67F0     67F0        8         0
                text52                             67E8     67E8        8         0
                text51                             67E0     67E0        8         0
                text50                             67D8     67D8        8         0
                text49                             675E     675E        C         0
                text48                             5F44     5F44       66         0
                text47                             5E66     5E66       70         0
                text46                             672E     672E       10         0
                text45                             66A2     66A2       1E         0
                text44                             6304     6304       44         0
                text43                             67D0     67D0        8         0
                text42                             6680     6680       22         0
                text41                             5B72     5B72       8E         0
                text40                             66C0     66C0       18         0
                text39                             5DF2     5DF2       74         0
                text38                             5C00     5C00       86         0
                text37                             67C8     67C8        8         0
                text36                             627A     627A       46         0
                text35                             5ED6     5ED6       6E         0
                text34                             6130     6130       5A         0
                text33                             104A     104A     1BF0         0
                text32                             4E9C     4E9C      1B4         0
                text31                             4A04     4A04      286         0
                text30                             6636     6636       26         0
                text29                             643A     643A       38         0
                text28                             61E2     61E2       52         0
                text27                             5050     5050      19A         0
                text26                             5694     5694       C4         0
                text25                             58DC     58DC       B0         0
                text24                             466A     466A      39A         0
                text23                             598C     598C       AA         0
                text22                             52F0     52F0      104         0
                text21                             4240     4240      42A         0
                text20                             6402     6402       38         0
                text19                             38E0     38E0      4C0         0
                text18                             6234     6234       46         0
                text17                             51EA     51EA      106         0
                text16                             53F4     53F4       FE         0
                text15                             4C8A     4C8A      212         0
                text14                             618A     618A       58         0
                text13                             6782     6782        A         0
                text12                             5ADC     5ADC       96         0
                text11                             62C0     62C0       44         0
                text10                             6472     6472       36         0
                text9                              55CE     55CE       C6         0
                text8                              60D2     60D2       5E         0
                text7                              63CA     63CA       38         0
                text6                              6072     6072       60         0
                text5                              2C3A     2C3A      CA6         0
                text4                              54F2     54F2       DC         0
                text3                              3DA0     3DA0      4A0         0
                text2                              600E     600E       64         0
                text1                              65E2     65E2       2A         0
                text0                              5FAA     5FAA       64         0
                cinit                              64DA     64DA       2C         0

        CLASS   CONST          

        CLASS   SMALLCONST     
                smallconst                         1000     1000       4A         0

        CLASS   MEDIUMCONST    

        CLASS   COMRAM         
                temp                                 5B       5B        1         1
                cstackCOMRAM                          1        1       55         1
                bssCOMRAM                            56       56        5         1

        CLASS   ABS1           

        CLASS   BIGRAM         

        CLASS   RAM            

        CLASS   BANK0          
                cstackBANK0                          B9       B9       44         1
                bssBANK0                             60       60       59         1
                nvBANK0                              FD       FD        3         1

        CLASS   BANK1          
                cstackBANK1                         170      170        4         1
                bssBANK1                            100      100       68         1
                nvBANK1                             168      168        8         1

        CLASS   BANK2          

        CLASS   BANK3          

        CLASS   BANK4          

        CLASS   BANK5          

        CLASS   BANK6          

        CLASS   BANK7          

        CLASS   BANK8          

        CLASS   BANK9          

        CLASS   BANK10         

        CLASS   BANK11         

        CLASS   BANK12         

        CLASS   BANK13         

        CLASS   BANK14         

        CLASS   BANK15         

        CLASS   SFR            

        CLASS   CONFIG         
                config                           300000   300000        E         4

        CLASS   IDLOC          
                idloc                            200000   200000        8         5

        CLASS   EEDATA         

        CLASS   FARRAM         



SEGMENTS        Name                           Load    Length   Top    Selector   Space  Class

                reset_vec                      000000  000004  000004         0       0  CODE    
                cstackCOMRAM                   000001  00005B  00005C         1       1  COMRAM  
                intcode                        000008  0000AC  0000B4         4       0  CODE    
                bssBANK0                       000060  0000A0  000100        60       1  BANK0   
                bssBANK1                       000100  000074  000174       100       1  BANK1   
                smallconst                     001000  00004A  00104A       800       0  SMALLCON
                text33                         00104A  005818  006862       825       0  CODE    


UNUSED ADDRESS RANGES

        Name                Unused          Largest block    Delta
        BANK1            000174-0001FF               8C
        BANK10           000A00-000AFF              100
        BANK11           000B00-000BFF              100
        BANK12           000C00-000CFF              100
        BANK13           000D00-000DFF              100
        BANK14           000E00-000EFF              100
        BANK15           000F00-000F5F               60
        BANK2            000200-0002FF              100
        BANK3            000300-0003FF              100
        BANK4            000400-0004FF              100
        BANK5            000500-0005FF              100
        BANK6            000600-0006FF              100
        BANK7            000700-0007FF              100
        BANK8            000800-0008FF              100
        BANK9            000900-0009FF              100
        BIGRAM           00005C-00005F                4
                         000174-000F5F              DEC
        CODE             000004-000007                4
                         0000B4-000FFF              F4C
                         006862-00FFFF             979E
        COMRAM           00005C-00005F                4
        CONST            000004-000007                4
                         0000B4-000FFF              F4C
                         006862-00FFFF             979E
        EEDATA           F00000-F003FF              400
        MEDIUMCONST      006862-00FFFF             979E
        RAM              000174-000F5F              100
        SFR              000F60-000FFF               A0
        SMALLCONST       006862-00FFFF              100
        STACK            000174-000F5F              DEC

                                  Symbol Table

?_I2C_Read2ByteRegister                        cstackCOMRAM 000016
?_VL53L0X_Millimeter_GetValue                  cstackCOMRAM 00001E
?___awdiv                                      cstackCOMRAM 000005
?___awmod                                      cstackCOMRAM 000005
?___fladd                                      cstackCOMRAM 000005
?___fldiv                                      cstackCOMRAM 000005
?___flmul                                      cstackCOMRAM 000005
?___flneg                                      cstackCOMRAM 000005
?___flsub                                      cstackCOMRAM 00001E
?___fltol                                      cstackCOMRAM 000005
?___fpclassifyf                                cstackCOMRAM 000005
?___wmul                                       cstackCOMRAM 000005
?___xxtofl                                     cstackCOMRAM 000005
?_atoi                                         cstackCOMRAM 00000C
?_efgtoa                                       cstackCOMRAM 000032
?_floorf                                       cstackCOMRAM 00001E
?_isdigit                                      cstackCOMRAM 000005
?_isspace                                      cstackCOMRAM 000005
?_isupper                                      cstackCOMRAM 000005
?_pad                                          cstackCOMRAM 000017
?_printf                                       cstackBANK0  0000F7
?_strlen                                       cstackCOMRAM 000005
?_strncmp                                      cstackCOMRAM 000005
?_tolower                                      cstackCOMRAM 00000B
?_vfpfcnvrt                                    cstackCOMRAM 00003E
?_vfprintf                                     cstackBANK0  0000F1
EUSART_SetErrorHandler@interruptHandler        cstackCOMRAM 000005
EUSART_SetFramingErrorHandler@interruptHandler cstackCOMRAM 000005
EUSART_SetOverrunErrorHandler@interruptHandler cstackCOMRAM 000005
EUSART_SetRxInterruptHandler@interruptHandler  cstackCOMRAM 000005
EUSART_SetTxInterruptHandler@interruptHandler  cstackCOMRAM 000005
EUSART_Write@txData                            cstackCOMRAM 000005
I2C_CallbackReturnReset@funPtr                 cstackCOMRAM 00000E
I2C_Close@returnValue                          cstackCOMRAM 000005
I2C_MasterOperation@read                       cstackCOMRAM 000014
I2C_MasterOperation@returnValue                cstackCOMRAM 000015
I2C_MasterSendTxData@data                      cstackCOMRAM 000005
I2C_Open@address                               cstackCOMRAM 000005
I2C_Open@returnValue                           cstackCOMRAM 000006
I2C_Read1ByteRegister@address                  cstackCOMRAM 000017
I2C_Read1ByteRegister@reg                      cstackCOMRAM 000016
I2C_Read1ByteRegister@returnValue              cstackCOMRAM 000018
I2C_Read2ByteRegister@address                  cstackCOMRAM 00001B
I2C_Read2ByteRegister@reg                      cstackCOMRAM 000016
I2C_Read2ByteRegister@returnValue              cstackCOMRAM 00001C
I2C_ReadNBytes@address                         cstackCOMRAM 00001A
I2C_ReadNBytes@data                            cstackCOMRAM 000016
I2C_ReadNBytes@len                             cstackCOMRAM 000018
I2C_SetAddressNackCallback@cb                  cstackCOMRAM 00000A
I2C_SetAddressNackCallback@ptr                 cstackCOMRAM 00000C
I2C_SetBuffer@buffer                           cstackCOMRAM 000005
I2C_SetBuffer@bufferSize                       cstackCOMRAM 000007
I2C_SetCallback@cb                             cstackCOMRAM 000005
I2C_SetCallback@idx                            cstackCOMRAM 000009
I2C_SetCallback@ptr                            cstackCOMRAM 000007
I2C_SetDataCompleteCallback@cb                 cstackCOMRAM 00000A
I2C_SetDataCompleteCallback@ptr                cstackCOMRAM 00000C
I2C_Write1ByteRegister@address                 cstackCOMRAM 000018
I2C_Write1ByteRegister@data                    cstackCOMRAM 000017
I2C_Write1ByteRegister@reg                     cstackCOMRAM 000016
I2C_WriteNBytes@address                        cstackCOMRAM 00001A
I2C_WriteNBytes@data                           cstackCOMRAM 000016
I2C_WriteNBytes@len                            cstackCOMRAM 000018
VL53L0X_Init@data16                            cstackCOMRAM 000020
VL53L0X_Init@data8                             cstackCOMRAM 000022
VL53L0X_Millimeter_GetValue@DistDistanzAnz     cstackCOMRAM 000022
VL53L0X_Millimeter_GetValue@data16             cstackCOMRAM 000026
VL53L0X_Millimeter_GetValue@data8              cstackCOMRAM 000028
_ANSEL                                         (abs)        000F7E
_ANSELH                                        (abs)        000F7F
_BAUDCON                                       (abs)        000FB8
_EUSART_DefaultErrorHandler                    text104      00682A
_EUSART_DefaultFramingErrorHandler             text103      006860
_EUSART_DefaultOverrunErrorHandler             text102      006824
_EUSART_ErrorHandler                           nvBANK1      000168
_EUSART_FramingErrorHandler                    nvBANK1      00016C
_EUSART_Initialize                             text93       005D7C
_EUSART_OverrunErrorHandler                    nvBANK1      00016A
_EUSART_Receive_ISR                            text101      00581C
_EUSART_RxDataHandler                          text105      00660C
_EUSART_RxDefaultInterruptHandler              nvBANK1      00016E
_EUSART_SetErrorHandler                        text98       0067BE
_EUSART_SetFramingErrorHandler                 text97       0067B4
_EUSART_SetOverrunErrorHandler                 text96       0067AA
_EUSART_SetRxInterruptHandler                  text95       0067A0
_EUSART_SetTxInterruptHandler                  text94       006796
_EUSART_Transmit_ISR                           text100      006348
_EUSART_TxDefaultInterruptHandler              nvBANK0      0000FD
_EUSART_Write                                  text14       00618A
_I2C_CallbackReturnReset                       text71       00683C
_I2C_CallbackReturnStop                        text72       006840
_I2C_Close                                     text84       0065B6
_I2C_DO_ADDRESS_NACK                           text48       005F44
_I2C_DO_IDLE                                   text62       006776
_I2C_DO_RCEN                                   text57       00676A
_I2C_DO_RESET                                  text49       00675E
_I2C_DO_RX                                     text58       005A36
_I2C_DO_RX_ACK                                 text52       0067E8
_I2C_DO_RX_NACK_RESTART                        text50       0067D8
_I2C_DO_RX_NACK_STOP                           text51       0067E0
_I2C_DO_SEND_ADR_READ                          text61       00674E
_I2C_DO_SEND_ADR_WRITE                         text60       00673E
_I2C_DO_SEND_RESTART                           text54       0067F8
_I2C_DO_SEND_RESTART_READ                      text56       006808
_I2C_DO_SEND_RESTART_WRITE                     text55       006800
_I2C_DO_SEND_STOP                              text53       0067F0
_I2C_DO_TX                                     text59       005758
_I2C_DO_TX_EMPTY                               text63       005C86
_I2C_Initialize                                text92       00671A
_I2C_MasterClearIrq                            text87       006858
_I2C_MasterClose                               text86       006854
_I2C_MasterDisableIrq                          text85       006850
_I2C_MasterEnableRestart                       text82       006848
_I2C_MasterFsm                                 text47       005E66
_I2C_MasterGetRxData                           text68       006834
_I2C_MasterIsNack                              text65       006706
_I2C_MasterOpen                                text42       006680
_I2C_MasterOperation                           text44       006304
_I2C_MasterRead                                text37       0067C8
_I2C_MasterSendAck                             text67       006818
_I2C_MasterSendNack                            text69       00681E
_I2C_MasterSendTxData                          text66       006810
_I2C_MasterSetIrq                              text64       006830
_I2C_MasterStart                               text83       00684C
_I2C_MasterStartRx                             text70       006838
_I2C_MasterStop                                text81       006844
_I2C_MasterWaitForEvent                        text46       00672E
_I2C_MasterWrite                               text43       0067D0
_I2C_Open                                      text41       005B72
_I2C_Poller                                    text45       0066A2
_I2C_Read1ByteRegister                         text39       005DF2
_I2C_Read2ByteRegister                         text38       005C00
_I2C_ReadNBytes                                text36       00627A
_I2C_SetAddressNackCallback                    text40       0066C0
_I2C_SetBuffer                                 text80       00665C
_I2C_SetCallback                               text79       005D02
_I2C_SetDataCompleteCallback                   text78       0066D8
_I2C_Status                                    bssBANK0     000060
_I2C_Write1ByteRegister                        text35       005ED6
_I2C_WriteNBytes                               text34       006130
_INTCON2bits                                   (abs)        000FF1
_INTCONbits                                    (abs)        000FF2
_INTERRUPT_Initialize                          text91       00685C
_INTERRUPT_InterruptManager                    intcode      000008
_LATA                                          (abs)        000F89
_LATB                                          (abs)        000F8A
_LATC                                          (abs)        000F8B
_LATD                                          (abs)        000F8C
_LATDbits                                      (abs)        000F8C
_LATE                                          (abs)        000F8D
_OSCCON                                        (abs)        000FD3
_OSCILLATOR_Initialize                         text90       00678C
_OSCTUNE                                       (abs)        000F9B
_PIE1bits                                      (abs)        000F9D
_PIN_MANAGER_Initialize                        text89       0064A8
_PIR1bits                                      (abs)        000F9E
_PIR2bits                                      (abs)        000FA1
_RCONbits                                      (abs)        000FD0
_RCREG                                         (abs)        000FAE
_RCSTA                                         (abs)        000FAB
_RCSTAbits                                     (abs)        000FAB
_SPBRG                                         (abs)        000FAF
_SPBRGH                                        (abs)        000FB0
_SSPADD                                        (abs)        000FC8
_SSPBUF                                        (abs)        000FC9
_SSPCON1                                       (abs)        000FC6
_SSPCON1bits                                   (abs)        000FC6
_SSPCON2                                       (abs)        000FC5
_SSPCON2bits                                   (abs)        000FC5
_SSPSTAT                                       (abs)        000FC7
_SSPSTATbits                                   (abs)        000FC7
_SYSTEM_Initialize                             text88       0066F0
_TRISA                                         (abs)        000F92
_TRISB                                         (abs)        000F93
_TRISC                                         (abs)        000F94
_TRISD                                         (abs)        000F95
_TRISE                                         (abs)        000F96
_TXREG                                         (abs)        000FAD
_TXSTA                                         (abs)        000FAC
_TXSTAbits                                     (abs)        000FAC
_VL53L0X_Init                                  text33       00104A
_VL53L0X_Millimeter_GetValue                   text31       004A04
_WPUB                                          (abs)        000F7C
__HRAM                                         (abs)        000000
__Habs1                                        abs1         000000
__Hbank0                                       bank0        000000
__Hbank1                                       bank1        000000
__Hbank10                                      bank10       000000
__Hbank11                                      bank11       000000
__Hbank12                                      bank12       000000
__Hbank13                                      bank13       000000
__Hbank14                                      bank14       000000
__Hbank15                                      bank15       000000
__Hbank2                                       bank2        000000
__Hbank3                                       bank3        000000
__Hbank4                                       bank4        000000
__Hbank5                                       bank5        000000
__Hbank6                                       bank6        000000
__Hbank7                                       bank7        000000
__Hbank8                                       bank8        000000
__Hbank9                                       bank9        000000
__Hbigbss                                      bigbss       000000
__Hbigdata                                     bigdata      000000
__Hbigram                                      bigram       000000
__Hbss                                         bss          000000
__HbssBANK0                                    bssBANK0     000000
__HbssBANK1                                    bssBANK1     000000
__HbssCOMRAM                                   bssCOMRAM    000000
__Hcinit                                       cinit        000000
__Hclrtext                                     clrtext      000000
__Hcomram                                      comram       000000
__Hconfig                                      config       30000E
__Hconst                                       const        000000
__HcstackBANK0                                 cstackBANK0  000000
__HcstackBANK1                                 cstackBANK1  000000
__HcstackCOMRAM                                cstackCOMRAM 000000
__Hdata                                        data         000000
__Heeprom_data                                 eeprom_data  000000
__Hfarbss                                      farbss       000000
__Hfardata                                     fardata      000000
__Hibigdata                                    ibigdata     000000
__Hidata                                       idata        000000
__Hidloc                                       idloc        200008
__Hifardata                                    ifardata     000000
__Hinit                                        init         0000B4
__Hintcode                                     intcode      0000B0
__Hintcode_body                                intcode_body 000000
__Hintcodelo                                   intcodelo    0000B0
__Hintentry                                    intentry     000000
__Hintret                                      intret       000000
__Hintsave_regs                                intsave_regs 000000
__Hirdata                                      irdata       000000
__Hmediumconst                                 mediumconst  000000
__HnvBANK0                                     nvBANK0      000000
__HnvBANK1                                     nvBANK1      000000
__HnvFARRAM                                    nvFARRAM     000000
__Hnvbit                                       nvbit        000000
__Hnvrram                                      nvrram       000000
__Hparam                                       rparam       000000
__Hpowerup                                     powerup      0000B0
__Hram                                         ram          000000
__Hramtop                                      ramtop       001000
__Hrbit                                        rbit         000000
__Hrbss                                        rbss         000000
__Hrdata                                       rdata        000000
__Hreset_vec                                   reset_vec    000004
__Hrparam                                      rparam       000000
__Hsfr                                         sfr          000000
__Hsmallconst                                  smallconst   00104A
__Hspace_0                                     (abs)        006862
__Hspace_1                                     (abs)        000174
__Hspace_2                                     (abs)        000000
__Hspace_4                                     (abs)        60000E
__Hstack                                       stack        000000
__Hstruct                                      struct       000000
__Htemp                                        temp         00005C
__Htext                                        text         000000
__Htext0                                       text0        000000
__Htext1                                       text1        000000
__Htext10                                      text10       000000
__Htext100                                     text100      000000
__Htext101                                     text101      000000
__Htext102                                     text102      000000
__Htext103                                     text103      000000
__Htext104                                     text104      000000
__Htext105                                     text105      000000
__Htext106                                     text106      000000
__Htext11                                      text11       000000
__Htext12                                      text12       000000
__Htext13                                      text13       000000
__Htext14                                      text14       000000
__Htext15                                      text15       000000
__Htext16                                      text16       000000
__Htext17                                      text17       000000
__Htext18                                      text18       000000
__Htext19                                      text19       000000
__Htext2                                       text2        000000
__Htext20                                      text20       000000
__Htext21                                      text21       000000
__Htext22                                      text22       000000
__Htext23                                      text23       000000
__Htext24                                      text24       000000
__Htext25                                      text25       000000
__Htext26                                      text26       000000
__Htext27                                      text27       000000
__Htext28                                      text28       000000
__Htext29                                      text29       000000
__Htext3                                       text3        000000
__Htext30                                      text30       000000
__Htext31                                      text31       000000
__Htext32                                      text32       000000
__Htext33                                      text33       000000
__Htext34                                      text34       000000
__Htext35                                      text35       000000
__Htext36                                      text36       000000
__Htext37                                      text37       000000
__Htext38                                      text38       000000
__Htext39                                      text39       000000
__Htext4                                       text4        000000
__Htext40                                      text40       000000
__Htext41                                      text41       000000
__Htext42                                      text42       000000
__Htext43                                      text43       000000
__Htext44                                      text44       000000
__Htext45                                      text45       000000
__Htext46                                      text46       000000
__Htext47                                      text47       000000
__Htext48                                      text48       000000
__Htext49                                      text49       000000
__Htext5                                       text5        000000
__Htext50                                      text50       000000
__Htext51                                      text51       000000
__Htext52                                      text52       000000
__Htext53                                      text53       000000
__Htext54                                      text54       000000
__Htext55                                      text55       000000
__Htext56                                      text56       000000
__Htext57                                      text57       000000
__Htext58                                      text58       000000
__Htext59                                      text59       000000
__Htext6                                       text6        000000
__Htext60                                      text60       000000
__Htext61                                      text61       000000
__Htext62                                      text62       000000
__Htext63                                      text63       000000
__Htext64                                      text64       000000
__Htext65                                      text65       000000
__Htext66                                      text66       000000
__Htext67                                      text67       000000
__Htext68                                      text68       000000
__Htext69                                      text69       000000
__Htext7                                       text7        000000
__Htext70                                      text70       000000
__Htext71                                      text71       000000
__Htext72                                      text72       000000
__Htext73                                      text73       000000
__Htext74                                      text74       000000
__Htext75                                      text75       000000
__Htext76                                      text76       000000
__Htext77                                      text77       000000
__Htext78                                      text78       000000
__Htext79                                      text79       000000
__Htext8                                       text8        000000
__Htext80                                      text80       000000
__Htext81                                      text81       000000
__Htext82                                      text82       000000
__Htext83                                      text83       000000
__Htext84                                      text84       000000
__Htext85                                      text85       000000
__Htext86                                      text86       000000
__Htext87                                      text87       000000
__Htext88                                      text88       000000
__Htext89                                      text89       000000
__Htext9                                       text9        000000
__Htext90                                      text90       000000
__Htext91                                      text91       000000
__Htext92                                      text92       000000
__Htext93                                      text93       000000
__Htext94                                      text94       000000
__Htext95                                      text95       000000
__Htext96                                      text96       000000
__Htext97                                      text97       000000
__Htext98                                      text98       000000
__LRAM                                         (abs)        000001
__Labs1                                        abs1         000000
__Lbank0                                       bank0        000000
__Lbank1                                       bank1        000000
__Lbank10                                      bank10       000000
__Lbank11                                      bank11       000000
__Lbank12                                      bank12       000000
__Lbank13                                      bank13       000000
__Lbank14                                      bank14       000000
__Lbank15                                      bank15       000000
__Lbank2                                       bank2        000000
__Lbank3                                       bank3        000000
__Lbank4                                       bank4        000000
__Lbank5                                       bank5        000000
__Lbank6                                       bank6        000000
__Lbank7                                       bank7        000000
__Lbank8                                       bank8        000000
__Lbank9                                       bank9        000000
__Lbigbss                                      bigbss       000000
__Lbigdata                                     bigdata      000000
__Lbigram                                      bigram       000000
__Lbss                                         bss          000000
__LbssBANK0                                    bssBANK0     000000
__LbssBANK1                                    bssBANK1     000000
__LbssCOMRAM                                   bssCOMRAM    000000
__Lcinit                                       cinit        000000
__Lclrtext                                     clrtext      000000
__Lcomram                                      comram       000000
__Lconfig                                      config       000000
__Lconst                                       const        000000
__LcstackBANK0                                 cstackBANK0  000000
__LcstackBANK1                                 cstackBANK1  000000
__LcstackCOMRAM                                cstackCOMRAM 000000
__Ldata                                        data         000000
__Leeprom_data                                 eeprom_data  000000
__Lfarbss                                      farbss       000000
__Lfardata                                     fardata      000000
__Libigdata                                    ibigdata     000000
__Lidata                                       idata        000000
__Lidloc                                       idloc        000000
__Lifardata                                    ifardata     000000
__Linit                                        init         0000B0
__Lintcode                                     intcode      000008
__Lintcode_body                                intcode_body 000000
__Lintcodelo                                   intcodelo    0000B0
__Lintentry                                    intentry     000000
__Lintret                                      intret       000000
__Lintsave_regs                                intsave_regs 000000
__Lirdata                                      irdata       000000
__Lmediumconst                                 mediumconst  000000
__LnvBANK0                                     nvBANK0      000000
__LnvBANK1                                     nvBANK1      000000
__LnvFARRAM                                    nvFARRAM     000000
__Lnvbit                                       nvbit        000000
__Lnvrram                                      nvrram       000000
__Lparam                                       rparam       000000
__Lpowerup                                     powerup      0000B0
__Lram                                         ram          000000
__Lramtop                                      ramtop       001000
__Lrbit                                        rbit         000000
__Lrbss                                        rbss         000000
__Lrdata                                       rdata        000000
__Lreset_vec                                   reset_vec    000000
__Lrparam                                      rparam       000000
__Lsfr                                         sfr          000000
__Lsmallconst                                  smallconst   001000
__Lspace_0                                     (abs)        000000
__Lspace_1                                     (abs)        000000
__Lspace_2                                     (abs)        000000
__Lspace_4                                     (abs)        000000
__Lstack                                       stack        000000
__Lstruct                                      struct       000000
__Ltemp                                        temp         00005B
__Ltext                                        text         000000
__Ltext0                                       text0        000000
__Ltext1                                       text1        000000
__Ltext10                                      text10       000000
__Ltext100                                     text100      000000
__Ltext101                                     text101      000000
__Ltext102                                     text102      000000
__Ltext103                                     text103      000000
__Ltext104                                     text104      000000
__Ltext105                                     text105      000000
__Ltext106                                     text106      000000
__Ltext11                                      text11       000000
__Ltext12                                      text12       000000
__Ltext13                                      text13       000000
__Ltext14                                      text14       000000
__Ltext15                                      text15       000000
__Ltext16                                      text16       000000
__Ltext17                                      text17       000000
__Ltext18                                      text18       000000
__Ltext19                                      text19       000000
__Ltext2                                       text2        000000
__Ltext20                                      text20       000000
__Ltext21                                      text21       000000
__Ltext22                                      text22       000000
__Ltext23                                      text23       000000
__Ltext24                                      text24       000000
__Ltext25                                      text25       000000
__Ltext26                                      text26       000000
__Ltext27                                      text27       000000
__Ltext28                                      text28       000000
__Ltext29                                      text29       000000
__Ltext3                                       text3        000000
__Ltext30                                      text30       000000
__Ltext31                                      text31       000000
__Ltext32                                      text32       000000
__Ltext33                                      text33       000000
__Ltext34                                      text34       000000
__Ltext35                                      text35       000000
__Ltext36                                      text36       000000
__Ltext37                                      text37       000000
__Ltext38                                      text38       000000
__Ltext39                                      text39       000000
__Ltext4                                       text4        000000
__Ltext40                                      text40       000000
__Ltext41                                      text41       000000
__Ltext42                                      text42       000000
__Ltext43                                      text43       000000
__Ltext44                                      text44       000000
__Ltext45                                      text45       000000
__Ltext46                                      text46       000000
__Ltext47                                      text47       000000
__Ltext48                                      text48       000000
__Ltext49                                      text49       000000
__Ltext5                                       text5        000000
__Ltext50                                      text50       000000
__Ltext51                                      text51       000000
__Ltext52                                      text52       000000
__Ltext53                                      text53       000000
__Ltext54                                      text54       000000
__Ltext55                                      text55       000000
__Ltext56                                      text56       000000
__Ltext57                                      text57       000000
__Ltext58                                      text58       000000
__Ltext59                                      text59       000000
__Ltext6                                       text6        000000
__Ltext60                                      text60       000000
__Ltext61                                      text61       000000
__Ltext62                                      text62       000000
__Ltext63                                      text63       000000
__Ltext64                                      text64       000000
__Ltext65                                      text65       000000
__Ltext66                                      text66       000000
__Ltext67                                      text67       000000
__Ltext68                                      text68       000000
__Ltext69                                      text69       000000
__Ltext7                                       text7        000000
__Ltext70                                      text70       000000
__Ltext71                                      text71       000000
__Ltext72                                      text72       000000
__Ltext73                                      text73       000000
__Ltext74                                      text74       000000
__Ltext75                                      text75       000000
__Ltext76                                      text76       000000
__Ltext77                                      text77       000000
__Ltext78                                      text78       000000
__Ltext79                                      text79       000000
__Ltext8                                       text8        000000
__Ltext80                                      text80       000000
__Ltext81                                      text81       000000
__Ltext82                                      text82       000000
__Ltext83                                      text83       000000
__Ltext84                                      text84       000000
__Ltext85                                      text85       000000
__Ltext86                                      text86       000000
__Ltext87                                      text87       000000
__Ltext88                                      text88       000000
__Ltext89                                      text89       000000
__Ltext9                                       text9        000000
__Ltext90                                      text90       000000
__Ltext91                                      text91       000000
__Ltext92                                      text92       000000
__Ltext93                                      text93       000000
__Ltext94                                      text94       000000
__Ltext95                                      text95       000000
__Ltext96                                      text96       000000
__Ltext97                                      text97       000000
__Ltext98                                      text98       000000
__S0                                           (abs)        006862
__S1                                           (abs)        000174
__S2                                           (abs)        000000
__S4                                           (abs)        000000
__S5                                           (abs)        000000
___awdiv                                       text26       005694
___awdiv@counter                               cstackCOMRAM 000009
___awdiv@dividend                              cstackCOMRAM 000005
___awdiv@divisor                               cstackCOMRAM 000007
___awdiv@quotient                              cstackCOMRAM 00000B
___awdiv@sign                                  cstackCOMRAM 00000A
___awmod                                       text25       0058DC
___awmod@counter                               cstackCOMRAM 000009
___awmod@dividend                              cstackCOMRAM 000005
___awmod@divisor                               cstackCOMRAM 000007
___awmod@sign                                  cstackCOMRAM 00000A
___fladd                                       text19       0038E0
___fladd@a                                     cstackCOMRAM 000009
___fladd@aexp                                  cstackCOMRAM 000012
___fladd@b                                     cstackCOMRAM 000005
___fladd@bexp                                  cstackCOMRAM 000013
___fladd@grs                                   cstackCOMRAM 000014
___fladd@signs                                 cstackCOMRAM 000011
___fldiv                                       text24       00466A
___fldiv@a                                     cstackCOMRAM 000009
___fldiv@aexp                                  cstackCOMRAM 00001D
___fldiv@b                                     cstackCOMRAM 000005
___fldiv@bexp                                  cstackCOMRAM 00001C
___fldiv@grs                                   cstackCOMRAM 000018
___fldiv@new_exp                               cstackCOMRAM 000016
___fldiv@rem                                   cstackCOMRAM 000011
___fldiv@sign                                  cstackCOMRAM 000015
___fleq                                        text23       00598C
___fleq@ff1                                    cstackCOMRAM 000005
___fleq@ff2                                    cstackCOMRAM 000009
___flge                                        text22       0052F0
___flge@ff1                                    cstackCOMRAM 00001E
___flge@ff2                                    cstackCOMRAM 000022
___flmul                                       text21       004240
___flmul@a                                     cstackCOMRAM 000009
___flmul@aexp                                  cstackCOMRAM 000012
___flmul@b                                     cstackCOMRAM 000005
___flmul@bexp                                  cstackCOMRAM 000017
___flmul@grs                                   cstackCOMRAM 000013
___flmul@prod                                  cstackCOMRAM 000018
___flmul@sign                                  cstackCOMRAM 000011
___flmul@temp                                  cstackCOMRAM 00001C
___flneg                                       text20       006402
___flneg@f1                                    cstackCOMRAM 000005
___flsub                                       text18       006234
___flsub@a                                     cstackCOMRAM 000022
___flsub@b                                     cstackCOMRAM 00001E
___fltol                                       text17       0051EA
___fltol@exp1                                  cstackCOMRAM 00000E
___fltol@f1                                    cstackCOMRAM 000005
___fltol@sign1                                 cstackCOMRAM 00000D
___fpclassifyf                                 text16       0053F4
___fpclassifyf@F465                            bssBANK0     000098
___fpclassifyf@e                               cstackCOMRAM 00000D
___fpclassifyf@u                               cstackCOMRAM 00000F
___fpclassifyf@x                               cstackCOMRAM 000005
___inthi_sp                                    stack        000000
___intlo_sp                                    stack        000000
___param_bank                                  (abs)        000000
___rparam_used                                 (abs)        000001
___sp                                          stack        000000
___wmul                                        text30       006636
___wmul@multiplicand                           cstackCOMRAM 000007
___wmul@multiplier                             cstackCOMRAM 000005
___wmul@product                                cstackCOMRAM 000009
___xxtofl                                      text32       004E9C
___xxtofl@arg                                  cstackCOMRAM 00000F
___xxtofl@exp                                  cstackCOMRAM 00000E
___xxtofl@sign                                 cstackCOMRAM 00000D
___xxtofl@val                                  cstackCOMRAM 000005
__accesstop                                    (abs)        000060
__activetblptr                                 (abs)        000003
__end_of_EUSART_DefaultErrorHandler            text104      006830
__end_of_EUSART_DefaultFramingErrorHandler     text103      006862
__end_of_EUSART_DefaultOverrunErrorHandler     text102      00682A
__end_of_EUSART_Initialize                     text93       005DF2
__end_of_EUSART_Receive_ISR                    text101      0058DC
__end_of_EUSART_RxDataHandler                  text105      006636
__end_of_EUSART_SetErrorHandler                text98       0067C8
__end_of_EUSART_SetFramingErrorHandler         text97       0067BE
__end_of_EUSART_SetOverrunErrorHandler         text96       0067B4
__end_of_EUSART_SetRxInterruptHandler          text95       0067AA
__end_of_EUSART_SetTxInterruptHandler          text94       0067A0
__end_of_EUSART_Transmit_ISR                   text100      00638A
__end_of_EUSART_Write                          text14       0061E2
__end_of_I2C_CallbackReturnReset               text71       006840
__end_of_I2C_CallbackReturnStop                text72       006844
__end_of_I2C_Close                             text84       0065E2
__end_of_I2C_DO_ADDRESS_NACK                   text48       005FAA
__end_of_I2C_DO_IDLE                           text62       006782
__end_of_I2C_DO_RCEN                           text57       006776
__end_of_I2C_DO_RESET                          text49       00676A
__end_of_I2C_DO_RX                             text58       005ADC
__end_of_I2C_DO_RX_ACK                         text52       0067F0
__end_of_I2C_DO_RX_NACK_RESTART                text50       0067E0
__end_of_I2C_DO_RX_NACK_STOP                   text51       0067E8
__end_of_I2C_DO_SEND_ADR_READ                  text61       00675E
__end_of_I2C_DO_SEND_ADR_WRITE                 text60       00674E
__end_of_I2C_DO_SEND_RESTART                   text54       006800
__end_of_I2C_DO_SEND_RESTART_READ              text56       006810
__end_of_I2C_DO_SEND_RESTART_WRITE             text55       006808
__end_of_I2C_DO_SEND_STOP                      text53       0067F8
__end_of_I2C_DO_TX                             text59       00581C
__end_of_I2C_DO_TX_EMPTY                       text63       005D02
__end_of_I2C_Initialize                        text92       00672E
__end_of_I2C_MasterClearIrq                    text87       00685C
__end_of_I2C_MasterClose                       text86       006858
__end_of_I2C_MasterDisableIrq                  text85       006854
__end_of_I2C_MasterEnableRestart               text82       00684C
__end_of_I2C_MasterFsm                         text47       005ED6
__end_of_I2C_MasterGetRxData                   text68       006838
__end_of_I2C_MasterIsNack                      text65       00671A
__end_of_I2C_MasterOpen                        text42       0066A2
__end_of_I2C_MasterOperation                   text44       006348
__end_of_I2C_MasterRead                        text37       0067D0
__end_of_I2C_MasterSendAck                     text67       00681E
__end_of_I2C_MasterSendNack                    text69       006824
__end_of_I2C_MasterSendTxData                  text66       006818
__end_of_I2C_MasterSetIrq                      text64       006834
__end_of_I2C_MasterStart                       text83       006850
__end_of_I2C_MasterStartRx                     text70       00683C
__end_of_I2C_MasterStop                        text81       006848
__end_of_I2C_MasterWaitForEvent                text46       00673E
__end_of_I2C_MasterWrite                       text43       0067D8
__end_of_I2C_Open                              text41       005C00
__end_of_I2C_Poller                            text45       0066C0
__end_of_I2C_Read1ByteRegister                 text39       005E66
__end_of_I2C_Read2ByteRegister                 text38       005C86
__end_of_I2C_ReadNBytes                        text36       0062C0
__end_of_I2C_SetAddressNackCallback            text40       0066D8
__end_of_I2C_SetBuffer                         text80       006680
__end_of_I2C_SetCallback                       text79       005D7C
__end_of_I2C_SetDataCompleteCallback           text78       0066F0
__end_of_I2C_Write1ByteRegister                text35       005F44
__end_of_I2C_WriteNBytes                       text34       00618A
__end_of_INTERRUPT_Initialize                  text91       006860
__end_of_INTERRUPT_InterruptManager            intcode      0000B0
__end_of_OSCILLATOR_Initialize                 text90       006796
__end_of_PIN_MANAGER_Initialize                text89       0064DA
__end_of_SYSTEM_Initialize                     text88       006706
__end_of_VL53L0X_Init                          text33       002C3A
__end_of_VL53L0X_Millimeter_GetValue           text31       004C8A
__end_of___awdiv                               text26       005758
__end_of___awmod                               text25       00598C
__end_of___fladd                               text19       003DA0
__end_of___fldiv                               text24       004A04
__end_of___fleq                                text23       005A36
__end_of___flge                                text22       0053F4
__end_of___flmul                               text21       00466A
__end_of___flneg                               text20       00643A
__end_of___flsub                               text18       00627A
__end_of___fltol                               text17       0052F0
__end_of___fpclassifyf                         text16       0054F2
__end_of___wmul                                text30       00665C
__end_of___xxtofl                              text32       005050
__end_of__initialization                       cinit        0064FC
__end_of_atoi                                  text27       0051EA
__end_of_efgtoa                                text5        0038E0
__end_of_floorf                                text15       004E9C
__end_of_fputc                                 text12       005B72
__end_of_fputs                                 text11       006304
__end_of_fsmStateTable                         smallconst   001021
__end_of_isdigit                               text29       006472
__end_of_isspace                               text28       006234
__end_of_isupper                               text7        006402
__end_of_main                                  text0        00600E
__end_of_pad                                   text9        005694
__end_of_printf                                text1        00660C
__end_of_putch                                 text13       00678C
__end_of_rd1RegCompleteHandler                 text76       00658A
__end_of_rd2RegCompleteHandler                 text75       00655E
__end_of_rdBlkRegCompleteHandler               text73       0063CA
__end_of_strcpy                                text8        006130
__end_of_strlen                                text10       0064A8
__end_of_strncmp                               text4        0055CE
__end_of_tolower                               text6        0060D2
__end_of_vfpfcnvrt                             text3        004240
__end_of_vfprintf                              text2        006072
__end_of_wr1RegCompleteHandler                 text74       006532
__end_of_wr2RegCompleteHandler                 text77       0065B6
__initialization                               cinit        0064DA
__mediumconst                                  mediumconst  000000
__pbssBANK0                                    bssBANK0     000060
__pbssBANK1                                    bssBANK1     000100
__pbssCOMRAM                                   bssCOMRAM    000056
__pcinit                                       cinit        0064DA
__pcstackBANK0                                 cstackBANK0  0000B9
__pcstackBANK1                                 cstackBANK1  000170
__pcstackCOMRAM                                cstackCOMRAM 000001
__pintcode                                     intcode      000008
__pnvBANK0                                     nvBANK0      0000FD
__pnvBANK1                                     nvBANK1      000168
__psmallconst                                  smallconst   001000
__ptext0                                       text0        005FAA
__ptext1                                       text1        0065E2
__ptext10                                      text10       006472
__ptext100                                     text100      006348
__ptext101                                     text101      00581C
__ptext102                                     text102      006824
__ptext103                                     text103      006860
__ptext104                                     text104      00682A
__ptext105                                     text105      00660C
__ptext106                                     text106      000000
__ptext11                                      text11       0062C0
__ptext12                                      text12       005ADC
__ptext13                                      text13       006782
__ptext14                                      text14       00618A
__ptext15                                      text15       004C8A
__ptext16                                      text16       0053F4
__ptext17                                      text17       0051EA
__ptext18                                      text18       006234
__ptext19                                      text19       0038E0
__ptext2                                       text2        00600E
__ptext20                                      text20       006402
__ptext21                                      text21       004240
__ptext22                                      text22       0052F0
__ptext23                                      text23       00598C
__ptext24                                      text24       00466A
__ptext25                                      text25       0058DC
__ptext26                                      text26       005694
__ptext27                                      text27       005050
__ptext28                                      text28       0061E2
__ptext29                                      text29       00643A
__ptext3                                       text3        003DA0
__ptext30                                      text30       006636
[...]
_efgtoa$2149                                   cstackBANK0  0000BB
_efgtoa$2154                                   cstackBANK0  0000BD
_efgtoa$2158                                   cstackBANK0  0000BF
_efgtoa$2159                                   cstackBANK0  0000C1
_efgtoa$2160                                   cstackBANK0  0000C3
_eusartRxBuffer                                bssBANK1     000100
_eusartRxCount                                 bssCOMRAM    000056
_eusartRxHead                                  bssCOMRAM    000058
_eusartRxLastError                             bssBANK0     0000A8
_eusartRxStatusBuffer                          bssBANK0     000084
_eusartRxTail                                  bssCOMRAM    000057
_eusartTxBuffer                                bssBANK0     00008C
_eusartTxBufferRemaining                       nvBANK0      0000FF
_eusartTxHead                                  bssCOMRAM    00005A
_eusartTxTail                                  bssCOMRAM    000059
_flags                                         bssBANK0     0000A6
_floorf                                        text15       004C8A
_fputc                                         text12       005ADC
_fputs                                         text11       0062C0
_fsmStateTable                                 smallconst   001001
_isdigit                                       text29       00643A
_isspace                                       text28       0061E2
_isspace$2243                                  cstackCOMRAM 00000B
_isupper                                       text7        0063CA
_main                                          text0        005FAA
_nout                                          bssBANK0     0000A0
_pad                                           text9        0055CE
_prec                                          bssBANK0     0000A4
_printf                                        text1        0065E2
_putch                                         text13       006782
_range_mm                                      bssBANK0     00009C
_rd1RegCompleteHandler                         text76       00655E
_rd2RegCompleteHandler                         text75       006532
_rdBlkRegCompleteHandler                       text73       00638A
_readBuffer                                    bssBANK1     000158
_strcpy                                        text8        0060D2
_strlen                                        text10       006472
_strncmp                                       text4        0054F2
_tolower                                       text6        006072
_tolower$2301                                  cstackCOMRAM 000011
_vfpfcnvrt                                     text3        003DA0
_vfpfcnvrt$2174                                cstackCOMRAM 000048
_vfpfcnvrt$2178                                cstackCOMRAM 00004A
_vfprintf                                      text2        00600E
_width                                         bssBANK0     0000A2
_wr1RegCompleteHandler                         text74       006506
_wr2RegCompleteHandler                         text77       00658A
_writeBuffer                                   bssBANK0     0000A9
atoi@n                                         cstackCOMRAM 000019
atoi@neg                                       cstackCOMRAM 000012
atoi@s                                         cstackCOMRAM 00000C
btemp                                          temp         00005B
efgtoa@c                                       cstackCOMRAM 000038
efgtoa@d                                       cstackBANK0  0000D1
efgtoa@e                                       cstackBANK0  0000E9
efgtoa@f                                       cstackCOMRAM 000034
efgtoa@fp                                      cstackCOMRAM 000032
efgtoa@g                                       cstackBANK0  0000E5
efgtoa@h                                       cstackBANK0  0000DB
efgtoa@i                                       cstackBANK0  0000E3
efgtoa@l                                       cstackBANK0  0000DF
efgtoa@m                                       cstackBANK0  0000CB
efgtoa@mode                                    cstackBANK0  0000DA
efgtoa@n                                       cstackBANK0  0000EB
efgtoa@ne                                      cstackBANK0  0000C9
efgtoa@nmode                                   cstackBANK0  0000D9
efgtoa@ou                                      cstackBANK0  0000CD
efgtoa@p                                       cstackBANK0  0000D5
efgtoa@pp                                      cstackBANK0  0000C7
efgtoa@sign                                    cstackBANK0  0000D3
efgtoa@t                                       cstackBANK0  0000C5
efgtoa@u                                       cstackBANK0  0000ED
efgtoa@w                                       cstackBANK0  0000D7
end_of_initialization                          cinit        0064FC
floorf@F527                                    bssBANK0     000094
floorf@e                                       cstackCOMRAM 00002C
floorf@m                                       cstackCOMRAM 000028
floorf@u                                       cstackCOMRAM 00002E
floorf@x                                       cstackCOMRAM 00001E
fputc@c                                        cstackCOMRAM 000007
fputc@fp                                       cstackCOMRAM 000009
fputs@c                                        cstackCOMRAM 000014
fputs@fp                                       cstackCOMRAM 000012
fputs@i                                        cstackCOMRAM 000015
fputs@s                                        cstackCOMRAM 000010
int$flags                                      temp         00005B
intlevel0                                      text         000000
intlevel1                                      text         000000
intlevel2                                      text         000000
intlevel3                                      text         000000
isa$std                                        (abs)        000001
isa$xinst                                      (abs)        000000
isdigit@c                                      cstackCOMRAM 000005
isspace@c                                      cstackCOMRAM 000005
isupper@c                                      cstackCOMRAM 000005
pad@buf                                        cstackCOMRAM 000019
pad@fp                                         cstackCOMRAM 000017
pad@i                                          cstackCOMRAM 00001E
pad@p                                          cstackCOMRAM 00001B
pad@w                                          cstackCOMRAM 000020
printf@ap                                      cstackBANK1  000170
printf@fmt                                     cstackBANK0  0000F7
putch@txData                                   cstackCOMRAM 000006
rd1RegCompleteHandler@ptr                      cstackCOMRAM 00000E
rd2RegCompleteHandler@ptr                      cstackCOMRAM 00000E
rdBlkRegCompleteHandler@ptr                    cstackCOMRAM 00000E
stackhi                                        (abs)        000F5F
stacklo                                        (abs)        000174
start                                          init         0000B0
start_initialization                           cinit        0064DA
strcpy@d                                       cstackCOMRAM 00000D
strcpy@dest                                    cstackCOMRAM 000005
strcpy@s                                       cstackCOMRAM 00000B
strcpy@src                                     cstackCOMRAM 000007
strlen@a                                       cstackCOMRAM 000007
strlen@s                                       cstackCOMRAM 000005
strncmp@_l                                     cstackCOMRAM 000005
strncmp@_r                                     cstackCOMRAM 000007
strncmp@l                                      cstackCOMRAM 00000C
strncmp@n                                      cstackCOMRAM 000009
strncmp@r                                      cstackCOMRAM 00000E
tolower@c                                      cstackCOMRAM 00000B
ttemp5                                         temp         00005C
ttemp6                                         temp         00005F
ttemp7                                         temp         000063
vfpfcnvrt@ap                                   cstackCOMRAM 000042
vfpfcnvrt@c                                    cstackCOMRAM 000053
vfpfcnvrt@ct                                   cstackCOMRAM 000050
vfpfcnvrt@f                                    cstackCOMRAM 00004C
vfpfcnvrt@fmt                                  cstackCOMRAM 000040
vfpfcnvrt@fp                                   cstackCOMRAM 00003E
vfprintf@ap                                    cstackBANK0  0000F5
vfprintf@cfmt                                  cstackCOMRAM 000054
vfprintf@fmt                                   cstackBANK0  0000F3
vfprintf@fp                                    cstackBANK0  0000F1
wr1RegCompleteHandler@ptr                      cstackCOMRAM 00000E
wr2RegCompleteHandler@ptr                      cstackCOMRAM 00000E
wtemp8                                         temp         00005C


MODULE INFORMATION

Module		Function		Class		Link	Load	Size
C:\Program Files\Microchip\xc8\v2.32\pic\sources\c99\common\awdiv.c
		___awdiv       		CODE           	5694	0000	196

C:\Program Files\Microchip\xc8\v2.32\pic\sources\c99\common\awdiv.c estimated size: 196

C:\Program Files\Microchip\xc8\v2.32\pic\sources\c99\common\isdigit.c
		_isdigit       		CODE           	643A	0000	56

C:\Program Files\Microchip\xc8\v2.32\pic\sources\c99\common\isdigit.c estimated size: 56

C:\Program Files\Microchip\xc8\v2.32\pic\sources\c99\common\sprcadd.c
		___flsub       		CODE           	6234	0000	70
		___fladd       		CODE           	38E0	0000	1216

C:\Program Files\Microchip\xc8\v2.32\pic\sources\c99\common\sprcadd.c estimated size: 1286

C:\Program Files\Microchip\xc8\v2.32\pic\sources\c99\common\doprnt.c
		_vfpfcnvrt     		CODE           	3DA0	0000	1184
		_efgtoa        		CODE           	2C3A	0000	3238
		_pad           		CODE           	55CE	0000	198
		_vfprintf      		CODE           	600E	0000	100

C:\Program Files\Microchip\xc8\v2.32\pic\sources\c99\common\doprnt.c estimated size: 4720

C:\Program Files\Microchip\xc8\v2.32\pic\sources\c99\common\flneg.c
		___flneg       		CODE           	6402	0000	56

C:\Program Files\Microchip\xc8\v2.32\pic\sources\c99\common\flneg.c estimated size: 56

mcc_generated_files/interrupt_manager.c
		_INTERRUPT_Initialize		CODE           	685C	0000	4
		_INTERRUPT_InterruptManager		CODE           	0008	0000	168

mcc_generated_files/interrupt_manager.c estimated size: 172

mcc_generated_files/examples/i2c_master_example.c
		_wr1RegCompleteHandler		CODE           	6506	0000	44
		_wr2RegCompleteHandler		CODE           	658A	0000	44
		_I2C_Write1ByteRegister		CODE           	5ED6	0000	110
		_I2C_Read1ByteRegister		CODE           	5DF2	0000	116
		_I2C_Read2ByteRegister		CODE           	5C00	0000	134
		_rdBlkRegCompleteHandler		CODE           	638A	0000	64
		_rd1RegCompleteHandler		CODE           	655E	0000	44
		_rd2RegCompleteHandler		CODE           	6532	0000	44
		_I2C_ReadNBytes		CODE           	627A	0000	70
		_I2C_WriteNBytes		CODE           	6130	0000	90

mcc_generated_files/examples/i2c_master_example.c estimated size: 760

mcc_generated_files/pin_manager.c
		_PIN_MANAGER_Initialize		CODE           	64A8	0000	50

mcc_generated_files/pin_manager.c estimated size: 50

vl53l0x.c
		_VL53L0X_Init  		CODE           	104A	0000	7152
		_VL53L0X_Millimeter_GetValue		CODE           	4A04	0000	646

vl53l0x.c estimated size: 7798

C:\Program Files\Microchip\xc8\v2.32\pic\sources\c99\common\atoi.c
		_atoi          		CODE           	5050	0000	410

C:\Program Files\Microchip\xc8\v2.32\pic\sources\c99\common\atoi.c estimated size: 410

C:\Program Files\Microchip\xc8\v2.32\pic\sources\c99\common\nf_fputs.c
		_fputs         		CODE           	62C0	0000	68

C:\Program Files\Microchip\xc8\v2.32\pic\sources\c99\common\nf_fputs.c estimated size: 68

C:\Program Files\Microchip\xc8\v2.32\pic\sources\c99\common\fleq.c
		___fleq        		CODE           	598C	0000	170

C:\Program Files\Microchip\xc8\v2.32\pic\sources\c99\common\fleq.c estimated size: 170

C:\Program Files\Microchip\xc8\v2.32\pic\sources\c99\common\__fpclassifyf.c
		___fpclassifyf 		CODE           	53F4	0000	254

C:\Program Files\Microchip\xc8\v2.32\pic\sources\c99\common\__fpclassifyf.c estimated size: 254

C:\Program Files\Microchip\xc8\v2.32\pic\sources\c99\common\isupper.c
		_isupper       		CODE           	63CA	0000	56

C:\Program Files\Microchip\xc8\v2.32\pic\sources\c99\common\isupper.c estimated size: 56

C:\Program Files\Microchip\xc8\v2.32\pic\sources\c99\common\Umul16.c
		___wmul        		CODE           	6636	0000	38

C:\Program Files\Microchip\xc8\v2.32\pic\sources\c99\common\Umul16.c estimated size: 38

C:\Program Files\Microchip\xc8\v2.32\pic\sources\c99\common\isspace.c
		_isspace       		CODE           	61E2	0000	82

C:\Program Files\Microchip\xc8\v2.32\pic\sources\c99\common\isspace.c estimated size: 82

C:\Program Files\Microchip\xc8\v2.32\pic\sources\c99\common\strncmp.c
		_strncmp       		CODE           	54F2	0000	220

C:\Program Files\Microchip\xc8\v2.32\pic\sources\c99\common\strncmp.c estimated size: 220

C:\Program Files\Microchip\xc8\v2.32\pic\sources\c99\common\tolower.c
		_tolower       		CODE           	6072	0000	96

C:\Program Files\Microchip\xc8\v2.32\pic\sources\c99\common\tolower.c estimated size: 96

shared
		__initialization		CODE           	64DA	0000	34
		_fsmStateTable 		SMALLCONST     	1001	0000	32

shared estimated size: 66

C:\Program Files\Microchip\xc8\v2.32\pic\sources\c99\common\sprcmul.c
		___flmul       		CODE           	4240	0000	1066

C:\Program Files\Microchip\xc8\v2.32\pic\sources\c99\common\sprcmul.c estimated size: 1066

C:\Program Files\Microchip\xc8\v2.32\pic\sources\c99\common\awmod.c
		___awmod       		CODE           	58DC	0000	176

C:\Program Files\Microchip\xc8\v2.32\pic\sources\c99\common\awmod.c estimated size: 176

mcc_generated_files/mcc.c
		_OSCILLATOR_Initialize		CODE           	678C	0000	10
		_SYSTEM_Initialize		CODE           	66F0	0000	22

mcc_generated_files/mcc.c estimated size: 32

C:\Program Files\Microchip\xc8\v2.32\pic\sources\c99\common\sprcdiv.c
		___fldiv       		CODE           	466A	0000	922

C:\Program Files\Microchip\xc8\v2.32\pic\sources\c99\common\sprcdiv.c estimated size: 922

C:\Program Files\Microchip\xc8\v2.32\pic\sources\c99\common\fltol.c
		___fltol       		CODE           	51EA	0000	262

C:\Program Files\Microchip\xc8\v2.32\pic\sources\c99\common\fltol.c estimated size: 262

mcc_generated_files/i2c_master.c
		_I2C_Close     		CODE           	65B6	0000	44
		_I2C_MasterStartRx		CODE           	6838	0000	4
		_I2C_DO_SEND_ADR_WRITE		CODE           	673E	0000	16
		_I2C_MasterWaitForEvent		CODE           	672E	0000	16
		_I2C_DO_SEND_STOP		CODE           	67F0	0000	8
		_I2C_MasterSendNack		CODE           	681E	0000	6
		_I2C_MasterDisableIrq		CODE           	6850	0000	4
		_I2C_CallbackReturnStop		CODE           	6840	0000	4
		_I2C_MasterOperation		CODE           	6304	0000	68
		_I2C_DO_SEND_ADR_READ		CODE           	674E	0000	16
		_I2C_DO_RX_NACK_STOP		CODE           	67E0	0000	8
		_I2C_DO_SEND_RESTART		CODE           	67F8	0000	8
		_I2C_DO_RX     		CODE           	5A36	0000	166
		_I2C_DO_TX     		CODE           	5758	0000	196
		_I2C_DO_IDLE   		CODE           	6776	0000	12
		_I2C_DO_RCEN   		CODE           	676A	0000	12
		_I2C_Poller    		CODE           	66A2	0000	30
		_I2C_DO_RESET  		CODE           	675E	0000	12
		_I2C_MasterClose		CODE           	6854	0000	4
		_I2C_MasterWrite		CODE           	67D0	0000	8
		_I2C_DO_RX_ACK 		CODE           	67E8	0000	8
		_I2C_MasterStart		CODE           	684C	0000	4
		_I2C_MasterClearIrq		CODE           	6858	0000	4
		_I2C_MasterGetRxData		CODE           	6834	0000	4
		_I2C_SetCallback		CODE           	5D02	0000	122
		_I2C_DO_ADDRESS_NACK		CODE           	5F44	0000	102
		_I2C_MasterEnableRestart		CODE           	6848	0000	4
		_I2C_CallbackReturnReset		CODE           	683C	0000	4
		_I2C_Open      		CODE           	5B72	0000	142
		_I2C_SetAddressNackCallback		CODE           	66C0	0000	24
		_I2C_DO_TX_EMPTY		CODE           	5C86	0000	124
		_I2C_DO_SEND_RESTART_WRITE		CODE           	6800	0000	8
		_I2C_MasterIsNack		CODE           	6706	0000	20
		_I2C_SetDataCompleteCallback		CODE           	66D8	0000	24
		_I2C_DO_RX_NACK_RESTART		CODE           	67D8	0000	8
		_I2C_MasterSendAck		CODE           	6818	0000	6
		_I2C_MasterFsm 		CODE           	5E66	0000	112
		_I2C_MasterSetIrq		CODE           	6830	0000	4
		_I2C_DO_SEND_RESTART_READ		CODE           	6808	0000	8
		_I2C_Initialize		CODE           	671A	0000	20
		_I2C_SetBuffer 		CODE           	665C	0000	36
		_I2C_MasterRead		CODE           	67C8	0000	8
		_I2C_MasterOpen		CODE           	6680	0000	34
		_I2C_MasterSendTxData		CODE           	6810	0000	8
		_I2C_MasterStop		CODE           	6844	0000	4

mcc_generated_files/i2c_master.c estimated size: 1484

C:\Program Files\Microchip\xc8\v2.32\pic\sources\c99\common\xxtofl.c
		___xxtofl      		CODE           	4E9C	0000	436

C:\Program Files\Microchip\xc8\v2.32\pic\sources\c99\common\xxtofl.c estimated size: 436

C:\Program Files\Microchip\xc8\v2.32\pic\sources\c99\common\printf.c
		_printf        		CODE           	65E2	0000	42

C:\Program Files\Microchip\xc8\v2.32\pic\sources\c99\common\printf.c estimated size: 42

C:\Program Files\Microchip\xc8\v2.32\pic\sources\c99\common\nf_fputc.c
		_fputc         		CODE           	5ADC	0000	150

C:\Program Files\Microchip\xc8\v2.32\pic\sources\c99\common\nf_fputc.c estimated size: 150

mcc_generated_files/eusart.c
		_EUSART_SetRxInterruptHandler		CODE           	67A0	0000	10
		_EUSART_SetTxInterruptHandler		CODE           	6796	0000	10
		_putch         		CODE           	6782	0000	10
		_EUSART_DefaultOverrunErrorHandler		CODE           	6824	0000	6
		_EUSART_Write  		CODE           	618A	0000	88
		_EUSART_DefaultErrorHandler		CODE           	682A	0000	6
		_EUSART_Transmit_ISR		CODE           	6348	0000	66
		_EUSART_Initialize		CODE           	5D7C	0000	118
		_EUSART_SetFramingErrorHandler		CODE           	67B4	0000	10
		_EUSART_SetErrorHandler		CODE           	67BE	0000	10
		_EUSART_SetOverrunErrorHandler		CODE           	67AA	0000	10
		_EUSART_Receive_ISR		CODE           	581C	0000	192
		_EUSART_RxDataHandler		CODE           	660C	0000	42
		_EUSART_DefaultFramingErrorHandler		CODE           	6860	0000	2

mcc_generated_files/eusart.c estimated size: 580

main.c
		_main          		CODE           	5FAA	0000	100

main.c estimated size: 100

C:\Program Files\Microchip\xc8\v2.32\pic\sources\c99\common\strlen.c
		_strlen        		CODE           	6472	0000	54

C:\Program Files\Microchip\xc8\v2.32\pic\sources\c99\common\strlen.c estimated size: 54

C:\Program Files\Microchip\xc8\v2.32\pic\sources\c99\common\flge.c
		___flge        		CODE           	52F0	0000	260

C:\Program Files\Microchip\xc8\v2.32\pic\sources\c99\common\flge.c estimated size: 260

C:\Program Files\Microchip\xc8\v2.32\pic\sources\c99\common\floorf.c
		_floorf        		CODE           	4C8A	0000	530

C:\Program Files\Microchip\xc8\v2.32\pic\sources\c99\common\floorf.c estimated size: 530

C:\Program Files\Microchip\xc8\v2.32\pic\sources\c99\common\strcpy.c
		_strcpy        		CODE           	60D2	0000	94

C:\Program Files\Microchip\xc8\v2.32\pic\sources\c99\common\strcpy.c estimated size: 94

