Microchip MPLAB XC8 Compiler V2.32

Linker command line:

-W-3 --edf=C:\Program Files\Microchip\xc8\v2.32\pic\dat\en_msgs.txt -cn \
  -h+dist/default/production\VL53L0XMK2v12.0.1.X.production.sym \
  --cmf=dist/default/production\VL53L0XMK2v12.0.1.X.production.cmf -z \
  -Q18F46K20 -oC:\Users\Torben\AppData\Local\Temp\xcAsoe8.4 \
  --defsym=__MPLAB_BUILD=1 \
  -Mdist/default/production/VL53L0XMK2v12.0.1.X.production.map -E1 \
  -ver=XC8 Compiler --acfsm=1493 -ASTACK=017Ch-0F5Fh -pstack=STACK \
  -ACODE=00h-0FFFFh -ACONST=00h-0FFFFh -ASMALLCONST=01000h-010FFhx240 \
  -AMEDIUMCONST=01000h-0FFFFh -ACOMRAM=01h-05Fh -AABS1=00h-0F5Fh \
  -ABIGRAM=01h-0F5Fh -ARAM=060h-0FFh,0100h-01FFhx14,0F00h-0F5Fh \
  -ABANK0=060h-0FFh -ABANK1=0100h-01FFh -ABANK2=0200h-02FFh \
  -ABANK3=0300h-03FFh -ABANK4=0400h-04FFh -ABANK5=0500h-05FFh \
  -ABANK6=0600h-06FFh -ABANK7=0700h-07FFh -ABANK8=0800h-08FFh \
  -ABANK9=0900h-09FFh -ABANK10=0A00h-0AFFh -ABANK11=0B00h-0BFFh \
  -ABANK12=0C00h-0CFFh -ABANK13=0D00h-0DFFh -ABANK14=0E00h-0EFFh \
  -ABANK15=0F00h-0F5Fh -ASFR=0F60h-0FFFh -ACONFIG=0300000h-030000Dh \
  -AIDLOC=0200000h-0200007h -AEEDATA=0F00000h-0F003FFh -peeprom_data=EEDATA \
  -preset_vec=00h,intcode=08h,intcodelo,powerup,init -pramtop=01000h \
  -psmallconst=SMALLCONST -pmediumconst=MEDIUMCONST -pconst=CONST \
  -AFARRAM=00h-00h \
  -prdata=COMRAM,nvrram=COMRAM,nvbit=COMRAM,rbss=COMRAM,rbit=COMRAM \
  -pfarbss=FARRAM,fardata=FARRAM,nvFARRAM=FARRAM \
  -pintsave_regs=BIGRAM,bigbss=BIGRAM,bigdata=BIGRAM -pbss=RAM \
  -pidata=CODE,irdata=CODE,ibigdata=CODE,ifardata=CODE -prparam=COMRAM \
  C:\Users\Torben\AppData\Local\Temp\xcAsoe8.o \
  dist/default/production\VL53L0XMK2v12.0.1.X.production.o 

Object code version is 3.11

Machine type is 18F46K20



                Name                               Link     Load   Length Selector   Space Scale
C:\Users\Torben\AppData\Local\Temp\xcAsoe8.o
                idloc                            200000   200000        8        0       5
                config                           300000   300000        E        0       4
                init                                 B0       B0        4        4       0
                reset_vec                             0        0        4        0       0
dist/default/production\VL53L0XMK2v12.0.1.X.production.o
                intcode                               8        8       A8        4       0
                idloc                            200000   200000        8        0       5
                config                           300000   300000        E        0       4
                temp                                 5B       5B        1        1       1
                smallconst                         1000     1000       6E      800       0
                text106                            674C     674C       2A      837       0
                text105                            697C     697C        6      837       0
                text104                            69B2     69B2        2      837       0
                text103                            6976     6976        6      837       0
                text102                            59C0     59C0       C0      837       0
                text101                            6488     6488       42      837       0
                text99                             6910     6910        A      837       0
                text98                             6906     6906        A      837       0
                text97                             68FC     68FC        A      837       0
                text96                             68F2     68F2        A      837       0
                text95                             68E8     68E8        A      837       0
                text94                             5F20     5F20       76      837       0
                text93                             685A     685A       14      837       0
                text92                             69AE     69AE        4      837       0
                text91                             68DE     68DE        A      837       0
                text90                             65E8     65E8       32      837       0
                text89                             6830     6830       16      837       0
                text88                             69AA     69AA        4      837       0
                text87                             69A6     69A6        4      837       0
                text86                             69A2     69A2        4      837       0
                text85                             66F6     66F6       2C      837       0
                text84                             699E     699E        4      837       0
                text83                             699A     699A        4      837       0
                text82                             6996     6996        4      837       0
                text81                             679C     679C       24      837       0
                text80                             5EA6     5EA6       7A      837       0
                text79                             6818     6818       18      837       0
                text78                             66CA     66CA       2C      837       0
                text77                             669E     669E       2C      837       0
                text76                             6672     6672       2C      837       0
                text75                             6646     6646       2C      837       0
                text74                             64CA     64CA       40      837       0
                text73                             6992     6992        4      837       0
                text72                             698E     698E        4      837       0
                text71                             698A     698A        4      837       0
                text70                             6970     6970        6      837       0
                text69                             6986     6986        4      837       0
                text68                             696A     696A        6      837       0
                text67                             6962     6962        8      837       0
                text66                             6846     6846       14      837       0
                text65                             6982     6982        4      837       0
                text64                             5E2A     5E2A       7C      837       0
                text63                             68C8     68C8        C      837       0
                text62                             68A0     68A0       10      837       0
                text61                             6890     6890       10      837       0
                text60                             58FC     58FC       C4      837       0
                text59                             5BDA     5BDA       A6      837       0
                text58                             68BC     68BC        C      837       0
                text57                             695A     695A        8      837       0
                text56                             6952     6952        8      837       0
                text55                             694A     694A        8      837       0
                text54                             6942     6942        8      837       0
                text53                             693A     693A        8      837       0
                text52                             6932     6932        8      837       0
                text51                             692A     692A        8      837       0
                text50                             68B0     68B0        C      837       0
                text49                             60E8     60E8       66      837       0
                text48                             600A     600A       70      837       0
                text47                             6880     6880       10      837       0
                text46                             67E2     67E2       1E      837       0
                text45                             6444     6444       44      837       0
                text44                             6922     6922        8      837       0
                text43                             67C0     67C0       22      837       0
                text42                             5D16     5D16       8E      837       0
                text41                             6800     6800       18      837       0
                text40                             5F96     5F96       74      837       0
                text39                             5DA4     5DA4       86      837       0
                text38                             691A     691A        8      837       0
                text37                             63BA     63BA       46      837       0
                text36                             607A     607A       6E      837       0
                text35                             6270     6270       5A      837       0
                text34                             106E     106E     1BEC      837       0
                text33                             4ECA     4ECA      1B4      837       0
                text32                             4A24     4A24      294      837       0
                text31                             686E     686E       12      837       0
                text30                             6776     6776       26      837       0
                text29                             657A     657A       38      837       0
                text28                             6322     6322       52      837       0
                text27                             507E     507E      19A      837       0
                text26                             5838     5838       C4      837       0
                text25                             5A80     5A80       B0      837       0
                text24                             468A     468A      39A      837       0
                text23                             5B30     5B30       AA      837       0
                text22                             5494     5494      104      837       0
                text21                             4260     4260      42A      837       0
                text20                             6542     6542       38      837       0
                text19                             3900     3900      4C0      837       0
                text18                             6374     6374       46      837       0
                text17                             538E     538E      106      837       0
                text16                             5598     5598       FE      837       0
                text15                             4CB8     4CB8      212      837       0
                text14                             62CA     62CA       58      837       0
                text13                             68D4     68D4        A      837       0
                text12                             5C80     5C80       96      837       0
                text11                             6400     6400       44      837       0
                text10                             65B2     65B2       36      837       0
                text9                              5772     5772       C6      837       0
                text8                              6212     6212       5E      837       0
                text7                              650A     650A       38      837       0
                text6                              61B2     61B2       60      837       0
                text5                              2C5A     2C5A      CA6      837       0
                text4                              5696     5696       DC      837       0
                text3                              3DC0     3DC0      4A0      837       0
                text2                              614E     614E       64      837       0
                text1                              6722     6722       2A      837       0
                text0                              5218     5218      176      837       0
                cstackCOMRAM                          1        1       55        1       1
                cstackBANK0                          B5       B5       48       60       1
                cstackBANK1                         178      178        4      100       1
                bssBANK1                            100      100       70      100       1
                bssBANK0                             60       60       55       60       1
                bssCOMRAM                            56       56        5        1       1
                cinit                              661A     661A       2C      837       0
                nvBANK1                             170      170        8      100       1
                nvBANK0                              FD       FD        3       60       1

TOTAL           Name                               Link     Load   Length     Space
        CLASS   STACK          

        CLASS   CODE           
                intcode                               8        8       A8         0
                init                                 B0       B0        4         0
                reset_vec                             0        0        4         0
                text106                            674C     674C       2A         0
                text105                            697C     697C        6         0
                text104                            69B2     69B2        2         0
                text103                            6976     6976        6         0
                text102                            59C0     59C0       C0         0
                text101                            6488     6488       42         0
                text99                             6910     6910        A         0
                text98                             6906     6906        A         0
                text97                             68FC     68FC        A         0
                text96                             68F2     68F2        A         0
                text95                             68E8     68E8        A         0
                text94                             5F20     5F20       76         0
                text93                             685A     685A       14         0
                text92                             69AE     69AE        4         0
                text91                             68DE     68DE        A         0
                text90                             65E8     65E8       32         0
                text89                             6830     6830       16         0
                text88                             69AA     69AA        4         0
                text87                             69A6     69A6        4         0
                text86                             69A2     69A2        4         0
                text85                             66F6     66F6       2C         0
                text84                             699E     699E        4         0
                text83                             699A     699A        4         0
                text82                             6996     6996        4         0
                text81                             679C     679C       24         0
                text80                             5EA6     5EA6       7A         0
                text79                             6818     6818       18         0
                text78                             66CA     66CA       2C         0
                text77                             669E     669E       2C         0
                text76                             6672     6672       2C         0
                text75                             6646     6646       2C         0
                text74                             64CA     64CA       40         0
                text73                             6992     6992        4         0
                text72                             698E     698E        4         0
                text71                             698A     698A        4         0
                text70                             6970     6970        6         0
                text69                             6986     6986        4         0
                text68                             696A     696A        6         0
                text67                             6962     6962        8         0
                text66                             6846     6846       14         0
                text65                             6982     6982        4         0
                text64                             5E2A     5E2A       7C         0
                text63                             68C8     68C8        C         0
                text62                             68A0     68A0       10         0
                text61                             6890     6890       10         0
                text60                             58FC     58FC       C4         0
                text59                             5BDA     5BDA       A6         0
                text58                             68BC     68BC        C         0
                text57                             695A     695A        8         0
                text56                             6952     6952        8         0
                text55                             694A     694A        8         0
                text54                             6942     6942        8         0
                text53                             693A     693A        8         0
                text52                             6932     6932        8         0
                text51                             692A     692A        8         0
                text50                             68B0     68B0        C         0
                text49                             60E8     60E8       66         0
                text48                             600A     600A       70         0
                text47                             6880     6880       10         0
                text46                             67E2     67E2       1E         0
                text45                             6444     6444       44         0
                text44                             6922     6922        8         0
                text43                             67C0     67C0       22         0
                text42                             5D16     5D16       8E         0
                text41                             6800     6800       18         0
                text40                             5F96     5F96       74         0
                text39                             5DA4     5DA4       86         0
                text38                             691A     691A        8         0
                text37                             63BA     63BA       46         0
                text36                             607A     607A       6E         0
                text35                             6270     6270       5A         0
                text34                             106E     106E     1BEC         0
                text33                             4ECA     4ECA      1B4         0
                text32                             4A24     4A24      294         0
                text31                             686E     686E       12         0
                text30                             6776     6776       26         0
                text29                             657A     657A       38         0
                text28                             6322     6322       52         0
                text27                             507E     507E      19A         0
                text26                             5838     5838       C4         0
                text25                             5A80     5A80       B0         0
                text24                             468A     468A      39A         0
                text23                             5B30     5B30       AA         0
                text22                             5494     5494      104         0
                text21                             4260     4260      42A         0
                text20                             6542     6542       38         0
                text19                             3900     3900      4C0         0
                text18                             6374     6374       46         0
                text17                             538E     538E      106         0
                text16                             5598     5598       FE         0
                text15                             4CB8     4CB8      212         0
                text14                             62CA     62CA       58         0
                text13                             68D4     68D4        A         0
                text12                             5C80     5C80       96         0
                text11                             6400     6400       44         0
                text10                             65B2     65B2       36         0
                text9                              5772     5772       C6         0
                text8                              6212     6212       5E         0
                text7                              650A     650A       38         0
                text6                              61B2     61B2       60         0
                text5                              2C5A     2C5A      CA6         0
                text4                              5696     5696       DC         0
                text3                              3DC0     3DC0      4A0         0
                text2                              614E     614E       64         0
                text1                              6722     6722       2A         0
                text0                              5218     5218      176         0
                cinit                              661A     661A       2C         0

        CLASS   CONST          

        CLASS   SMALLCONST     
                smallconst                         1000     1000       6E         0

        CLASS   MEDIUMCONST    

        CLASS   COMRAM         
                temp                                 5B       5B        1         1
                cstackCOMRAM                          1        1       55         1
                bssCOMRAM                            56       56        5         1

        CLASS   ABS1           

        CLASS   BIGRAM         

        CLASS   RAM            

        CLASS   BANK0          
                cstackBANK0                          B5       B5       48         1
                bssBANK0                             60       60       55         1
                nvBANK0                              FD       FD        3         1

        CLASS   BANK1          
                cstackBANK1                         178      178        4         1
                bssBANK1                            100      100       70         1
                nvBANK1                             170      170        8         1

        CLASS   BANK2          

        CLASS   BANK3          

        CLASS   BANK4          

        CLASS   BANK5          

        CLASS   BANK6          

        CLASS   BANK7          

        CLASS   BANK8          

        CLASS   BANK9          

        CLASS   BANK10         

        CLASS   BANK11         

        CLASS   BANK12         

        CLASS   BANK13         

        CLASS   BANK14         

        CLASS   BANK15         

        CLASS   SFR            

        CLASS   CONFIG         
                config                           300000   300000        E         4

        CLASS   IDLOC          
                idloc                            200000   200000        8         5

        CLASS   EEDATA         

        CLASS   FARRAM         



SEGMENTS        Name                           Load    Length   Top    Selector   Space  Class

                reset_vec                      000000  000004  000004         0       0  CODE    
                cstackCOMRAM                   000001  00005B  00005C         1       1  COMRAM  
                intcode                        000008  0000AC  0000B4         4       0  CODE    
                bssBANK0                       000060  0000A0  000100        60       1  BANK0   
                bssBANK1                       000100  00007C  00017C       100       1  BANK1   
                smallconst                     001000  00006E  00106E       800       0  SMALLCON
                text34                         00106E  005946  0069B4       837       0  CODE    


UNUSED ADDRESS RANGES

        Name                Unused          Largest block    Delta
        BANK1            00017C-0001FF               84
        BANK10           000A00-000AFF              100
        BANK11           000B00-000BFF              100
        BANK12           000C00-000CFF              100
        BANK13           000D00-000DFF              100
        BANK14           000E00-000EFF              100
        BANK15           000F00-000F5F               60
        BANK2            000200-0002FF              100
        BANK3            000300-0003FF              100
        BANK4            000400-0004FF              100
        BANK5            000500-0005FF              100
        BANK6            000600-0006FF              100
        BANK7            000700-0007FF              100
        BANK8            000800-0008FF              100
        BANK9            000900-0009FF              100
        BIGRAM           00005C-00005F                4
                         00017C-000F5F              DE4
        CODE             000004-000007                4
                         0000B4-000FFF              F4C
                         0069B4-00FFFF             964C
        COMRAM           00005C-00005F                4
        CONST            000004-000007                4
                         0000B4-000FFF              F4C
                         0069B4-00FFFF             964C
        EEDATA           F00000-F003FF              400
        MEDIUMCONST      0069B4-00FFFF             964C
        RAM              00017C-000F5F              100
        SFR              000F60-000FFF               A0
        SMALLCONST       0069B4-00FFFF              100
        STACK            00017C-000F5F              DE4

                                  Symbol Table

?_I2C_Read2ByteRegister                        cstackCOMRAM 000016
?_VL53L0X_Millimeter_GetValue                  cstackCOMRAM 00001E
?___awdiv                                      cstackCOMRAM 000005
?___awmod                                      cstackCOMRAM 000005
?___fladd                                      cstackCOMRAM 000005
?___fldiv                                      cstackCOMRAM 000005
?___flmul                                      cstackCOMRAM 000005
?___flneg                                      cstackCOMRAM 000005
?___flsub                                      cstackCOMRAM 00001E
?___fltol                                      cstackCOMRAM 000005
?___fpclassifyf                                cstackCOMRAM 000005
?___wmul                                       cstackCOMRAM 000005
?___xxtofl                                     cstackCOMRAM 000005
?_atoi                                         cstackCOMRAM 00000C
?_efgtoa                                       cstackCOMRAM 000032
?_floorf                                       cstackCOMRAM 00001E
?_isdigit                                      cstackCOMRAM 000005
?_isspace                                      cstackCOMRAM 000005
?_isupper                                      cstackCOMRAM 000005
?_pad                                          cstackCOMRAM 000017
?_printf                                       cstackBANK0  0000F3
?_strlen                                       cstackCOMRAM 000005
?_strncmp                                      cstackCOMRAM 000005
?_tolower                                      cstackCOMRAM 00000B
?_vfpfcnvrt                                    cstackCOMRAM 00003E
?_vfprintf                                     cstackBANK0  0000ED
EUSART_SetErrorHandler@interruptHandler        cstackCOMRAM 000005
EUSART_SetFramingErrorHandler@interruptHandler cstackCOMRAM 000005
EUSART_SetOverrunErrorHandler@interruptHandler cstackCOMRAM 000005
EUSART_SetRxInterruptHandler@interruptHandler  cstackCOMRAM 000005
EUSART_SetTxInterruptHandler@interruptHandler  cstackCOMRAM 000005
EUSART_Write@txData                            cstackCOMRAM 000005
I2C_CallbackReturnReset@funPtr                 cstackCOMRAM 00000E
I2C_Close@returnValue                          cstackCOMRAM 000005
I2C_MasterOperation@read                       cstackCOMRAM 000014
I2C_MasterOperation@returnValue                cstackCOMRAM 000015
I2C_MasterSendTxData@data                      cstackCOMRAM 000005
I2C_Open@address                               cstackCOMRAM 000005
I2C_Open@returnValue                           cstackCOMRAM 000006
I2C_Read1ByteRegister@address                  cstackCOMRAM 000017
I2C_Read1ByteRegister@reg                      cstackCOMRAM 000016
I2C_Read1ByteRegister@returnValue              cstackCOMRAM 000018
I2C_Read2ByteRegister@address                  cstackCOMRAM 00001B
I2C_Read2ByteRegister@reg                      cstackCOMRAM 000016
I2C_Read2ByteRegister@returnValue              cstackCOMRAM 00001C
I2C_ReadNBytes@address                         cstackCOMRAM 00001A
I2C_ReadNBytes@data                            cstackCOMRAM 000016
I2C_ReadNBytes@len                             cstackCOMRAM 000018
I2C_SetAddressNackCallback@cb                  cstackCOMRAM 00000A
I2C_SetAddressNackCallback@ptr                 cstackCOMRAM 00000C
I2C_SetBuffer@buffer                           cstackCOMRAM 000005
I2C_SetBuffer@bufferSize                       cstackCOMRAM 000007
I2C_SetCallback@cb                             cstackCOMRAM 000005
I2C_SetCallback@idx                            cstackCOMRAM 000009
I2C_SetCallback@ptr                            cstackCOMRAM 000007
I2C_SetDataCompleteCallback@cb                 cstackCOMRAM 00000A
I2C_SetDataCompleteCallback@ptr                cstackCOMRAM 00000C
I2C_Write1ByteRegister@address                 cstackCOMRAM 000018
I2C_Write1ByteRegister@data                    cstackCOMRAM 000017
I2C_Write1ByteRegister@reg                     cstackCOMRAM 000016
I2C_WriteNBytes@address                        cstackCOMRAM 00001A
I2C_WriteNBytes@data                           cstackCOMRAM 000016
I2C_WriteNBytes@len                            cstackCOMRAM 000018
VL53L0X_Init@data16                            cstackCOMRAM 00001F
VL53L0X_Init@data8                             cstackCOMRAM 000021
VL53L0X_Millimeter_GetValue@DistDistanzAnz     cstackCOMRAM 000024
VL53L0X_Millimeter_GetValue@addr               cstackCOMRAM 00002B
VL53L0X_Millimeter_GetValue@data16             cstackCOMRAM 000028
VL53L0X_Millimeter_GetValue@data8              cstackCOMRAM 00002A
VL53L0X_SetAdd@new                             cstackCOMRAM 000019
_ANSEL                                         (abs)        000F7E
_ANSELH                                        (abs)        000F7F
_BAUDCON                                       (abs)        000FB8
_EUSART_DefaultErrorHandler                    text105      00697C
_EUSART_DefaultFramingErrorHandler             text104      0069B2
_EUSART_DefaultOverrunErrorHandler             text103      006976
_EUSART_ErrorHandler                           nvBANK1      000170
_EUSART_FramingErrorHandler                    nvBANK1      000174
_EUSART_Initialize                             text94       005F20
_EUSART_OverrunErrorHandler                    nvBANK1      000172
_EUSART_Receive_ISR                            text102      0059C0
_EUSART_RxDataHandler                          text106      00674C
_EUSART_RxDefaultInterruptHandler              nvBANK1      000176
_EUSART_SetErrorHandler                        text99       006910
_EUSART_SetFramingErrorHandler                 text98       006906
_EUSART_SetOverrunErrorHandler                 text97       0068FC
_EUSART_SetRxInterruptHandler                  text96       0068F2
_EUSART_SetTxInterruptHandler                  text95       0068E8
_EUSART_Transmit_ISR                           text101      006488
_EUSART_TxDefaultInterruptHandler              nvBANK0      0000FD
_EUSART_Write                                  text14       0062CA
_I2C_CallbackReturnReset                       text72       00698E
_I2C_CallbackReturnStop                        text73       006992
_I2C_Close                                     text85       0066F6
_I2C_DO_ADDRESS_NACK                           text49       0060E8
_I2C_DO_IDLE                                   text63       0068C8
_I2C_DO_RCEN                                   text58       0068BC
_I2C_DO_RESET                                  text50       0068B0
_I2C_DO_RX                                     text59       005BDA
_I2C_DO_RX_ACK                                 text53       00693A
_I2C_DO_RX_NACK_RESTART                        text51       00692A
_I2C_DO_RX_NACK_STOP                           text52       006932
_I2C_DO_SEND_ADR_READ                          text62       0068A0
_I2C_DO_SEND_ADR_WRITE                         text61       006890
_I2C_DO_SEND_RESTART                           text55       00694A
_I2C_DO_SEND_RESTART_READ                      text57       00695A
_I2C_DO_SEND_RESTART_WRITE                     text56       006952
_I2C_DO_SEND_STOP                              text54       006942
_I2C_DO_TX                                     text60       0058FC
_I2C_DO_TX_EMPTY                               text64       005E2A
_I2C_Initialize                                text93       00685A
_I2C_MasterClearIrq                            text88       0069AA
_I2C_MasterClose                               text87       0069A6
_I2C_MasterDisableIrq                          text86       0069A2
_I2C_MasterEnableRestart                       text83       00699A
_I2C_MasterFsm                                 text48       00600A
_I2C_MasterGetRxData                           text69       006986
_I2C_MasterIsNack                              text66       006846
_I2C_MasterOpen                                text43       0067C0
_I2C_MasterOperation                           text45       006444
_I2C_MasterRead                                text38       00691A
_I2C_MasterSendAck                             text68       00696A
_I2C_MasterSendNack                            text70       006970
_I2C_MasterSendTxData                          text67       006962
_I2C_MasterSetIrq                              text65       006982
_I2C_MasterStart                               text84       00699E
_I2C_MasterStartRx                             text71       00698A
_I2C_MasterStop                                text82       006996
_I2C_MasterWaitForEvent                        text47       006880
_I2C_MasterWrite                               text44       006922
_I2C_Open                                      text42       005D16
_I2C_Poller                                    text46       0067E2
_I2C_Read1ByteRegister                         text40       005F96
_I2C_Read2ByteRegister                         text39       005DA4
_I2C_ReadNBytes                                text37       0063BA
_I2C_SetAddressNackCallback                    text41       006800
_I2C_SetBuffer                                 text81       00679C
_I2C_SetCallback                               text80       005EA6
_I2C_SetDataCompleteCallback                   text79       006818
_I2C_Status                                    bssBANK0     000060
_I2C_Write1ByteRegister                        text36       00607A
_I2C_WriteNBytes                               text35       006270
_INTCON2bits                                   (abs)        000FF1
_INTCONbits                                    (abs)        000FF2
_INTERRUPT_Initialize                          text92       0069AE
_INTERRUPT_InterruptManager                    intcode      000008
_LATA                                          (abs)        000F89
_LATB                                          (abs)        000F8A
_LATC                                          (abs)        000F8B
_LATD                                          (abs)        000F8C
_LATDbits                                      (abs)        000F8C
_LATE                                          (abs)        000F8D
_OSCCON                                        (abs)        000FD3
_OSCILLATOR_Initialize                         text91       0068DE
_OSCTUNE                                       (abs)        000F9B
_PIE1bits                                      (abs)        000F9D
_PIN_MANAGER_Initialize                        text90       0065E8
_PIR1bits                                      (abs)        000F9E
_PIR2bits                                      (abs)        000FA1
_RCONbits                                      (abs)        000FD0
_RCREG                                         (abs)        000FAE
_RCSTA                                         (abs)        000FAB
_RCSTAbits                                     (abs)        000FAB
_SPBRG                                         (abs)        000FAF
_SPBRGH                                        (abs)        000FB0
_SSPADD                                        (abs)        000FC8
_SSPBUF                                        (abs)        000FC9
_SSPCON1                                       (abs)        000FC6
_SSPCON1bits                                   (abs)        000FC6
_SSPCON2                                       (abs)        000FC5
_SSPCON2bits                                   (abs)        000FC5
_SSPSTAT                                       (abs)        000FC7
_SSPSTATbits                                   (abs)        000FC7
_SYSTEM_Initialize                             text89       006830
_TRISA                                         (abs)        000F92
_TRISB                                         (abs)        000F93
_TRISC                                         (abs)        000F94
_TRISD                                         (abs)        000F95
_TRISE                                         (abs)        000F96
_TXREG                                         (abs)        000FAD
_TXSTA                                         (abs)        000FAC
_TXSTAbits                                     (abs)        000FAC
_VL53L0X_Init                                  text34       00106E
_VL53L0X_Millimeter_GetValue                   text32       004A24
_VL53L0X_SetAdd                                text31       00686E
_WPUB                                          (abs)        000F7C
__HRAM                                         (abs)        000000
__Habs1                                        abs1         000000
__Hbank0                                       bank0        000000
__Hbank1                                       bank1        000000
__Hbank10                                      bank10       000000
__Hbank11                                      bank11       000000
__Hbank12                                      bank12       000000
__Hbank13                                      bank13       000000
__Hbank14                                      bank14       000000
__Hbank15                                      bank15       000000
__Hbank2                                       bank2        000000
__Hbank3                                       bank3        000000
__Hbank4                                       bank4        000000
__Hbank5                                       bank5        000000
__Hbank6                                       bank6        000000
__Hbank7                                       bank7        000000
__Hbank8                                       bank8        000000
__Hbank9                                       bank9        000000
__Hbigbss                                      bigbss       000000
__Hbigdata                                     bigdata      000000
__Hbigram                                      bigram       000000
__Hbss                                         bss          000000
__HbssBANK0                                    bssBANK0     000000
__HbssBANK1                                    bssBANK1     000000
__HbssCOMRAM                                   bssCOMRAM    000000
__Hcinit                                       cinit        000000
__Hclrtext                                     clrtext      000000
__Hcomram                                      comram       000000
__Hconfig                                      config       30000E
__Hconst                                       const        000000
__HcstackBANK0                                 cstackBANK0  000000
__HcstackBANK1                                 cstackBANK1  000000
__HcstackCOMRAM                                cstackCOMRAM 000000
__Hdata                                        data         000000
__Heeprom_data                                 eeprom_data  000000
__Hfarbss                                      farbss       000000
__Hfardata                                     fardata      000000
__Hibigdata                                    ibigdata     000000
__Hidata                                       idata        000000
__Hidloc                                       idloc        200008
__Hifardata                                    ifardata     000000
__Hinit                                        init         0000B4
__Hintcode                                     intcode      0000B0
__Hintcode_body                                intcode_body 000000
__Hintcodelo                                   intcodelo    0000B0
__Hintentry                                    intentry     000000
__Hintret                                      intret       000000
__Hintsave_regs                                intsave_regs 000000
__Hirdata                                      irdata       000000
__Hmediumconst                                 mediumconst  000000
__HnvBANK0                                     nvBANK0      000000
__HnvBANK1                                     nvBANK1      000000
__HnvFARRAM                                    nvFARRAM     000000
__Hnvbit                                       nvbit        000000
__Hnvrram                                      nvrram       000000
__Hparam                                       rparam       000000
__Hpowerup                                     powerup      0000B0
__Hram                                         ram          000000
__Hramtop                                      ramtop       001000
__Hrbit                                        rbit         000000
__Hrbss                                        rbss         000000
__Hrdata                                       rdata        000000
__Hreset_vec                                   reset_vec    000004
__Hrparam                                      rparam       000000
__Hsfr                                         sfr          000000
__Hsmallconst                                  smallconst   00106E
__Hspace_0                                     (abs)        0069B4
__Hspace_1                                     (abs)        00017C
__Hspace_2                                     (abs)        000000
__Hspace_4                                     (abs)        60000E
__Hstack                                       stack        000000
__Hstruct                                      struct       000000
__Htemp                                        temp         00005C
__Htext                                        text         000000
__Htext0                                       text0        000000
__Htext1                                       text1        000000
__Htext10                                      text10       000000
__Htext101                                     text101      000000
__Htext102                                     text102      000000
__Htext103                                     text103      000000
__Htext104                                     text104      000000
__Htext105                                     text105      000000
__Htext106                                     text106      000000
__Htext107                                     text107      000000
__Htext11                                      text11       000000
__Htext12                                      text12       000000
__Htext13                                      text13       000000
__Htext14                                      text14       000000
__Htext15                                      text15       000000
__Htext16                                      text16       000000
__Htext17                                      text17       000000
__Htext18                                      text18       000000
__Htext19                                      text19       000000
__Htext2                                       text2        000000
__Htext20                                      text20       000000
__Htext21                                      text21       000000
__Htext22                                      text22       000000
__Htext23                                      text23       000000
__Htext24                                      text24       000000
__Htext25                                      text25       000000
__Htext26                                      text26       000000
__Htext27                                      text27       000000
__Htext28                                      text28       000000
__Htext29                                      text29       000000
__Htext3                                       text3        000000
__Htext30                                      text30       000000
__Htext31                                      text31       000000
__Htext32                                      text32       000000
__Htext33                                      text33       000000
__Htext34                                      text34       000000
__Htext35                                      text35       000000
__Htext36                                      text36       000000
__Htext37                                      text37       000000
__Htext38                                      text38       000000
__Htext39                                      text39       000000
__Htext4                                       text4        000000
__Htext40                                      text40       000000
__Htext41                                      text41       000000
__Htext42                                      text42       000000
__Htext43                                      text43       000000
__Htext44                                      text44       000000
__Htext45                                      text45       000000
__Htext46                                      text46       000000
__Htext47                                      text47       000000
__Htext48                                      text48       000000
__Htext49                                      text49       000000
__Htext5                                       text5        000000
__Htext50                                      text50       000000
__Htext51                                      text51       000000
__Htext52                                      text52       000000
__Htext53                                      text53       000000
__Htext54                                      text54       000000
__Htext55                                      text55       000000
__Htext56                                      text56       000000
__Htext57                                      text57       000000
__Htext58                                      text58       000000
__Htext59                                      text59       000000
__Htext6                                       text6        000000
__Htext60                                      text60       000000
__Htext61                                      text61       000000
__Htext62                                      text62       000000
__Htext63                                      text63       000000
__Htext64                                      text64       000000
__Htext65                                      text65       000000
__Htext66                                      text66       000000
__Htext67                                      text67       000000
__Htext68                                      text68       000000
__Htext69                                      text69       000000
__Htext7                                       text7        000000
__Htext70                                      text70       000000
__Htext71                                      text71       000000
__Htext72                                      text72       000000
__Htext73                                      text73       000000
__Htext74                                      text74       000000
__Htext75                                      text75       000000
__Htext76                                      text76       000000
__Htext77                                      text77       000000
__Htext78                                      text78       000000
__Htext79                                      text79       000000
__Htext8                                       text8        000000
__Htext80                                      text80       000000
__Htext81                                      text81       000000
__Htext82                                      text82       000000
__Htext83                                      text83       000000
__Htext84                                      text84       000000
__Htext85                                      text85       000000
__Htext86                                      text86       000000
__Htext87                                      text87       000000
__Htext88                                      text88       000000
__Htext89                                      text89       000000
__Htext9                                       text9        000000
__Htext90                                      text90       000000
__Htext91                                      text91       000000
__Htext92                                      text92       000000
__Htext93                                      text93       000000
__Htext94                                      text94       000000
__Htext95                                      text95       000000
__Htext96                                      text96       000000
__Htext97                                      text97       000000
__Htext98                                      text98       000000
__Htext99                                      text99       000000
__LRAM                                         (abs)        000001
__Labs1                                        abs1         000000
__Lbank0                                       bank0        000000
__Lbank1                                       bank1        000000
__Lbank10                                      bank10       000000
__Lbank11                                      bank11       000000
__Lbank12                                      bank12       000000
__Lbank13                                      bank13       000000
__Lbank14                                      bank14       000000
__Lbank15                                      bank15       000000
__Lbank2                                       bank2        000000
__Lbank3                                       bank3        000000
__Lbank4                                       bank4        000000
__Lbank5                                       bank5        000000
__Lbank6                                       bank6        000000
__Lbank7                                       bank7        000000
__Lbank8                                       bank8        000000
__Lbank9                                       bank9        000000
__Lbigbss                                      bigbss       000000
__Lbigdata                                     bigdata      000000
__Lbigram                                      bigram       000000
__Lbss                                         bss          000000
__LbssBANK0                                    bssBANK0     000000
__LbssBANK1                                    bssBANK1     000000
__LbssCOMRAM                                   bssCOMRAM    000000
__Lcinit                                       cinit        000000
__Lclrtext                                     clrtext      000000
__Lcomram                                      comram       000000
__Lconfig                                      config       000000
__Lconst                                       const        000000
__LcstackBANK0                                 cstackBANK0  000000
__LcstackBANK1                                 cstackBANK1  000000
__LcstackCOMRAM                                cstackCOMRAM 000000
__Ldata                                        data         000000
__Leeprom_data                                 eeprom_data  000000
__Lfarbss                                      farbss       000000
__Lfardata                                     fardata      000000
__Libigdata                                    ibigdata     000000
__Lidata                                       idata        000000
__Lidloc                                       idloc        000000
__Lifardata                                    ifardata     000000
__Linit                                        init         0000B0
__Lintcode                                     intcode      000008
__Lintcode_body                                intcode_body 000000
__Lintcodelo                                   intcodelo    0000B0
__Lintentry                                    intentry     000000
__Lintret                                      intret       000000
__Lintsave_regs                                intsave_regs 000000
__Lirdata                                      irdata       000000
__Lmediumconst                                 mediumconst  000000
__LnvBANK0                                     nvBANK0      000000
__LnvBANK1                                     nvBANK1      000000
__LnvFARRAM                                    nvFARRAM     000000
__Lnvbit                                       nvbit        000000
__Lnvrram                                      nvrram       000000
__Lparam                                       rparam       000000
__Lpowerup                                     powerup      0000B0
__Lram                                         ram          000000
__Lramtop                                      ramtop       001000
__Lrbit                                        rbit         000000
__Lrbss                                        rbss         000000
__Lrdata                                       rdata        000000
__Lreset_vec                                   reset_vec    000000
__Lrparam                                      rparam       000000
__Lsfr                                         sfr          000000
__Lsmallconst                                  smallconst   001000
__Lspace_0                                     (abs)        000000
__Lspace_1                                     (abs)        000000
__Lspace_2                                     (abs)        000000
__Lspace_4                                     (abs)        000000
__Lstack                                       stack        000000
__Lstruct                                      struct       000000
__Ltemp                                        temp         00005B
__Ltext                                        text         000000
__Ltext0                                       text0        000000
__Ltext1                                       text1        000000
__Ltext10                                      text10       000000
__Ltext101                                     text101      000000
__Ltext102                                     text102      000000
__Ltext103                                     text103      000000
__Ltext104                                     text104      000000
__Ltext105                                     text105      000000
__Ltext106                                     text106      000000
__Ltext107                                     text107      000000
__Ltext11                                      text11       000000
__Ltext12                                      text12       000000
__Ltext13                                      text13       000000
__Ltext14                                      text14       000000
__Ltext15                                      text15       000000
__Ltext16                                      text16       000000
__Ltext17                                      text17       000000
__Ltext18                                      text18       000000
__Ltext19                                      text19       000000
__Ltext2                                       text2        000000
__Ltext20                                      text20       000000
__Ltext21                                      text21       000000
__Ltext22                                      text22       000000
__Ltext23                                      text23       000000
__Ltext24                                      text24       000000
__Ltext25                                      text25       000000
__Ltext26                                      text26       000000
__Ltext27                                      text27       000000
__Ltext28                                      text28       000000
__Ltext29                                      text29       000000
__Ltext3                                       text3        000000
__Ltext30                                      text30       000000
__Ltext31                                      text31       000000
__Ltext32                                      text32       000000
__Ltext33                                      text33       000000
__Ltext34                                      text34       000000
__Ltext35                                      text35       000000
__Ltext36                                      text36       000000
__Ltext37                                      text37       000000
__Ltext38                                      text38       000000
__Ltext39                                      text39       000000
__Ltext4                                       text4        000000
__Ltext40                                      text40       000000
__Ltext41                                      text41       000000
__Ltext42                                      text42       000000
__Ltext43                                      text43       000000
__Ltext44                                      text44       000000
__Ltext45                                      text45       000000
__Ltext46                                      text46       000000
__Ltext47                                      text47       000000
__Ltext48                                      text48       000000
__Ltext49                                      text49       000000
__Ltext5                                       text5        000000
__Ltext50                                      text50       000000
__Ltext51                                      text51       000000
__Ltext52                                      text52       000000
__Ltext53                                      text53       000000
__Ltext54                                      text54       000000
__Ltext55                                      text55       000000
__Ltext56                                      text56       000000
__Ltext57                                      text57       000000
__Ltext58                                      text58       000000
__Ltext59                                      text59       000000
__Ltext6                                       text6        000000
__Ltext60                                      text60       000000
__Ltext61                                      text61       000000
__Ltext62                                      text62       000000
__Ltext63                                      text63       000000
__Ltext64                                      text64       000000
__Ltext65                                      text65       000000
__Ltext66                                      text66       000000
__Ltext67                                      text67       000000
__Ltext68                                      text68       000000
__Ltext69                                      text69       000000
__Ltext7                                       text7        000000
__Ltext70                                      text70       000000
__Ltext71                                      text71       000000
__Ltext72                                      text72       000000
__Ltext73                                      text73       000000
__Ltext74                                      text74       000000
__Ltext75                                      text75       000000
__Ltext76                                      text76       000000
__Ltext77                                      text77       000000
__Ltext78                                      text78       000000
__Ltext79                                      text79       000000
__Ltext8                                       text8        000000
__Ltext80                                      text80       000000
__Ltext81                                      text81       000000
__Ltext82                                      text82       000000
__Ltext83                                      text83       000000
__Ltext84                                      text84       000000
__Ltext85                                      text85       000000
__Ltext86                                      text86       000000
__Ltext87                                      text87       000000
__Ltext88                                      text88       000000
__Ltext89                                      text89       000000
__Ltext9                                       text9        000000
__Ltext90                                      text90       000000
__Ltext91                                      text91       000000
__Ltext92                                      text92       000000
__Ltext93                                      text93       000000
__Ltext94                                      text94       000000
__Ltext95                                      text95       000000
__Ltext96                                      text96       000000
__Ltext97                                      text97       000000
__Ltext98                                      text98       000000
__Ltext99                                      text99       000000
__S0                                           (abs)        0069B4
__S1                                           (abs)        00017C
__S2                                           (abs)        000000
__S4                                           (abs)        000000
__S5                                           (abs)        000000
___awdiv                                       text26       005838
___awdiv@counter                               cstackCOMRAM 000009
___awdiv@dividend                              cstackCOMRAM 000005
___awdiv@divisor                               cstackCOMRAM 000007
___awdiv@quotient                              cstackCOMRAM 00000B
___awdiv@sign                                  cstackCOMRAM 00000A
___awmod                                       text25       005A80
___awmod@counter                               cstackCOMRAM 000009
___awmod@dividend                              cstackCOMRAM 000005
___awmod@divisor                               cstackCOMRAM 000007
___awmod@sign                                  cstackCOMRAM 00000A
___fladd                                       text19       003900
___fladd@a                                     cstackCOMRAM 000009
___fladd@aexp                                  cstackCOMRAM 000012
___fladd@b                                     cstackCOMRAM 000005
___fladd@bexp                                  cstackCOMRAM 000013
___fladd@grs                                   cstackCOMRAM 000014
___fladd@signs                                 cstackCOMRAM 000011
___fldiv                                       text24       00468A
___fldiv@a                                     cstackCOMRAM 000009
___fldiv@aexp                                  cstackCOMRAM 00001D
___fldiv@b                                     cstackCOMRAM 000005
___fldiv@bexp                                  cstackCOMRAM 00001C
___fldiv@grs                                   cstackCOMRAM 000018
___fldiv@new_exp                               cstackCOMRAM 000016
___fldiv@rem                                   cstackCOMRAM 000011
___fldiv@sign                                  cstackCOMRAM 000015
___fleq                                        text23       005B30
___fleq@ff1                                    cstackCOMRAM 000005
___fleq@ff2                                    cstackCOMRAM 000009
___flge                                        text22       005494
___flge@ff1                                    cstackCOMRAM 00001E
___flge@ff2                                    cstackCOMRAM 000022
___flmul                                       text21       004260
___flmul@a                                     cstackCOMRAM 000009
___flmul@aexp                                  cstackCOMRAM 000012
___flmul@b                                     cstackCOMRAM 000005
___flmul@bexp                                  cstackCOMRAM 000017
___flmul@grs                                   cstackCOMRAM 000013
___flmul@prod                                  cstackCOMRAM 000018
___flmul@sign                                  cstackCOMRAM 000011
___flmul@temp                                  cstackCOMRAM 00001C
___flneg                                       text20       006542
___flneg@f1                                    cstackCOMRAM 000005
___flsub                                       text18       006374
___flsub@a                                     cstackCOMRAM 000022
___flsub@b                                     cstackCOMRAM 00001E
___fltol                                       text17       00538E
___fltol@exp1                                  cstackCOMRAM 00000E
___fltol@f1                                    cstackCOMRAM 000005
___fltol@sign1                                 cstackCOMRAM 00000D
___fpclassifyf                                 text16       005598
___fpclassifyf@F465                            bssBANK0     000090
___fpclassifyf@e                               cstackCOMRAM 00000D
___fpclassifyf@u                               cstackCOMRAM 00000F
___fpclassifyf@x                               cstackCOMRAM 000005
___inthi_sp                                    stack        000000
___intlo_sp                                    stack        000000
___param_bank                                  (abs)        000000
___rparam_used                                 (abs)        000001
___sp                                          stack        000000
___wmul                                        text30       006776
___wmul@multiplicand                           cstackCOMRAM 000007
___wmul@multiplier                             cstackCOMRAM 000005
___wmul@product                                cstackCOMRAM 000009
___xxtofl                                      text33       004ECA
___xxtofl@arg                                  cstackCOMRAM 00000F
___xxtofl@exp                                  cstackCOMRAM 00000E
___xxtofl@sign                                 cstackCOMRAM 00000D
___xxtofl@val                                  cstackCOMRAM 000005
__accesstop                                    (abs)        000060
__activetblptr                                 (abs)        000003
__end_of_EUSART_DefaultErrorHandler            text105      006982
__end_of_EUSART_DefaultFramingErrorHandler     text104      0069B4
__end_of_EUSART_DefaultOverrunErrorHandler     text103      00697C
__end_of_EUSART_Initialize                     text94       005F96
__end_of_EUSART_Receive_ISR                    text102      005A80
__end_of_EUSART_RxDataHandler                  text106      006776
__end_of_EUSART_SetErrorHandler                text99       00691A
__end_of_EUSART_SetFramingErrorHandler         text98       006910
__end_of_EUSART_SetOverrunErrorHandler         text97       006906
__end_of_EUSART_SetRxInterruptHandler          text96       0068FC
__end_of_EUSART_SetTxInterruptHandler          text95       0068F2
__end_of_EUSART_Transmit_ISR                   text101      0064CA
__end_of_EUSART_Write                          text14       006322
__end_of_I2C_CallbackReturnReset               text72       006992
__end_of_I2C_CallbackReturnStop                text73       006996
__end_of_I2C_Close                             text85       006722
__end_of_I2C_DO_ADDRESS_NACK                   text49       00614E
__end_of_I2C_DO_IDLE                           text63       0068D4
__end_of_I2C_DO_RCEN                           text58       0068C8
__end_of_I2C_DO_RESET                          text50       0068BC
__end_of_I2C_DO_RX                             text59       005C80
__end_of_I2C_DO_RX_ACK                         text53       006942
__end_of_I2C_DO_RX_NACK_RESTART                text51       006932
__end_of_I2C_DO_RX_NACK_STOP                   text52       00693A
__end_of_I2C_DO_SEND_ADR_READ                  text62       0068B0
__end_of_I2C_DO_SEND_ADR_WRITE                 text61       0068A0
__end_of_I2C_DO_SEND_RESTART                   text55       006952
__end_of_I2C_DO_SEND_RESTART_READ              text57       006962
__end_of_I2C_DO_SEND_RESTART_WRITE             text56       00695A
__end_of_I2C_DO_SEND_STOP                      text54       00694A
__end_of_I2C_DO_TX                             text60       0059C0
__end_of_I2C_DO_TX_EMPTY                       text64       005EA6
__end_of_I2C_Initialize                        text93       00686E
__end_of_I2C_MasterClearIrq                    text88       0069AE
__end_of_I2C_MasterClose                       text87       0069AA
__end_of_I2C_MasterDisableIrq                  text86       0069A6
__end_of_I2C_MasterEnableRestart               text83       00699E
__end_of_I2C_MasterFsm                         text48       00607A
__end_of_I2C_MasterGetRxData                   text69       00698A
__end_of_I2C_MasterIsNack                      text66       00685A
__end_of_I2C_MasterOpen                        text43       0067E2
__end_of_I2C_MasterOperation                   text45       006488
__end_of_I2C_MasterRead                        text38       006922
__end_of_I2C_MasterSendAck                     text68       006970
__end_of_I2C_MasterSendNack                    text70       006976
__end_of_I2C_MasterSendTxData                  text67       00696A
__end_of_I2C_MasterSetIrq                      text65       006986
__end_of_I2C_MasterStart                       text84       0069A2
__end_of_I2C_MasterStartRx                     text71       00698E
__end_of_I2C_MasterStop                        text82       00699A
__end_of_I2C_MasterWaitForEvent                text47       006890
__end_of_I2C_MasterWrite                       text44       00692A
__end_of_I2C_Open                              text42       005DA4
__end_of_I2C_Poller                            text46       006800
__end_of_I2C_Read1ByteRegister                 text40       00600A
__end_of_I2C_Read2ByteRegister                 text39       005E2A
__end_of_I2C_ReadNBytes                        text37       006400
__end_of_I2C_SetAddressNackCallback            text41       006818
__end_of_I2C_SetBuffer                         text81       0067C0
__end_of_I2C_SetCallback                       text80       005F20
__end_of_I2C_SetDataCompleteCallback           text79       006830
__end_of_I2C_Write1ByteRegister                text36       0060E8
__end_of_I2C_WriteNBytes                       text35       0062CA
__end_of_INTERRUPT_Initialize                  text92       0069B2
__end_of_INTERRUPT_InterruptManager            intcode      0000B0
__end_of_OSCILLATOR_Initialize                 text91       0068E8
__end_of_PIN_MANAGER_Initialize                text90       00661A
__end_of_SYSTEM_Initialize                     text89       006846
__end_of_VL53L0X_Init                          text34       002C5A
__end_of_VL53L0X_Millimeter_GetValue           text32       004CB8
__end_of_VL53L0X_SetAdd                        text31       006880
__end_of___awdiv                               text26       0058FC
__end_of___awmod                               text25       005B30
__end_of___fladd                               text19       003DC0
__end_of___fldiv                               text24       004A24
__end_of___fleq                                text23       005BDA
__end_of___flge                                text22       005598
__end_of___flmul                               text21       00468A
__end_of___flneg                               text20       00657A
__end_of___flsub                               text18       0063BA
__end_of___fltol                               text17       005494
__end_of___fpclassifyf                         text16       005696
__end_of___wmul                                text30       00679C
__end_of___xxtofl                              text33       00507E
__end_of__initialization                       cinit        00663C
__end_of_atoi                                  text27       005218
__end_of_efgtoa                                text5        003900
__end_of_floorf                                text15       004ECA
__end_of_fputc                                 text12       005D16
__end_of_fputs                                 text11       006444
__end_of_fsmStateTable                         smallconst   001021
__end_of_isdigit                               text29       0065B2
__end_of_isspace                               text28       006374
__end_of_isupper                               text7        006542
__end_of_main                                  text0        00538E
__end_of_pad                                   text9        005838
__end_of_printf                                text1        00674C
__end_of_putch                                 text13       0068DE
__end_of_rd1RegCompleteHandler                 text77       0066CA
__end_of_rd2RegCompleteHandler                 text76       00669E
__end_of_rdBlkRegCompleteHandler               text74       00650A
__end_of_strcpy                                text8        006270
__end_of_strlen                                text10       0065E8
__end_of_strncmp                               text4        005772
__end_of_tolower                               text6        006212
__end_of_vfpfcnvrt                             text3        004260
__end_of_vfprintf                              text2        0061B2
__end_of_wr1RegCompleteHandler                 text75       006672
__end_of_wr2RegCompleteHandler                 text78       0066F6
__initialization                               cinit        00661A
__mediumconst                                  mediumconst  000000
__pbssBANK0                                    bssBANK0     000060
__pbssBANK1                                    bssBANK1     000100
__pbssCOMRAM                                   bssCOMRAM    000056
__pcinit                                       cinit        00661A
__pcstackBANK0                                 cstackBANK0  0000B5
__pcstackBANK1                                 cstackBANK1  000178
__pcstackCOMRAM                                cstackCOMRAM 000001
__pintcode                                     intcode      000008
__pnvBANK0                                     nvBANK0      0000FD
__pnvBANK1                                     nvBANK1      000170
__psmallconst                                  smallconst   001000
__ptext0                                       text0        005218
__ptext1                                       text1        006722
__ptext10                                      text10       0065B2
__ptext101                                     text101      006488
__ptext102                                     text102      0059C0
__ptext103                                     text103      006976
__ptext104                                     text104      0069B2
__ptext105                                     text105      00697C
__ptext106                                     text106      00674C
__ptext107                                     text107      000000
__ptext11                                      text11       006400
__ptext12                                      text12       005C80
__ptext13                                      text13       0068D4
__ptext14                                      text14       0062CA
__ptext15                                      text15       004CB8
__ptext16                                      text16       005598
__ptext17                                      text17       00538E
__ptext18                                      text18       006374
__ptext19                                      text19       003900
__ptext2                                       text2        00614E
__ptext20                                      text20       006542
__ptext21                                      text21       004260
__ptext22                                      text22       005494
__ptext23                                      text23       005B30
[...]
_efgtoa$2170                                   cstackBANK0  0000BB
_efgtoa$2171                                   cstackBANK0  0000BD
_efgtoa$2172                                   cstackBANK0  0000BF
_eusartRxBuffer                                bssBANK1     000100
_eusartRxCount                                 bssCOMRAM    000056
_eusartRxHead                                  bssCOMRAM    000058
_eusartRxLastError                             bssBANK0     0000A4
_eusartRxStatusBuffer                          bssBANK0     000084
_eusartRxTail                                  bssCOMRAM    000057
_eusartTxBuffer                                bssBANK1     000108
_eusartTxBufferRemaining                       nvBANK0      0000FF
_eusartTxHead                                  bssCOMRAM    00005A
_eusartTxTail                                  bssCOMRAM    000059
_flags                                         bssBANK0     0000A2
_floorf                                        text15       004CB8
_fputc                                         text12       005C80
_fputs                                         text11       006400
_fsmStateTable                                 smallconst   001001
_isdigit                                       text29       00657A
_isspace                                       text28       006322
_isspace$2255                                  cstackCOMRAM 00000B
_isupper                                       text7        00650A
_main                                          text0        005218
_nout                                          bssBANK0     00009C
_pad                                           text9        005772
_prec                                          bssBANK0     0000A0
_printf                                        text1        006722
_putch                                         text13       0068D4
_range_cm                                      bssBANK0     000094
_range_mm                                      bssBANK0     000098
_rd1RegCompleteHandler                         text77       00669E
_rd2RegCompleteHandler                         text76       006672
_rdBlkRegCompleteHandler                       text74       0064CA
_readBuffer                                    bssBANK1     000160
_strcpy                                        text8        006212
_strlen                                        text10       0065B2
_strncmp                                       text4        005696
_tolower                                       text6        0061B2
_tolower$2313                                  cstackCOMRAM 000011
_vfpfcnvrt                                     text3        003DC0
_vfpfcnvrt$2186                                cstackCOMRAM 000048
_vfpfcnvrt$2190                                cstackCOMRAM 00004A
_vfprintf                                      text2        00614E
_width                                         bssBANK0     00009E
_wr1RegCompleteHandler                         text75       006646
_wr2RegCompleteHandler                         text78       0066CA
_writeBuffer                                   bssBANK0     0000A5
atoi@n                                         cstackCOMRAM 000019
atoi@neg                                       cstackCOMRAM 000012
atoi@s                                         cstackCOMRAM 00000C
btemp                                          temp         00005B
efgtoa@c                                       cstackCOMRAM 000038
efgtoa@d                                       cstackBANK0  0000CD
efgtoa@e                                       cstackBANK0  0000E5
efgtoa@f                                       cstackCOMRAM 000034
efgtoa@fp                                      cstackCOMRAM 000032
efgtoa@g                                       cstackBANK0  0000E1
efgtoa@h                                       cstackBANK0  0000D7
efgtoa@i                                       cstackBANK0  0000DF
efgtoa@l                                       cstackBANK0  0000DB
efgtoa@m                                       cstackBANK0  0000C7
efgtoa@mode                                    cstackBANK0  0000D6
efgtoa@n                                       cstackBANK0  0000E7
efgtoa@ne                                      cstackBANK0  0000C5
efgtoa@nmode                                   cstackBANK0  0000D5
efgtoa@ou                                      cstackBANK0  0000C9
efgtoa@p                                       cstackBANK0  0000D1
efgtoa@pp                                      cstackBANK0  0000C3
efgtoa@sign                                    cstackBANK0  0000CF
efgtoa@t                                       cstackBANK0  0000C1
efgtoa@u                                       cstackBANK0  0000E9
efgtoa@w                                       cstackBANK0  0000D3
end_of_initialization                          cinit        00663C
floorf@F527                                    bssBANK0     00008C
floorf@e                                       cstackCOMRAM 00002C
floorf@m                                       cstackCOMRAM 000028
floorf@u                                       cstackCOMRAM 00002E
floorf@x                                       cstackCOMRAM 00001E
fputc@c                                        cstackCOMRAM 000007
fputc@fp                                       cstackCOMRAM 000009
fputs@c                                        cstackCOMRAM 000014
fputs@fp                                       cstackCOMRAM 000012
fputs@i                                        cstackCOMRAM 000015
fputs@s                                        cstackCOMRAM 000010
int$flags                                      temp         00005B
intlevel0                                      text         000000
intlevel1                                      text         000000
intlevel2                                      text         000000
intlevel3                                      text         000000
isa$std                                        (abs)        000001
isa$xinst                                      (abs)        000000
isdigit@c                                      cstackCOMRAM 000005
isspace@c                                      cstackCOMRAM 000005
isupper@c                                      cstackCOMRAM 000005
pad@buf                                        cstackCOMRAM 000019
pad@fp                                         cstackCOMRAM 000017
pad@i                                          cstackCOMRAM 00001E
pad@p                                          cstackCOMRAM 00001B
pad@w                                          cstackCOMRAM 000020
printf@ap                                      cstackBANK1  000178
printf@fmt                                     cstackBANK0  0000F3
putch@txData                                   cstackCOMRAM 000006
rd1RegCompleteHandler@ptr                      cstackCOMRAM 00000E
rd2RegCompleteHandler@ptr                      cstackCOMRAM 00000E
rdBlkRegCompleteHandler@ptr                    cstackCOMRAM 00000E
stackhi                                        (abs)        000F5F
stacklo                                        (abs)        00017C
start                                          init         0000B0
start_initialization                           cinit        00661A
strcpy@d                                       cstackCOMRAM 00000D
strcpy@dest                                    cstackCOMRAM 000005
strcpy@s                                       cstackCOMRAM 00000B
strcpy@src                                     cstackCOMRAM 000007
strlen@a                                       cstackCOMRAM 000007
strlen@s                                       cstackCOMRAM 000005
strncmp@_l                                     cstackCOMRAM 000005
strncmp@_r                                     cstackCOMRAM 000007
strncmp@l                                      cstackCOMRAM 00000C
strncmp@n                                      cstackCOMRAM 000009
strncmp@r                                      cstackCOMRAM 00000E
tolower@c                                      cstackCOMRAM 00000B
ttemp5                                         temp         00005C
ttemp6                                         temp         00005F
ttemp7                                         temp         000063
vfpfcnvrt@ap                                   cstackCOMRAM 000042
vfpfcnvrt@c                                    cstackCOMRAM 000053
vfpfcnvrt@ct                                   cstackCOMRAM 000050
vfpfcnvrt@f                                    cstackCOMRAM 00004C
vfpfcnvrt@fmt                                  cstackCOMRAM 000040
vfpfcnvrt@fp                                   cstackCOMRAM 00003E
vfprintf@ap                                    cstackBANK0  0000F1
vfprintf@cfmt                                  cstackCOMRAM 000054
vfprintf@fmt                                   cstackBANK0  0000EF
vfprintf@fp                                    cstackBANK0  0000ED
wr1RegCompleteHandler@ptr                      cstackCOMRAM 00000E
wr2RegCompleteHandler@ptr                      cstackCOMRAM 00000E
wtemp8                                         temp         00005C


MODULE INFORMATION

Module		Function		Class		Link	Load	Size
C:\Program Files\Microchip\xc8\v2.32\pic\sources\c99\common\awdiv.c
		___awdiv       		CODE           	5838	0000	196

C:\Program Files\Microchip\xc8\v2.32\pic\sources\c99\common\awdiv.c estimated size: 196

C:\Program Files\Microchip\xc8\v2.32\pic\sources\c99\common\isdigit.c
		_isdigit       		CODE           	657A	0000	56

C:\Program Files\Microchip\xc8\v2.32\pic\sources\c99\common\isdigit.c estimated size: 56

C:\Program Files\Microchip\xc8\v2.32\pic\sources\c99\common\sprcadd.c
		___flsub       		CODE           	6374	0000	70
		___fladd       		CODE           	3900	0000	1216

C:\Program Files\Microchip\xc8\v2.32\pic\sources\c99\common\sprcadd.c estimated size: 1286

C:\Program Files\Microchip\xc8\v2.32\pic\sources\c99\common\doprnt.c
		_vfpfcnvrt     		CODE           	3DC0	0000	1184
		_efgtoa        		CODE           	2C5A	0000	3238
		_pad           		CODE           	5772	0000	198
		_vfprintf      		CODE           	614E	0000	100

C:\Program Files\Microchip\xc8\v2.32\pic\sources\c99\common\doprnt.c estimated size: 4720

C:\Program Files\Microchip\xc8\v2.32\pic\sources\c99\common\flneg.c
		___flneg       		CODE           	6542	0000	56

C:\Program Files\Microchip\xc8\v2.32\pic\sources\c99\common\flneg.c estimated size: 56

mcc_generated_files/interrupt_manager.c
		_INTERRUPT_Initialize		CODE           	69AE	0000	4
		_INTERRUPT_InterruptManager		CODE           	0008	0000	168

mcc_generated_files/interrupt_manager.c estimated size: 172

mcc_generated_files/examples/i2c_master_example.c
		_wr1RegCompleteHandler		CODE           	6646	0000	44
		_wr2RegCompleteHandler		CODE           	66CA	0000	44
		_I2C_Write1ByteRegister		CODE           	607A	0000	110
		_I2C_Read1ByteRegister		CODE           	5F96	0000	116
		_I2C_Read2ByteRegister		CODE           	5DA4	0000	134
		_rdBlkRegCompleteHandler		CODE           	64CA	0000	64
		_rd1RegCompleteHandler		CODE           	669E	0000	44
		_rd2RegCompleteHandler		CODE           	6672	0000	44
		_I2C_ReadNBytes		CODE           	63BA	0000	70
		_I2C_WriteNBytes		CODE           	6270	0000	90

mcc_generated_files/examples/i2c_master_example.c estimated size: 760

mcc_generated_files/pin_manager.c
		_PIN_MANAGER_Initialize		CODE           	65E8	0000	50

mcc_generated_files/pin_manager.c estimated size: 50

vl53l0x.c
		_VL53L0X_Init  		CODE           	106E	0000	7148
		_VL53L0X_SetAdd		CODE           	686E	0000	18
		_VL53L0X_Millimeter_GetValue		CODE           	4A24	0000	660

vl53l0x.c estimated size: 7826

C:\Program Files\Microchip\xc8\v2.32\pic\sources\c99\common\atoi.c
		_atoi          		CODE           	507E	0000	410

C:\Program Files\Microchip\xc8\v2.32\pic\sources\c99\common\atoi.c estimated size: 410

C:\Program Files\Microchip\xc8\v2.32\pic\sources\c99\common\nf_fputs.c
		_fputs         		CODE           	6400	0000	68

C:\Program Files\Microchip\xc8\v2.32\pic\sources\c99\common\nf_fputs.c estimated size: 68

C:\Program Files\Microchip\xc8\v2.32\pic\sources\c99\common\fleq.c
		___fleq        		CODE           	5B30	0000	170

C:\Program Files\Microchip\xc8\v2.32\pic\sources\c99\common\fleq.c estimated size: 170

C:\Program Files\Microchip\xc8\v2.32\pic\sources\c99\common\__fpclassifyf.c
		___fpclassifyf 		CODE           	5598	0000	254

C:\Program Files\Microchip\xc8\v2.32\pic\sources\c99\common\__fpclassifyf.c estimated size: 254

C:\Program Files\Microchip\xc8\v2.32\pic\sources\c99\common\isupper.c
		_isupper       		CODE           	650A	0000	56

C:\Program Files\Microchip\xc8\v2.32\pic\sources\c99\common\isupper.c estimated size: 56

C:\Program Files\Microchip\xc8\v2.32\pic\sources\c99\common\Umul16.c
		___wmul        		CODE           	6776	0000	38

C:\Program Files\Microchip\xc8\v2.32\pic\sources\c99\common\Umul16.c estimated size: 38

C:\Program Files\Microchip\xc8\v2.32\pic\sources\c99\common\isspace.c
		_isspace       		CODE           	6322	0000	82

C:\Program Files\Microchip\xc8\v2.32\pic\sources\c99\common\isspace.c estimated size: 82

C:\Program Files\Microchip\xc8\v2.32\pic\sources\c99\common\strncmp.c
		_strncmp       		CODE           	5696	0000	220

C:\Program Files\Microchip\xc8\v2.32\pic\sources\c99\common\strncmp.c estimated size: 220

C:\Program Files\Microchip\xc8\v2.32\pic\sources\c99\common\tolower.c
		_tolower       		CODE           	61B2	0000	96

C:\Program Files\Microchip\xc8\v2.32\pic\sources\c99\common\tolower.c estimated size: 96

shared
		__initialization		CODE           	661A	0000	34
		_fsmStateTable 		SMALLCONST     	1001	0000	32

shared estimated size: 66

C:\Program Files\Microchip\xc8\v2.32\pic\sources\c99\common\sprcmul.c
		___flmul       		CODE           	4260	0000	1066

C:\Program Files\Microchip\xc8\v2.32\pic\sources\c99\common\sprcmul.c estimated size: 1066

C:\Program Files\Microchip\xc8\v2.32\pic\sources\c99\common\awmod.c
		___awmod       		CODE           	5A80	0000	176

C:\Program Files\Microchip\xc8\v2.32\pic\sources\c99\common\awmod.c estimated size: 176

mcc_generated_files/mcc.c
		_OSCILLATOR_Initialize		CODE           	68DE	0000	10
		_SYSTEM_Initialize		CODE           	6830	0000	22

mcc_generated_files/mcc.c estimated size: 32

C:\Program Files\Microchip\xc8\v2.32\pic\sources\c99\common\sprcdiv.c
		___fldiv       		CODE           	468A	0000	922

C:\Program Files\Microchip\xc8\v2.32\pic\sources\c99\common\sprcdiv.c estimated size: 922

C:\Program Files\Microchip\xc8\v2.32\pic\sources\c99\common\fltol.c
		___fltol       		CODE           	538E	0000	262

C:\Program Files\Microchip\xc8\v2.32\pic\sources\c99\common\fltol.c estimated size: 262

mcc_generated_files/i2c_master.c
		_I2C_Close     		CODE           	66F6	0000	44
		_I2C_MasterStartRx		CODE           	698A	0000	4
		_I2C_DO_SEND_ADR_WRITE		CODE           	6890	0000	16
		_I2C_MasterWaitForEvent		CODE           	6880	0000	16
		_I2C_DO_SEND_STOP		CODE           	6942	0000	8
		_I2C_MasterSendNack		CODE           	6970	0000	6
		_I2C_MasterDisableIrq		CODE           	69A2	0000	4
		_I2C_CallbackReturnStop		CODE           	6992	0000	4
		_I2C_MasterOperation		CODE           	6444	0000	68
		_I2C_DO_SEND_ADR_READ		CODE           	68A0	0000	16
		_I2C_DO_RX_NACK_STOP		CODE           	6932	0000	8
		_I2C_DO_SEND_RESTART		CODE           	694A	0000	8
		_I2C_DO_RX     		CODE           	5BDA	0000	166
		_I2C_DO_TX     		CODE           	58FC	0000	196
		_I2C_DO_IDLE   		CODE           	68C8	0000	12
		_I2C_DO_RCEN   		CODE           	68BC	0000	12
		_I2C_Poller    		CODE           	67E2	0000	30
		_I2C_DO_RESET  		CODE           	68B0	0000	12
		_I2C_MasterClose		CODE           	69A6	0000	4
		_I2C_MasterWrite		CODE           	6922	0000	8
		_I2C_DO_RX_ACK 		CODE           	693A	0000	8
		_I2C_MasterStart		CODE           	699E	0000	4
		_I2C_MasterClearIrq		CODE           	69AA	0000	4
		_I2C_MasterGetRxData		CODE           	6986	0000	4
		_I2C_SetCallback		CODE           	5EA6	0000	122
		_I2C_DO_ADDRESS_NACK		CODE           	60E8	0000	102
		_I2C_MasterEnableRestart		CODE           	699A	0000	4
		_I2C_CallbackReturnReset		CODE           	698E	0000	4
		_I2C_Open      		CODE           	5D16	0000	142
		_I2C_SetAddressNackCallback		CODE           	6800	0000	24
		_I2C_DO_TX_EMPTY		CODE           	5E2A	0000	124
		_I2C_DO_SEND_RESTART_WRITE		CODE           	6952	0000	8
		_I2C_MasterIsNack		CODE           	6846	0000	20
		_I2C_SetDataCompleteCallback		CODE           	6818	0000	24
		_I2C_DO_RX_NACK_RESTART		CODE           	692A	0000	8
		_I2C_MasterSendAck		CODE           	696A	0000	6
		_I2C_MasterFsm 		CODE           	600A	0000	112
		_I2C_MasterSetIrq		CODE           	6982	0000	4
		_I2C_DO_SEND_RESTART_READ		CODE           	695A	0000	8
		_I2C_Initialize		CODE           	685A	0000	20
		_I2C_SetBuffer 		CODE           	679C	0000	36
		_I2C_MasterRead		CODE           	691A	0000	8
		_I2C_MasterOpen		CODE           	67C0	0000	34
		_I2C_MasterSendTxData		CODE           	6962	0000	8
		_I2C_MasterStop		CODE           	6996	0000	4

mcc_generated_files/i2c_master.c estimated size: 1484

C:\Program Files\Microchip\xc8\v2.32\pic\sources\c99\common\xxtofl.c
		___xxtofl      		CODE           	4ECA	0000	436

C:\Program Files\Microchip\xc8\v2.32\pic\sources\c99\common\xxtofl.c estimated size: 436

C:\Program Files\Microchip\xc8\v2.32\pic\sources\c99\common\printf.c
		_printf        		CODE           	6722	0000	42

C:\Program Files\Microchip\xc8\v2.32\pic\sources\c99\common\printf.c estimated size: 42

C:\Program Files\Microchip\xc8\v2.32\pic\sources\c99\common\nf_fputc.c
		_fputc         		CODE           	5C80	0000	150

C:\Program Files\Microchip\xc8\v2.32\pic\sources\c99\common\nf_fputc.c estimated size: 150

mcc_generated_files/eusart.c
		_EUSART_SetRxInterruptHandler		CODE           	68F2	0000	10
		_EUSART_SetTxInterruptHandler		CODE           	68E8	0000	10
		_putch         		CODE           	68D4	0000	10
		_EUSART_DefaultOverrunErrorHandler		CODE           	6976	0000	6
		_EUSART_Write  		CODE           	62CA	0000	88
		_EUSART_DefaultErrorHandler		CODE           	697C	0000	6
		_EUSART_Transmit_ISR		CODE           	6488	0000	66
		_EUSART_Initialize		CODE           	5F20	0000	118
		_EUSART_SetFramingErrorHandler		CODE           	6906	0000	10
		_EUSART_SetErrorHandler		CODE           	6910	0000	10
		_EUSART_SetOverrunErrorHandler		CODE           	68FC	0000	10
		_EUSART_Receive_ISR		CODE           	59C0	0000	192
		_EUSART_RxDataHandler		CODE           	674C	0000	42
		_EUSART_DefaultFramingErrorHandler		CODE           	69B2	0000	2

mcc_generated_files/eusart.c estimated size: 580

main.c
		_main          		CODE           	5218	0000	374

main.c estimated size: 374

C:\Program Files\Microchip\xc8\v2.32\pic\sources\c99\common\strlen.c
		_strlen        		CODE           	65B2	0000	54

C:\Program Files\Microchip\xc8\v2.32\pic\sources\c99\common\strlen.c estimated size: 54

C:\Program Files\Microchip\xc8\v2.32\pic\sources\c99\common\flge.c
		___flge        		CODE           	5494	0000	260

C:\Program Files\Microchip\xc8\v2.32\pic\sources\c99\common\flge.c estimated size: 260

C:\Program Files\Microchip\xc8\v2.32\pic\sources\c99\common\floorf.c
		_floorf        		CODE           	4CB8	0000	530

C:\Program Files\Microchip\xc8\v2.32\pic\sources\c99\common\floorf.c estimated size: 530

C:\Program Files\Microchip\xc8\v2.32\pic\sources\c99\common\strcpy.c
		_strcpy        		CODE           	6212	0000	94

C:\Program Files\Microchip\xc8\v2.32\pic\sources\c99\common\strcpy.c estimated size: 94

